[6.741s] Invoking command in '/home/meta/Documents/robotics_workspace_new/mycobot_ros2/mecharm/mecharm': AMENT_PREFIX_PATH=/home/meta/Documents/robotics_workspace_new/install/mycobot_description:${AMENT_PREFIX_PATH} DEBUGINFOD_URLS=https://debuginfod.ubuntu.com PYTHONPATH=/home/meta/Documents/robotics_workspace_new/build/mecharm/prefix_override:/usr/lib/python3/dist-packages/colcon_core/task/python/colcon_distutils_commands:/home/meta/Documents/robotics_workspace_new/install/mecharm/lib/python3.12/site-packages:/home/meta/Documents/robotics_workspace_new/install/mycobot_description/lib/python3.12/site-packages:${PYTHONPATH} /usr/bin/python3 -W ignore:setup.py install is deprecated setup.py egg_info --egg-base ../../../build/mecharm build --build-base /home/meta/Documents/robotics_workspace_new/build/mecharm/build install --record /home/meta/Documents/robotics_workspace_new/build/mecharm/install.log --single-version-externally-managed install_data
[10.270s] running egg_info
[10.273s] creating ../../../build/mecharm/mecharm.egg-info
[10.542s] writing ../../../build/mecharm/mecharm.egg-info/PKG-INFO
[10.548s] writing dependency_links to ../../../build/mecharm/mecharm.egg-info/dependency_links.txt
[10.548s] writing entry points to ../../../build/mecharm/mecharm.egg-info/entry_points.txt
[10.549s] writing requirements to ../../../build/mecharm/mecharm.egg-info/requires.txt
[10.549s] writing top-level names to ../../../build/mecharm/mecharm.egg-info/top_level.txt
[10.549s] writing manifest file '../../../build/mecharm/mecharm.egg-info/SOURCES.txt'
[11.174s] reading manifest file '../../../build/mecharm/mecharm.egg-info/SOURCES.txt'
[11.178s] adding license file 'LICENSE'
[11.184s] writing manifest file '../../../build/mecharm/mecharm.egg-info/SOURCES.txt'
[11.185s] running build
[11.185s] running build_py
[11.186s] creating /home/meta/Documents/robotics_workspace_new/build/mecharm/build
[11.186s] creating /home/meta/Documents/robotics_workspace_new/build/mecharm/build/lib
[11.186s] creating /home/meta/Documents/robotics_workspace_new/build/mecharm/build/lib/mecharm
[11.190s] copying mecharm/slider_control_adaptive_gripper.py -> /home/meta/Documents/robotics_workspace_new/build/mecharm/build/lib/mecharm
[11.192s] copying mecharm/listen_real_of_topic.py -> /home/meta/Documents/robotics_workspace_new/build/mecharm/build/lib/mecharm
[11.192s] copying mecharm/simple_gui.py -> /home/meta/Documents/robotics_workspace_new/build/mecharm/build/lib/mecharm
[11.194s] copying mecharm/teleop_keyboard.py -> /home/meta/Documents/robotics_workspace_new/build/mecharm/build/lib/mecharm
[11.196s] copying mecharm/slider_control.py -> /home/meta/Documents/robotics_workspace_new/build/mecharm/build/lib/mecharm
[11.197s] copying mecharm/follow_display.py -> /home/meta/Documents/robotics_workspace_new/build/mecharm/build/lib/mecharm
[11.198s] copying mecharm/__init__.py -> /home/meta/Documents/robotics_workspace_new/build/mecharm/build/lib/mecharm
[11.198s] copying mecharm/listen_real.py -> /home/meta/Documents/robotics_workspace_new/build/mecharm/build/lib/mecharm
[11.201s] copying mecharm/listen_real_service.py -> /home/meta/Documents/robotics_workspace_new/build/mecharm/build/lib/mecharm
[11.201s] running install
[11.260s] running install_lib
[11.662s] creating /home/meta/Documents/robotics_workspace_new/install/mecharm/lib/python3.12/site-packages/mecharm
[11.662s] copying /home/meta/Documents/robotics_workspace_new/build/mecharm/build/lib/mecharm/slider_control_adaptive_gripper.py -> /home/meta/Documents/robotics_workspace_new/install/mecharm/lib/python3.12/site-packages/mecharm
[11.665s] copying /home/meta/Documents/robotics_workspace_new/build/mecharm/build/lib/mecharm/listen_real_of_topic.py -> /home/meta/Documents/robotics_workspace_new/install/mecharm/lib/python3.12/site-packages/mecharm
[11.666s] copying /home/meta/Documents/robotics_workspace_new/build/mecharm/build/lib/mecharm/simple_gui.py -> /home/meta/Documents/robotics_workspace_new/install/mecharm/lib/python3.12/site-packages/mecharm
[11.667s] copying /home/meta/Documents/robotics_workspace_new/build/mecharm/build/lib/mecharm/teleop_keyboard.py -> /home/meta/Documents/robotics_workspace_new/install/mecharm/lib/python3.12/site-packages/mecharm
[11.669s] copying /home/meta/Documents/robotics_workspace_new/build/mecharm/build/lib/mecharm/slider_control.py -> /home/meta/Documents/robotics_workspace_new/install/mecharm/lib/python3.12/site-packages/mecharm
[11.669s] copying /home/meta/Documents/robotics_workspace_new/build/mecharm/build/lib/mecharm/follow_display.py -> /home/meta/Documents/robotics_workspace_new/install/mecharm/lib/python3.12/site-packages/mecharm
[11.669s] copying /home/meta/Documents/robotics_workspace_new/build/mecharm/build/lib/mecharm/__init__.py -> /home/meta/Documents/robotics_workspace_new/install/mecharm/lib/python3.12/site-packages/mecharm
[11.670s] copying /home/meta/Documents/robotics_workspace_new/build/mecharm/build/lib/mecharm/listen_real.py -> /home/meta/Documents/robotics_workspace_new/install/mecharm/lib/python3.12/site-packages/mecharm
[11.671s] copying /home/meta/Documents/robotics_workspace_new/build/mecharm/build/lib/mecharm/listen_real_service.py -> /home/meta/Documents/robotics_workspace_new/install/mecharm/lib/python3.12/site-packages/mecharm
[11.672s] byte-compiling /home/meta/Documents/robotics_workspace_new/install/mecharm/lib/python3.12/site-packages/mecharm/slider_control_adaptive_gripper.py to slider_control_adaptive_gripper.cpython-312.pyc
[11.679s] byte-compiling /home/meta/Documents/robotics_workspace_new/install/mecharm/lib/python3.12/site-packages/mecharm/listen_real_of_topic.py to listen_real_of_topic.cpython-312.pyc
[11.689s] byte-compiling /home/meta/Documents/robotics_workspace_new/install/mecharm/lib/python3.12/site-packages/mecharm/simple_gui.py to simple_gui.cpython-312.pyc
[11.724s] byte-compiling /home/meta/Documents/robotics_workspace_new/install/mecharm/lib/python3.12/site-packages/mecharm/teleop_keyboard.py to teleop_keyboard.cpython-312.pyc
[11.743s] byte-compiling /home/meta/Documents/robotics_workspace_new/install/mecharm/lib/python3.12/site-packages/mecharm/slider_control.py to slider_control.cpython-312.pyc
[11.746s] byte-compiling /home/meta/Documents/robotics_workspace_new/install/mecharm/lib/python3.12/site-packages/mecharm/follow_display.py to follow_display.cpython-312.pyc
[11.752s] byte-compiling /home/meta/Documents/robotics_workspace_new/install/mecharm/lib/python3.12/site-packages/mecharm/__init__.py to __init__.cpython-312.pyc
[11.754s] byte-compiling /home/meta/Documents/robotics_workspace_new/install/mecharm/lib/python3.12/site-packages/mecharm/listen_real.py to listen_real.cpython-312.pyc
[11.762s] byte-compiling /home/meta/Documents/robotics_workspace_new/install/mecharm/lib/python3.12/site-packages/mecharm/listen_real_service.py to listen_real_service.cpython-312.pyc
[11.775s] running install_data
[11.775s] creating /home/meta/Documents/robotics_workspace_new/install/mecharm/share/ament_index
[11.775s] creating /home/meta/Documents/robotics_workspace_new/install/mecharm/share/ament_index/resource_index
[11.782s] creating /home/meta/Documents/robotics_workspace_new/install/mecharm/share/ament_index/resource_index/packages
[11.783s] copying resource/mecharm -> /home/meta/Documents/robotics_workspace_new/install/mecharm/share/ament_index/resource_index/packages
[11.783s] copying package.xml -> /home/meta/Documents/robotics_workspace_new/install/mecharm/share/mecharm
[11.806s] creating /home/meta/Documents/robotics_workspace_new/install/mecharm/share/mecharm/launch
[11.808s] copying launch/slider_control.launch.py -> /home/meta/Documents/robotics_workspace_new/install/mecharm/share/mecharm/launch
[11.808s] copying launch/teleop_keyboard.launch.py -> /home/meta/Documents/robotics_workspace_new/install/mecharm/share/mecharm/launch
[11.808s] copying launch/test.launch.py -> /home/meta/Documents/robotics_workspace_new/install/mecharm/share/mecharm/launch
[11.809s] copying launch/slider_control_adaptive_gripper.launch.py -> /home/meta/Documents/robotics_workspace_new/install/mecharm/share/mecharm/launch
[11.812s] copying launch/test_adaptive_gripper.launch.py -> /home/meta/Documents/robotics_workspace_new/install/mecharm/share/mecharm/launch
[11.813s] copying launch/simple_gui.launch.py -> /home/meta/Documents/robotics_workspace_new/install/mecharm/share/mecharm/launch
[11.813s] copying launch/follow.launch.py -> /home/meta/Documents/robotics_workspace_new/install/mecharm/share/mecharm/launch
[11.814s] creating /home/meta/Documents/robotics_workspace_new/install/mecharm/share/mecharm/config
[11.814s] copying config/mycobot_with_marker.rviz -> /home/meta/Documents/robotics_workspace_new/install/mecharm/share/mecharm/config
[11.831s] copying config/mecharm.rviz -> /home/meta/Documents/robotics_workspace_new/install/mecharm/share/mecharm/config
[11.832s] running install_egg_info
[12.103s] Copying ../../../build/mecharm/mecharm.egg-info to /home/meta/Documents/robotics_workspace_new/install/mecharm/lib/python3.12/site-packages/mecharm-0.0.0-py3.12.egg-info
[12.112s] running install_scripts
[14.034s] Installing follow_display script to /home/meta/Documents/robotics_workspace_new/install/mecharm/lib/mecharm
[14.034s] Installing listen_real script to /home/meta/Documents/robotics_workspace_new/install/mecharm/lib/mecharm
[14.034s] Installing listen_real_of_topic script to /home/meta/Documents/robotics_workspace_new/install/mecharm/lib/mecharm
[14.035s] Installing listen_real_service script to /home/meta/Documents/robotics_workspace_new/install/mecharm/lib/mecharm
[14.039s] Installing simple_gui script to /home/meta/Documents/robotics_workspace_new/install/mecharm/lib/mecharm
[14.039s] Installing slider_control script to /home/meta/Documents/robotics_workspace_new/install/mecharm/lib/mecharm
[14.040s] Installing slider_control_adaptive_gripper script to /home/meta/Documents/robotics_workspace_new/install/mecharm/lib/mecharm
[14.043s] Installing teleop_keyboard script to /home/meta/Documents/robotics_workspace_new/install/mecharm/lib/mecharm
[14.044s] writing list of installed files to '/home/meta/Documents/robotics_workspace_new/build/mecharm/install.log'
[14.231s] Invoked command in '/home/meta/Documents/robotics_workspace_new/mycobot_ros2/mecharm/mecharm' returned '0': AMENT_PREFIX_PATH=/home/meta/Documents/robotics_workspace_new/install/mycobot_description:${AMENT_PREFIX_PATH} DEBUGINFOD_URLS=https://debuginfod.ubuntu.com PYTHONPATH=/home/meta/Documents/robotics_workspace_new/build/mecharm/prefix_override:/usr/lib/python3/dist-packages/colcon_core/task/python/colcon_distutils_commands:/home/meta/Documents/robotics_workspace_new/install/mecharm/lib/python3.12/site-packages:/home/meta/Documents/robotics_workspace_new/install/mycobot_description/lib/python3.12/site-packages:${PYTHONPATH} /usr/bin/python3 -W ignore:setup.py install is deprecated setup.py egg_info --egg-base ../../../build/mecharm build --build-base /home/meta/Documents/robotics_workspace_new/build/mecharm/build install --record /home/meta/Documents/robotics_workspace_new/build/mecharm/install.log --single-version-externally-managed install_data
