[3.577s] Invoking command in '/home/meta/Documents/robotics_workspace_new/src/robokpy': DEBUGINFOD_URLS=https://debuginfod.ubuntu.com PYTHONPATH=/home/meta/Documents/robotics_workspace_new/build/robokpy/prefix_override:/usr/lib/python3/dist-packages/colcon_core/task/python/colcon_distutils_commands:/home/meta/Documents/robotics_workspace_new/install/robokpy/lib/python3.12/site-packages:${PYTHONPATH} /usr/bin/python3 -W ignore:setup.py install is deprecated setup.py egg_info --egg-base ../../build/robokpy build --build-base /home/meta/Documents/robotics_workspace_new/build/robokpy/build install --record /home/meta/Documents/robotics_workspace_new/build/robokpy/install.log --single-version-externally-managed install_data
[4.942s] running egg_info
[5.021s] writing ../../build/robokpy/robokpy.egg-info/PKG-INFO
[5.021s] writing dependency_links to ../../build/robokpy/robokpy.egg-info/dependency_links.txt
[5.022s] writing requirements to ../../build/robokpy/robokpy.egg-info/requires.txt
[5.023s] writing top-level names to ../../build/robokpy/robokpy.egg-info/top_level.txt
[5.190s] reading manifest file '../../build/robokpy/robokpy.egg-info/SOURCES.txt'
[5.191s] writing manifest file '../../build/robokpy/robokpy.egg-info/SOURCES.txt'
[5.192s] running build
[5.192s] running build_py
[5.193s] copying robokpy/__init__.py -> /home/meta/Documents/robotics_workspace_new/build/robokpy/build/lib/robokpy
[5.205s] copying robokpy/Init_Model.py -> /home/meta/Documents/robotics_workspace_new/build/robokpy/build/lib/robokpy
[5.206s] running install
[5.219s] running install_lib
[5.303s] copying /home/meta/Documents/robotics_workspace_new/build/robokpy/build/lib/robokpy/__init__.py -> /home/meta/Documents/robotics_workspace_new/install/robokpy/lib/python3.12/site-packages/robokpy
[5.303s] copying /home/meta/Documents/robotics_workspace_new/build/robokpy/build/lib/robokpy/Init_Model.py -> /home/meta/Documents/robotics_workspace_new/install/robokpy/lib/python3.12/site-packages/robokpy
[5.305s] byte-compiling /home/meta/Documents/robotics_workspace_new/install/robokpy/lib/python3.12/site-packages/robokpy/__init__.py to __init__.cpython-312.pyc
[5.306s] byte-compiling /home/meta/Documents/robotics_workspace_new/install/robokpy/lib/python3.12/site-packages/robokpy/Init_Model.py to Init_Model.cpython-312.pyc
[5.308s] running install_data
[5.308s] running install_egg_info
[5.399s] removing '/home/meta/Documents/robotics_workspace_new/install/robokpy/lib/python3.12/site-packages/robokpy-0.0.0-py3.12.egg-info' (and everything under it)
[5.400s] Copying ../../build/robokpy/robokpy.egg-info to /home/meta/Documents/robotics_workspace_new/install/robokpy/lib/python3.12/site-packages/robokpy-0.0.0-py3.12.egg-info
[5.402s] running install_scripts
[5.884s] writing list of installed files to '/home/meta/Documents/robotics_workspace_new/build/robokpy/install.log'
[5.956s] Invoked command in '/home/meta/Documents/robotics_workspace_new/src/robokpy' returned '0': DEBUGINFOD_URLS=https://debuginfod.ubuntu.com PYTHONPATH=/home/meta/Documents/robotics_workspace_new/build/robokpy/prefix_override:/usr/lib/python3/dist-packages/colcon_core/task/python/colcon_distutils_commands:/home/meta/Documents/robotics_workspace_new/install/robokpy/lib/python3.12/site-packages:${PYTHONPATH} /usr/bin/python3 -W ignore:setup.py install is deprecated setup.py egg_info --egg-base ../../build/robokpy build --build-base /home/meta/Documents/robotics_workspace_new/build/robokpy/build install --record /home/meta/Documents/robotics_workspace_new/build/robokpy/install.log --single-version-externally-managed install_data
