[0.291s] DEBUG:colcon:Command line arguments: ['/bin/colcon', 'build']
[0.291s] DEBUG:colcon:Parsed command line arguments: Namespace(log_base=None, log_level=None, verb_name='build', build_base='build', install_base='install', merge_install=False, symlink_install=False, test_result_base=None, continue_on_error=False, executor='parallel', parallel_workers=4, event_handlers=None, ignore_user_meta=False, metas=['./colcon.meta'], base_paths=['.'], packages_ignore=None, packages_ignore_regex=None, paths=None, packages_up_to=None, packages_up_to_regex=None, packages_above=None, packages_above_and_dependencies=None, packages_above_depth=None, packages_select_by_dep=None, packages_skip_by_dep=None, packages_skip_up_to=None, packages_select_build_failed=False, packages_skip_build_finished=False, packages_select_test_failures=False, packages_skip_test_passed=False, packages_select=None, packages_skip=None, packages_select_regex=None, packages_skip_regex=None, packages_start=None, packages_end=None, allow_overriding=[], cmake_args=None, cmake_target=None, cmake_target_skip_unavailable=False, cmake_clean_cache=False, cmake_clean_first=False, cmake_force_configure=False, ament_cmake_args=None, catkin_cmake_args=None, catkin_skip_building_tests=False, mixin_files=None, mixin=None, verb_parser=<colcon_mixin.mixin.mixin_argument.MixinArgumentDecorator object at 0x708c0ed18bf0>, verb_extension=<colcon_core.verb.build.BuildVerb object at 0x708c0ed18920>, main=<bound method BuildVerb.main of <colcon_core.verb.build.BuildVerb object at 0x708c0ed18920>>, mixin_verb=('build',))
[0.364s] Level 1:colcon.colcon_core.package_discovery:discover_packages(colcon_meta) check parameters
[0.364s] Level 1:colcon.colcon_core.package_discovery:discover_packages(recursive) check parameters
[0.365s] Level 1:colcon.colcon_core.package_discovery:discover_packages(ignore) check parameters
[0.365s] Level 1:colcon.colcon_core.package_discovery:discover_packages(path) check parameters
[0.365s] Level 1:colcon.colcon_core.package_discovery:discover_packages(colcon_meta) discover
[0.365s] Level 1:colcon.colcon_core.package_discovery:discover_packages(recursive) discover
[0.365s] INFO:colcon.colcon_core.package_discovery:Crawling recursively for packages in '/home/meta/Documents/robotics_workspace_new'
[0.366s] Level 1:colcon.colcon_core.package_identification:_identify(.) by extensions ['ignore', 'ignore_ament_install']
[0.366s] Level 1:colcon.colcon_core.package_identification:_identify(.) by extension 'ignore'
[0.366s] Level 1:colcon.colcon_core.package_identification:_identify(.) by extension 'ignore_ament_install'
[0.366s] Level 1:colcon.colcon_core.package_identification:_identify(.) by extensions ['colcon_pkg']
[0.367s] Level 1:colcon.colcon_core.package_identification:_identify(.) by extension 'colcon_pkg'
[0.367s] Level 1:colcon.colcon_core.package_identification:_identify(.) by extensions ['colcon_meta']
[0.367s] Level 1:colcon.colcon_core.package_identification:_identify(.) by extension 'colcon_meta'
[0.367s] Level 1:colcon.colcon_core.package_identification:_identify(.) by extensions ['ros']
[0.367s] Level 1:colcon.colcon_core.package_identification:_identify(.) by extension 'ros'
[0.416s] Level 1:colcon.colcon_core.package_identification:_identify(.) by extensions ['cmake', 'python']
[0.416s] Level 1:colcon.colcon_core.package_identification:_identify(.) by extension 'cmake'
[0.416s] Level 1:colcon.colcon_core.package_identification:_identify(.) by extension 'python'
[0.417s] Level 1:colcon.colcon_core.package_identification:_identify(.) by extensions ['python_setup_py']
[0.417s] Level 1:colcon.colcon_core.package_identification:_identify(.) by extension 'python_setup_py'
[0.417s] Level 1:colcon.colcon_core.package_identification:_identify(Docs) by extensions ['ignore', 'ignore_ament_install']
[0.417s] Level 1:colcon.colcon_core.package_identification:_identify(Docs) by extension 'ignore'
[0.417s] Level 1:colcon.colcon_core.package_identification:_identify(Docs) by extension 'ignore_ament_install'
[0.417s] Level 1:colcon.colcon_core.package_identification:_identify(Docs) by extensions ['colcon_pkg']
[0.417s] Level 1:colcon.colcon_core.package_identification:_identify(Docs) by extension 'colcon_pkg'
[0.418s] Level 1:colcon.colcon_core.package_identification:_identify(Docs) by extensions ['colcon_meta']
[0.418s] Level 1:colcon.colcon_core.package_identification:_identify(Docs) by extension 'colcon_meta'
[0.418s] Level 1:colcon.colcon_core.package_identification:_identify(Docs) by extensions ['ros']
[0.418s] Level 1:colcon.colcon_core.package_identification:_identify(Docs) by extension 'ros'
[0.418s] Level 1:colcon.colcon_core.package_identification:_identify(Docs) by extensions ['cmake', 'python']
[0.418s] Level 1:colcon.colcon_core.package_identification:_identify(Docs) by extension 'cmake'
[0.418s] Level 1:colcon.colcon_core.package_identification:_identify(Docs) by extension 'python'
[0.418s] Level 1:colcon.colcon_core.package_identification:_identify(Docs) by extensions ['python_setup_py']
[0.418s] Level 1:colcon.colcon_core.package_identification:_identify(Docs) by extension 'python_setup_py'
[0.419s] Level 1:colcon.colcon_core.package_identification:_identify(build) by extensions ['ignore', 'ignore_ament_install']
[0.419s] Level 1:colcon.colcon_core.package_identification:_identify(build) by extension 'ignore'
[0.419s] Level 1:colcon.colcon_core.package_identification:_identify(build) ignored
[0.419s] Level 1:colcon.colcon_core.package_identification:_identify(install) by extensions ['ignore', 'ignore_ament_install']
[0.419s] Level 1:colcon.colcon_core.package_identification:_identify(install) by extension 'ignore'
[0.419s] Level 1:colcon.colcon_core.package_identification:_identify(install) ignored
[0.420s] Level 1:colcon.colcon_core.package_identification:_identify(log) by extensions ['ignore', 'ignore_ament_install']
[0.420s] Level 1:colcon.colcon_core.package_identification:_identify(log) by extension 'ignore'
[0.420s] Level 1:colcon.colcon_core.package_identification:_identify(log) ignored
[0.420s] Level 1:colcon.colcon_core.package_identification:_identify(src) by extensions ['ignore', 'ignore_ament_install']
[0.421s] Level 1:colcon.colcon_core.package_identification:_identify(src) by extension 'ignore'
[0.421s] Level 1:colcon.colcon_core.package_identification:_identify(src) by extension 'ignore_ament_install'
[0.421s] Level 1:colcon.colcon_core.package_identification:_identify(src) by extensions ['colcon_pkg']
[0.421s] Level 1:colcon.colcon_core.package_identification:_identify(src) by extension 'colcon_pkg'
[0.421s] Level 1:colcon.colcon_core.package_identification:_identify(src) by extensions ['colcon_meta']
[0.421s] Level 1:colcon.colcon_core.package_identification:_identify(src) by extension 'colcon_meta'
[0.421s] Level 1:colcon.colcon_core.package_identification:_identify(src) by extensions ['ros']
[0.421s] Level 1:colcon.colcon_core.package_identification:_identify(src) by extension 'ros'
[0.421s] Level 1:colcon.colcon_core.package_identification:_identify(src) by extensions ['cmake', 'python']
[0.422s] Level 1:colcon.colcon_core.package_identification:_identify(src) by extension 'cmake'
[0.422s] Level 1:colcon.colcon_core.package_identification:_identify(src) by extension 'python'
[0.422s] Level 1:colcon.colcon_core.package_identification:_identify(src) by extensions ['python_setup_py']
[0.422s] Level 1:colcon.colcon_core.package_identification:_identify(src) by extension 'python_setup_py'
[0.422s] Level 1:colcon.colcon_core.package_identification:_identify(src/robokpy) by extensions ['ignore', 'ignore_ament_install']
[0.422s] Level 1:colcon.colcon_core.package_identification:_identify(src/robokpy) by extension 'ignore'
[0.423s] Level 1:colcon.colcon_core.package_identification:_identify(src/robokpy) by extension 'ignore_ament_install'
[0.423s] Level 1:colcon.colcon_core.package_identification:_identify(src/robokpy) by extensions ['colcon_pkg']
[0.423s] Level 1:colcon.colcon_core.package_identification:_identify(src/robokpy) by extension 'colcon_pkg'
[0.423s] Level 1:colcon.colcon_core.package_identification:_identify(src/robokpy) by extensions ['colcon_meta']
[0.423s] Level 1:colcon.colcon_core.package_identification:_identify(src/robokpy) by extension 'colcon_meta'
[0.423s] Level 1:colcon.colcon_core.package_identification:_identify(src/robokpy) by extensions ['ros']
[0.423s] Level 1:colcon.colcon_core.package_identification:_identify(src/robokpy) by extension 'ros'
[0.428s] DEBUG:colcon.colcon_core.package_identification:Package 'src/robokpy' with type 'ros.ament_python' and name 'robokpy'
[0.428s] Level 1:colcon.colcon_core.package_identification:_identify(src/robokpy_controller) by extensions ['ignore', 'ignore_ament_install']
[0.428s] Level 1:colcon.colcon_core.package_identification:_identify(src/robokpy_controller) by extension 'ignore'
[0.428s] Level 1:colcon.colcon_core.package_identification:_identify(src/robokpy_controller) by extension 'ignore_ament_install'
[0.428s] Level 1:colcon.colcon_core.package_identification:_identify(src/robokpy_controller) by extensions ['colcon_pkg']
[0.428s] Level 1:colcon.colcon_core.package_identification:_identify(src/robokpy_controller) by extension 'colcon_pkg'
[0.428s] Level 1:colcon.colcon_core.package_identification:_identify(src/robokpy_controller) by extensions ['colcon_meta']
[0.428s] Level 1:colcon.colcon_core.package_identification:_identify(src/robokpy_controller) by extension 'colcon_meta'
[0.429s] Level 1:colcon.colcon_core.package_identification:_identify(src/robokpy_controller) by extensions ['ros']
[0.429s] Level 1:colcon.colcon_core.package_identification:_identify(src/robokpy_controller) by extension 'ros'
[0.431s] DEBUG:colcon.colcon_core.package_identification:Package 'src/robokpy_controller' with type 'ros.ament_python' and name 'robokpy_controller'
[0.431s] Level 1:colcon.colcon_core.package_identification:_identify(src/robokpy_interfaces) by extensions ['ignore', 'ignore_ament_install']
[0.431s] Level 1:colcon.colcon_core.package_identification:_identify(src/robokpy_interfaces) by extension 'ignore'
[0.431s] Level 1:colcon.colcon_core.package_identification:_identify(src/robokpy_interfaces) by extension 'ignore_ament_install'
[0.431s] Level 1:colcon.colcon_core.package_identification:_identify(src/robokpy_interfaces) by extensions ['colcon_pkg']
[0.431s] Level 1:colcon.colcon_core.package_identification:_identify(src/robokpy_interfaces) by extension 'colcon_pkg'
[0.431s] Level 1:colcon.colcon_core.package_identification:_identify(src/robokpy_interfaces) by extensions ['colcon_meta']
[0.431s] Level 1:colcon.colcon_core.package_identification:_identify(src/robokpy_interfaces) by extension 'colcon_meta'
[0.432s] Level 1:colcon.colcon_core.package_identification:_identify(src/robokpy_interfaces) by extensions ['ros']
[0.432s] Level 1:colcon.colcon_core.package_identification:_identify(src/robokpy_interfaces) by extension 'ros'
[0.434s] DEBUG:colcon.colcon_core.package_identification:Package 'src/robokpy_interfaces' with type 'ros.ament_cmake' and name 'robokpy_interfaces'
[0.434s] Level 1:colcon.colcon_core.package_discovery:discover_packages(recursive) using defaults
[0.434s] Level 1:colcon.colcon_core.package_discovery:discover_packages(ignore) discover
[0.434s] Level 1:colcon.colcon_core.package_discovery:discover_packages(ignore) using defaults
[0.435s] Level 1:colcon.colcon_core.package_discovery:discover_packages(path) discover
[0.435s] Level 1:colcon.colcon_core.package_discovery:discover_packages(path) using defaults
[0.479s] Level 1:colcon.colcon_core.package_discovery:discover_packages(prefix_path) check parameters
[0.479s] Level 1:colcon.colcon_core.package_discovery:discover_packages(prefix_path) discover
[0.482s] DEBUG:colcon.colcon_installed_package_information.package_discovery:Found 3 installed packages in /home/meta/Documents/robotics_workspace_new/install
[0.487s] DEBUG:colcon.colcon_installed_package_information.package_discovery:Found 433 installed packages in /opt/ros/jazzy
[0.488s] Level 1:colcon.colcon_core.package_discovery:discover_packages(prefix_path) using defaults
[0.620s] Level 5:colcon.colcon_core.verb:set package 'robokpy' build argument 'cmake_args' from command line to 'None'
[0.620s] Level 5:colcon.colcon_core.verb:set package 'robokpy' build argument 'cmake_target' from command line to 'None'
[0.620s] Level 5:colcon.colcon_core.verb:set package 'robokpy' build argument 'cmake_target_skip_unavailable' from command line to 'False'
[0.620s] Level 5:colcon.colcon_core.verb:set package 'robokpy' build argument 'cmake_clean_cache' from command line to 'False'
[0.620s] Level 5:colcon.colcon_core.verb:set package 'robokpy' build argument 'cmake_clean_first' from command line to 'False'
[0.620s] Level 5:colcon.colcon_core.verb:set package 'robokpy' build argument 'cmake_force_configure' from command line to 'False'
[0.620s] Level 5:colcon.colcon_core.verb:set package 'robokpy' build argument 'ament_cmake_args' from command line to 'None'
[0.620s] Level 5:colcon.colcon_core.verb:set package 'robokpy' build argument 'catkin_cmake_args' from command line to 'None'
[0.620s] Level 5:colcon.colcon_core.verb:set package 'robokpy' build argument 'catkin_skip_building_tests' from command line to 'False'
[0.620s] DEBUG:colcon.colcon_core.verb:Building package 'robokpy' with the following arguments: {'ament_cmake_args': None, 'build_base': '/home/meta/Documents/robotics_workspace_new/build/robokpy', 'catkin_cmake_args': None, 'catkin_skip_building_tests': False, 'cmake_args': None, 'cmake_clean_cache': False, 'cmake_clean_first': False, 'cmake_force_configure': False, 'cmake_target': None, 'cmake_target_skip_unavailable': False, 'install_base': '/home/meta/Documents/robotics_workspace_new/install/robokpy', 'merge_install': False, 'path': '/home/meta/Documents/robotics_workspace_new/src/robokpy', 'symlink_install': False, 'test_result_base': None}
[0.621s] Level 5:colcon.colcon_core.verb:set package 'robokpy_interfaces' build argument 'cmake_args' from command line to 'None'
[0.621s] Level 5:colcon.colcon_core.verb:set package 'robokpy_interfaces' build argument 'cmake_target' from command line to 'None'
[0.621s] Level 5:colcon.colcon_core.verb:set package 'robokpy_interfaces' build argument 'cmake_target_skip_unavailable' from command line to 'False'
[0.621s] Level 5:colcon.colcon_core.verb:set package 'robokpy_interfaces' build argument 'cmake_clean_cache' from command line to 'False'
[0.621s] Level 5:colcon.colcon_core.verb:set package 'robokpy_interfaces' build argument 'cmake_clean_first' from command line to 'False'
[0.621s] Level 5:colcon.colcon_core.verb:set package 'robokpy_interfaces' build argument 'cmake_force_configure' from command line to 'False'
[0.621s] Level 5:colcon.colcon_core.verb:set package 'robokpy_interfaces' build argument 'ament_cmake_args' from command line to 'None'
[0.621s] Level 5:colcon.colcon_core.verb:set package 'robokpy_interfaces' build argument 'catkin_cmake_args' from command line to 'None'
[0.621s] Level 5:colcon.colcon_core.verb:set package 'robokpy_interfaces' build argument 'catkin_skip_building_tests' from command line to 'False'
[0.621s] DEBUG:colcon.colcon_core.verb:Building package 'robokpy_interfaces' with the following arguments: {'ament_cmake_args': None, 'build_base': '/home/meta/Documents/robotics_workspace_new/build/robokpy_interfaces', 'catkin_cmake_args': None, 'catkin_skip_building_tests': False, 'cmake_args': None, 'cmake_clean_cache': False, 'cmake_clean_first': False, 'cmake_force_configure': False, 'cmake_target': None, 'cmake_target_skip_unavailable': False, 'install_base': '/home/meta/Documents/robotics_workspace_new/install/robokpy_interfaces', 'merge_install': False, 'path': '/home/meta/Documents/robotics_workspace_new/src/robokpy_interfaces', 'symlink_install': False, 'test_result_base': None}
[0.622s] Level 5:colcon.colcon_core.verb:set package 'robokpy_controller' build argument 'cmake_args' from command line to 'None'
[0.622s] Level 5:colcon.colcon_core.verb:set package 'robokpy_controller' build argument 'cmake_target' from command line to 'None'
[0.622s] Level 5:colcon.colcon_core.verb:set package 'robokpy_controller' build argument 'cmake_target_skip_unavailable' from command line to 'False'
[0.622s] Level 5:colcon.colcon_core.verb:set package 'robokpy_controller' build argument 'cmake_clean_cache' from command line to 'False'
[0.622s] Level 5:colcon.colcon_core.verb:set package 'robokpy_controller' build argument 'cmake_clean_first' from command line to 'False'
[0.622s] Level 5:colcon.colcon_core.verb:set package 'robokpy_controller' build argument 'cmake_force_configure' from command line to 'False'
[0.622s] Level 5:colcon.colcon_core.verb:set package 'robokpy_controller' build argument 'ament_cmake_args' from command line to 'None'
[0.622s] Level 5:colcon.colcon_core.verb:set package 'robokpy_controller' build argument 'catkin_cmake_args' from command line to 'None'
[0.622s] Level 5:colcon.colcon_core.verb:set package 'robokpy_controller' build argument 'catkin_skip_building_tests' from command line to 'False'
[0.622s] DEBUG:colcon.colcon_core.verb:Building package 'robokpy_controller' with the following arguments: {'ament_cmake_args': None, 'build_base': '/home/meta/Documents/robotics_workspace_new/build/robokpy_controller', 'catkin_cmake_args': None, 'catkin_skip_building_tests': False, 'cmake_args': None, 'cmake_clean_cache': False, 'cmake_clean_first': False, 'cmake_force_configure': False, 'cmake_target': None, 'cmake_target_skip_unavailable': False, 'install_base': '/home/meta/Documents/robotics_workspace_new/install/robokpy_controller', 'merge_install': False, 'path': '/home/meta/Documents/robotics_workspace_new/src/robokpy_controller', 'symlink_install': False, 'test_result_base': None}
[0.622s] INFO:colcon.colcon_core.executor:Executing jobs using 'parallel' executor
[0.624s] DEBUG:colcon.colcon_parallel_executor.executor.parallel:run_until_complete
[0.624s] INFO:colcon.colcon_ros.task.ament_cmake.build:Building ROS package in '/home/meta/Documents/robotics_workspace_new/src/robokpy_interfaces' with build type 'ament_cmake'
[0.624s] INFO:colcon.colcon_cmake.task.cmake.build:Building CMake package in '/home/meta/Documents/robotics_workspace_new/src/robokpy_interfaces'
[0.633s] INFO:colcon.colcon_core.plugin_system:Skipping extension 'colcon_core.shell.bat': Not used on non-Windows systems
[0.634s] INFO:colcon.colcon_core.shell:Skip shell extension 'powershell' for command environment: Not usable outside of PowerShell
[0.634s] DEBUG:colcon.colcon_core.shell:Skip shell extension 'dsv' for command environment
[0.643s] INFO:colcon.colcon_ros.task.ament_python.build:Building ROS package in '/home/meta/Documents/robotics_workspace_new/src/robokpy' with build type 'ament_python'
[0.644s] Level 1:colcon.colcon_core.shell:create_environment_hook('robokpy', 'ament_prefix_path')
[0.646s] INFO:colcon.colcon_core.shell:Creating environment hook '/home/meta/Documents/robotics_workspace_new/install/robokpy/share/robokpy/hook/ament_prefix_path.ps1'
[0.647s] INFO:colcon.colcon_core.shell:Creating environment descriptor '/home/meta/Documents/robotics_workspace_new/install/robokpy/share/robokpy/hook/ament_prefix_path.dsv'
[0.649s] INFO:colcon.colcon_core.shell:Creating environment hook '/home/meta/Documents/robotics_workspace_new/install/robokpy/share/robokpy/hook/ament_prefix_path.sh'
[0.651s] INFO:colcon.colcon_core.shell:Skip shell extension 'powershell' for command environment: Not usable outside of PowerShell
[0.651s] DEBUG:colcon.colcon_core.shell:Skip shell extension 'dsv' for command environment
[0.673s] DEBUG:colcon.colcon_core.event_handler.log_command:Invoking command in '/home/meta/Documents/robotics_workspace_new/build/robokpy_interfaces': CMAKE_PREFIX_PATH=${CMAKE_PREFIX_PATH}:/home/meta/Documents/robotics_workspace_new/install/robokpy_controller:/home/meta/Documents/robotics_workspace_new/install/robokpy:/opt/ros/jazzy DEBUGINFOD_URLS=https://debuginfod.ubuntu.com /bin/cmake --build /home/meta/Documents/robotics_workspace_new/build/robokpy_interfaces -- -j4 -l4
[1.499s] INFO:colcon.colcon_core.task.python.build:Building Python package in '/home/meta/Documents/robotics_workspace_new/src/robokpy'
[1.499s] INFO:colcon.colcon_core.shell:Skip shell extension 'powershell' for command environment: Not usable outside of PowerShell
[1.499s] DEBUG:colcon.colcon_core.shell:Skip shell extension 'dsv' for command environment
[3.127s] DEBUG:colcon.colcon_core.event_handler.log_command:Invoked command in '/home/meta/Documents/robotics_workspace_new/build/robokpy_interfaces' returned '0': CMAKE_PREFIX_PATH=${CMAKE_PREFIX_PATH}:/home/meta/Documents/robotics_workspace_new/install/robokpy_controller:/home/meta/Documents/robotics_workspace_new/install/robokpy:/opt/ros/jazzy DEBUGINFOD_URLS=https://debuginfod.ubuntu.com /bin/cmake --build /home/meta/Documents/robotics_workspace_new/build/robokpy_interfaces -- -j4 -l4
[3.946s] DEBUG:colcon.colcon_core.event_handler.log_command:Invoking command in '/home/meta/Documents/robotics_workspace_new/src/robokpy': DEBUGINFOD_URLS=https://debuginfod.ubuntu.com PYTHONPATH=/home/meta/Documents/robotics_workspace_new/build/robokpy/prefix_override:/usr/lib/python3/dist-packages/colcon_core/task/python/colcon_distutils_commands:/home/meta/Documents/robotics_workspace_new/install/robokpy/lib/python3.12/site-packages:${PYTHONPATH} /usr/bin/python3 -W ignore:setup.py install is deprecated setup.py egg_info --egg-base ../../build/robokpy build --build-base /home/meta/Documents/robotics_workspace_new/build/robokpy/build install --record /home/meta/Documents/robotics_workspace_new/build/robokpy/install.log --single-version-externally-managed install_data
[4.352s] DEBUG:colcon.colcon_core.event_handler.log_command:Invoking command in '/home/meta/Documents/robotics_workspace_new/build/robokpy_interfaces': CMAKE_PREFIX_PATH=${CMAKE_PREFIX_PATH}:/home/meta/Documents/robotics_workspace_new/install/robokpy_controller:/home/meta/Documents/robotics_workspace_new/install/robokpy:/opt/ros/jazzy DEBUGINFOD_URLS=https://debuginfod.ubuntu.com /bin/cmake --install /home/meta/Documents/robotics_workspace_new/build/robokpy_interfaces
[4.699s] Level 1:colcon.colcon_core.environment:create_environment_scripts_only(robokpy_interfaces)
[4.702s] DEBUG:colcon.colcon_core.event_handler.log_command:Invoked command in '/home/meta/Documents/robotics_workspace_new/build/robokpy_interfaces' returned '0': CMAKE_PREFIX_PATH=${CMAKE_PREFIX_PATH}:/home/meta/Documents/robotics_workspace_new/install/robokpy_controller:/home/meta/Documents/robotics_workspace_new/install/robokpy:/opt/ros/jazzy DEBUGINFOD_URLS=https://debuginfod.ubuntu.com /bin/cmake --install /home/meta/Documents/robotics_workspace_new/build/robokpy_interfaces
[4.709s] Level 1:colcon.colcon_core.environment:checking '/home/meta/Documents/robotics_workspace_new/install/robokpy_interfaces' for CMake module files
[4.714s] Level 1:colcon.colcon_core.environment:checking '/home/meta/Documents/robotics_workspace_new/install/robokpy_interfaces' for CMake config files
[4.718s] Level 1:colcon.colcon_core.shell:create_environment_hook('robokpy_interfaces', 'cmake_prefix_path')
[4.719s] INFO:colcon.colcon_core.shell:Creating environment hook '/home/meta/Documents/robotics_workspace_new/install/robokpy_interfaces/share/robokpy_interfaces/hook/cmake_prefix_path.ps1'
[4.720s] INFO:colcon.colcon_core.shell:Creating environment descriptor '/home/meta/Documents/robotics_workspace_new/install/robokpy_interfaces/share/robokpy_interfaces/hook/cmake_prefix_path.dsv'
[4.721s] INFO:colcon.colcon_core.shell:Creating environment hook '/home/meta/Documents/robotics_workspace_new/install/robokpy_interfaces/share/robokpy_interfaces/hook/cmake_prefix_path.sh'
[4.722s] Level 1:colcon.colcon_core.environment:checking '/home/meta/Documents/robotics_workspace_new/install/robokpy_interfaces/lib'
[4.723s] Level 1:colcon.colcon_core.shell:create_environment_hook('robokpy_interfaces', 'ld_library_path_lib')
[4.724s] INFO:colcon.colcon_core.shell:Creating environment hook '/home/meta/Documents/robotics_workspace_new/install/robokpy_interfaces/share/robokpy_interfaces/hook/ld_library_path_lib.ps1'
[4.725s] INFO:colcon.colcon_core.shell:Creating environment descriptor '/home/meta/Documents/robotics_workspace_new/install/robokpy_interfaces/share/robokpy_interfaces/hook/ld_library_path_lib.dsv'
[4.725s] INFO:colcon.colcon_core.shell:Creating environment hook '/home/meta/Documents/robotics_workspace_new/install/robokpy_interfaces/share/robokpy_interfaces/hook/ld_library_path_lib.sh'
[4.727s] Level 1:colcon.colcon_core.environment:checking '/home/meta/Documents/robotics_workspace_new/install/robokpy_interfaces/bin'
[4.727s] Level 1:colcon.colcon_core.environment:checking '/home/meta/Documents/robotics_workspace_new/install/robokpy_interfaces/lib/pkgconfig/robokpy_interfaces.pc'
[4.727s] Level 1:colcon.colcon_core.environment:checking '/home/meta/Documents/robotics_workspace_new/install/robokpy_interfaces/lib/python3.12/site-packages'
[4.728s] Level 1:colcon.colcon_core.shell:create_environment_hook('robokpy_interfaces', 'pythonpath')
[4.728s] INFO:colcon.colcon_core.shell:Creating environment hook '/home/meta/Documents/robotics_workspace_new/install/robokpy_interfaces/share/robokpy_interfaces/hook/pythonpath.ps1'
[4.730s] INFO:colcon.colcon_core.shell:Creating environment descriptor '/home/meta/Documents/robotics_workspace_new/install/robokpy_interfaces/share/robokpy_interfaces/hook/pythonpath.dsv'
[4.730s] INFO:colcon.colcon_core.shell:Creating environment hook '/home/meta/Documents/robotics_workspace_new/install/robokpy_interfaces/share/robokpy_interfaces/hook/pythonpath.sh'
[4.732s] Level 1:colcon.colcon_core.environment:checking '/home/meta/Documents/robotics_workspace_new/install/robokpy_interfaces/bin'
[4.733s] INFO:colcon.colcon_core.shell:Creating package script '/home/meta/Documents/robotics_workspace_new/install/robokpy_interfaces/share/robokpy_interfaces/package.ps1'
[4.736s] INFO:colcon.colcon_core.shell:Creating package descriptor '/home/meta/Documents/robotics_workspace_new/install/robokpy_interfaces/share/robokpy_interfaces/package.dsv'
[4.737s] INFO:colcon.colcon_core.shell:Creating package script '/home/meta/Documents/robotics_workspace_new/install/robokpy_interfaces/share/robokpy_interfaces/package.sh'
[4.739s] INFO:colcon.colcon_core.shell:Creating package script '/home/meta/Documents/robotics_workspace_new/install/robokpy_interfaces/share/robokpy_interfaces/package.bash'
[4.743s] INFO:colcon.colcon_core.shell:Creating package script '/home/meta/Documents/robotics_workspace_new/install/robokpy_interfaces/share/robokpy_interfaces/package.zsh'
[4.744s] Level 1:colcon.colcon_core.environment:create_file_with_runtime_dependencies(/home/meta/Documents/robotics_workspace_new/install/robokpy_interfaces/share/colcon-core/packages/robokpy_interfaces)
[7.437s] Level 1:colcon.colcon_core.environment:create_environment_scripts_only(robokpy_interfaces)
[7.439s] Level 1:colcon.colcon_core.environment:checking '/home/meta/Documents/robotics_workspace_new/install/robokpy_interfaces' for CMake module files
[7.442s] Level 1:colcon.colcon_core.environment:checking '/home/meta/Documents/robotics_workspace_new/install/robokpy_interfaces' for CMake config files
[7.446s] Level 1:colcon.colcon_core.shell:create_environment_hook('robokpy_interfaces', 'cmake_prefix_path')
[7.447s] INFO:colcon.colcon_core.shell:Creating environment hook '/home/meta/Documents/robotics_workspace_new/install/robokpy_interfaces/share/robokpy_interfaces/hook/cmake_prefix_path.ps1'
[7.448s] INFO:colcon.colcon_core.shell:Creating environment descriptor '/home/meta/Documents/robotics_workspace_new/install/robokpy_interfaces/share/robokpy_interfaces/hook/cmake_prefix_path.dsv'
[7.449s] INFO:colcon.colcon_core.shell:Creating environment hook '/home/meta/Documents/robotics_workspace_new/install/robokpy_interfaces/share/robokpy_interfaces/hook/cmake_prefix_path.sh'
[7.450s] Level 1:colcon.colcon_core.environment:checking '/home/meta/Documents/robotics_workspace_new/install/robokpy_interfaces/lib'
[7.451s] Level 1:colcon.colcon_core.shell:create_environment_hook('robokpy_interfaces', 'ld_library_path_lib')
[7.451s] INFO:colcon.colcon_core.shell:Creating environment hook '/home/meta/Documents/robotics_workspace_new/install/robokpy_interfaces/share/robokpy_interfaces/hook/ld_library_path_lib.ps1'
[7.453s] INFO:colcon.colcon_core.shell:Creating environment descriptor '/home/meta/Documents/robotics_workspace_new/install/robokpy_interfaces/share/robokpy_interfaces/hook/ld_library_path_lib.dsv'
[7.454s] INFO:colcon.colcon_core.shell:Creating environment hook '/home/meta/Documents/robotics_workspace_new/install/robokpy_interfaces/share/robokpy_interfaces/hook/ld_library_path_lib.sh'
[7.455s] Level 1:colcon.colcon_core.environment:checking '/home/meta/Documents/robotics_workspace_new/install/robokpy_interfaces/bin'
[7.456s] Level 1:colcon.colcon_core.environment:checking '/home/meta/Documents/robotics_workspace_new/install/robokpy_interfaces/lib/pkgconfig/robokpy_interfaces.pc'
[7.456s] Level 1:colcon.colcon_core.environment:checking '/home/meta/Documents/robotics_workspace_new/install/robokpy_interfaces/lib/python3.12/site-packages'
[7.457s] Level 1:colcon.colcon_core.shell:create_environment_hook('robokpy_interfaces', 'pythonpath')
[7.457s] INFO:colcon.colcon_core.shell:Creating environment hook '/home/meta/Documents/robotics_workspace_new/install/robokpy_interfaces/share/robokpy_interfaces/hook/pythonpath.ps1'
[7.459s] INFO:colcon.colcon_core.shell:Creating environment descriptor '/home/meta/Documents/robotics_workspace_new/install/robokpy_interfaces/share/robokpy_interfaces/hook/pythonpath.dsv'
[7.461s] INFO:colcon.colcon_core.shell:Creating environment hook '/home/meta/Documents/robotics_workspace_new/install/robokpy_interfaces/share/robokpy_interfaces/hook/pythonpath.sh'
[7.478s] Level 1:colcon.colcon_core.environment:checking '/home/meta/Documents/robotics_workspace_new/install/robokpy_interfaces/bin'
[7.484s] INFO:colcon.colcon_core.shell:Creating package script '/home/meta/Documents/robotics_workspace_new/install/robokpy_interfaces/share/robokpy_interfaces/package.ps1'
[7.493s] INFO:colcon.colcon_core.shell:Creating package descriptor '/home/meta/Documents/robotics_workspace_new/install/robokpy_interfaces/share/robokpy_interfaces/package.dsv'
[7.500s] INFO:colcon.colcon_core.shell:Creating package script '/home/meta/Documents/robotics_workspace_new/install/robokpy_interfaces/share/robokpy_interfaces/package.sh'
[7.507s] INFO:colcon.colcon_core.shell:Creating package script '/home/meta/Documents/robotics_workspace_new/install/robokpy_interfaces/share/robokpy_interfaces/package.bash'
[7.518s] INFO:colcon.colcon_core.shell:Creating package script '/home/meta/Documents/robotics_workspace_new/install/robokpy_interfaces/share/robokpy_interfaces/package.zsh'
[7.528s] Level 1:colcon.colcon_core.environment:create_file_with_runtime_dependencies(/home/meta/Documents/robotics_workspace_new/install/robokpy_interfaces/share/colcon-core/packages/robokpy_interfaces)
[7.534s] INFO:colcon.colcon_ros.task.ament_python.build:Building ROS package in '/home/meta/Documents/robotics_workspace_new/src/robokpy_controller' with build type 'ament_python'
[7.534s] Level 1:colcon.colcon_core.shell:create_environment_hook('robokpy_controller', 'ament_prefix_path')
[7.548s] INFO:colcon.colcon_core.shell:Creating environment hook '/home/meta/Documents/robotics_workspace_new/install/robokpy_controller/share/robokpy_controller/hook/ament_prefix_path.ps1'
[7.551s] INFO:colcon.colcon_core.shell:Creating environment descriptor '/home/meta/Documents/robotics_workspace_new/install/robokpy_controller/share/robokpy_controller/hook/ament_prefix_path.dsv'
[7.555s] INFO:colcon.colcon_core.shell:Creating environment hook '/home/meta/Documents/robotics_workspace_new/install/robokpy_controller/share/robokpy_controller/hook/ament_prefix_path.sh'
[7.568s] INFO:colcon.colcon_core.shell:Skip shell extension 'powershell' for command environment: Not usable outside of PowerShell
[7.569s] DEBUG:colcon.colcon_core.shell:Skip shell extension 'dsv' for command environment
[8.821s] INFO:colcon.colcon_core.task.python.build:Building Python package in '/home/meta/Documents/robotics_workspace_new/src/robokpy_controller'
[8.821s] INFO:colcon.colcon_core.shell:Skip shell extension 'powershell' for command environment: Not usable outside of PowerShell
[8.822s] DEBUG:colcon.colcon_core.shell:Skip shell extension 'dsv' for command environment
[8.837s] Level 1:colcon.colcon_core.environment:checking '/home/meta/Documents/robotics_workspace_new/install/robokpy' for CMake module files
[8.840s] DEBUG:colcon.colcon_core.event_handler.log_command:Invoked command in '/home/meta/Documents/robotics_workspace_new/src/robokpy' returned '0': DEBUGINFOD_URLS=https://debuginfod.ubuntu.com PYTHONPATH=/home/meta/Documents/robotics_workspace_new/build/robokpy/prefix_override:/usr/lib/python3/dist-packages/colcon_core/task/python/colcon_distutils_commands:/home/meta/Documents/robotics_workspace_new/install/robokpy/lib/python3.12/site-packages:${PYTHONPATH} /usr/bin/python3 -W ignore:setup.py install is deprecated setup.py egg_info --egg-base ../../build/robokpy build --build-base /home/meta/Documents/robotics_workspace_new/build/robokpy/build install --record /home/meta/Documents/robotics_workspace_new/build/robokpy/install.log --single-version-externally-managed install_data
[8.845s] Level 1:colcon.colcon_core.environment:checking '/home/meta/Documents/robotics_workspace_new/install/robokpy' for CMake config files
[8.847s] Level 1:colcon.colcon_core.environment:checking '/home/meta/Documents/robotics_workspace_new/install/robokpy/lib'
[8.847s] Level 1:colcon.colcon_core.environment:checking '/home/meta/Documents/robotics_workspace_new/install/robokpy/bin'
[8.847s] Level 1:colcon.colcon_core.environment:checking '/home/meta/Documents/robotics_workspace_new/install/robokpy/lib/pkgconfig/robokpy.pc'
[8.849s] Level 1:colcon.colcon_core.environment:checking '/home/meta/Documents/robotics_workspace_new/install/robokpy/lib/python3.12/site-packages'
[8.849s] Level 1:colcon.colcon_core.shell:create_environment_hook('robokpy', 'pythonpath')
[8.850s] INFO:colcon.colcon_core.shell:Creating environment hook '/home/meta/Documents/robotics_workspace_new/install/robokpy/share/robokpy/hook/pythonpath.ps1'
[8.851s] INFO:colcon.colcon_core.shell:Creating environment descriptor '/home/meta/Documents/robotics_workspace_new/install/robokpy/share/robokpy/hook/pythonpath.dsv'
[8.852s] INFO:colcon.colcon_core.shell:Creating environment hook '/home/meta/Documents/robotics_workspace_new/install/robokpy/share/robokpy/hook/pythonpath.sh'
[8.854s] Level 1:colcon.colcon_core.environment:checking '/home/meta/Documents/robotics_workspace_new/install/robokpy/bin'
[8.855s] Level 1:colcon.colcon_core.environment:create_environment_scripts_only(robokpy)
[8.856s] INFO:colcon.colcon_core.shell:Creating package script '/home/meta/Documents/robotics_workspace_new/install/robokpy/share/robokpy/package.ps1'
[8.857s] INFO:colcon.colcon_core.shell:Creating package descriptor '/home/meta/Documents/robotics_workspace_new/install/robokpy/share/robokpy/package.dsv'
[8.858s] INFO:colcon.colcon_core.shell:Creating package script '/home/meta/Documents/robotics_workspace_new/install/robokpy/share/robokpy/package.sh'
[8.861s] INFO:colcon.colcon_core.shell:Creating package script '/home/meta/Documents/robotics_workspace_new/install/robokpy/share/robokpy/package.bash'
[8.862s] INFO:colcon.colcon_core.shell:Creating package script '/home/meta/Documents/robotics_workspace_new/install/robokpy/share/robokpy/package.zsh'
[8.863s] Level 1:colcon.colcon_core.environment:create_file_with_runtime_dependencies(/home/meta/Documents/robotics_workspace_new/install/robokpy/share/colcon-core/packages/robokpy)
[12.042s] DEBUG:colcon.colcon_core.event_handler.log_command:Invoking command in '/home/meta/Documents/robotics_workspace_new/src/robokpy_controller': DEBUGINFOD_URLS=https://debuginfod.ubuntu.com PYTHONPATH=/home/meta/Documents/robotics_workspace_new/build/robokpy_controller/prefix_override:/usr/lib/python3/dist-packages/colcon_core/task/python/colcon_distutils_commands:/home/meta/Documents/robotics_workspace_new/install/robokpy_controller/lib/python3.12/site-packages:/home/meta/Documents/robotics_workspace_new/install/robokpy_interfaces/lib/python3.12/site-packages:/home/meta/Documents/robotics_workspace_new/install/robokpy_controller/lib/python3.12/site-packages:/home/meta/Documents/robotics_workspace_new/install/robokpy/lib/python3.12/site-packages:/opt/ros/jazzy/lib/python3.12/site-packages /usr/bin/python3 -W ignore:setup.py install is deprecated setup.py egg_info --egg-base ../../build/robokpy_controller build --build-base /home/meta/Documents/robotics_workspace_new/build/robokpy_controller/build install --record /home/meta/Documents/robotics_workspace_new/build/robokpy_controller/install.log --single-version-externally-managed install_data
[15.125s] Level 1:colcon.colcon_core.environment:checking '/home/meta/Documents/robotics_workspace_new/install/robokpy_controller' for CMake module files
[15.127s] DEBUG:colcon.colcon_core.event_handler.log_command:Invoked command in '/home/meta/Documents/robotics_workspace_new/src/robokpy_controller' returned '0': DEBUGINFOD_URLS=https://debuginfod.ubuntu.com PYTHONPATH=/home/meta/Documents/robotics_workspace_new/build/robokpy_controller/prefix_override:/usr/lib/python3/dist-packages/colcon_core/task/python/colcon_distutils_commands:/home/meta/Documents/robotics_workspace_new/install/robokpy_controller/lib/python3.12/site-packages:/home/meta/Documents/robotics_workspace_new/install/robokpy_interfaces/lib/python3.12/site-packages:/home/meta/Documents/robotics_workspace_new/install/robokpy_controller/lib/python3.12/site-packages:/home/meta/Documents/robotics_workspace_new/install/robokpy/lib/python3.12/site-packages:/opt/ros/jazzy/lib/python3.12/site-packages /usr/bin/python3 -W ignore:setup.py install is deprecated setup.py egg_info --egg-base ../../build/robokpy_controller build --build-base /home/meta/Documents/robotics_workspace_new/build/robokpy_controller/build install --record /home/meta/Documents/robotics_workspace_new/build/robokpy_controller/install.log --single-version-externally-managed install_data
[15.128s] Level 1:colcon.colcon_core.environment:checking '/home/meta/Documents/robotics_workspace_new/install/robokpy_controller' for CMake config files
[15.131s] Level 1:colcon.colcon_core.environment:checking '/home/meta/Documents/robotics_workspace_new/install/robokpy_controller/lib'
[15.131s] Level 1:colcon.colcon_core.environment:checking '/home/meta/Documents/robotics_workspace_new/install/robokpy_controller/bin'
[15.131s] Level 1:colcon.colcon_core.environment:checking '/home/meta/Documents/robotics_workspace_new/install/robokpy_controller/lib/pkgconfig/robokpy_controller.pc'
[15.132s] Level 1:colcon.colcon_core.environment:checking '/home/meta/Documents/robotics_workspace_new/install/robokpy_controller/lib/python3.12/site-packages'
[15.132s] Level 1:colcon.colcon_core.shell:create_environment_hook('robokpy_controller', 'pythonpath')
[15.133s] INFO:colcon.colcon_core.shell:Creating environment hook '/home/meta/Documents/robotics_workspace_new/install/robokpy_controller/share/robokpy_controller/hook/pythonpath.ps1'
[15.134s] INFO:colcon.colcon_core.shell:Creating environment descriptor '/home/meta/Documents/robotics_workspace_new/install/robokpy_controller/share/robokpy_controller/hook/pythonpath.dsv'
[15.134s] INFO:colcon.colcon_core.shell:Creating environment hook '/home/meta/Documents/robotics_workspace_new/install/robokpy_controller/share/robokpy_controller/hook/pythonpath.sh'
[15.136s] Level 1:colcon.colcon_core.environment:checking '/home/meta/Documents/robotics_workspace_new/install/robokpy_controller/bin'
[15.136s] Level 1:colcon.colcon_core.environment:create_environment_scripts_only(robokpy_controller)
[15.137s] INFO:colcon.colcon_core.shell:Creating package script '/home/meta/Documents/robotics_workspace_new/install/robokpy_controller/share/robokpy_controller/package.ps1'
[15.138s] INFO:colcon.colcon_core.shell:Creating package descriptor '/home/meta/Documents/robotics_workspace_new/install/robokpy_controller/share/robokpy_controller/package.dsv'
[15.139s] INFO:colcon.colcon_core.shell:Creating package script '/home/meta/Documents/robotics_workspace_new/install/robokpy_controller/share/robokpy_controller/package.sh'
[15.140s] INFO:colcon.colcon_core.shell:Creating package script '/home/meta/Documents/robotics_workspace_new/install/robokpy_controller/share/robokpy_controller/package.bash'
[15.141s] INFO:colcon.colcon_core.shell:Creating package script '/home/meta/Documents/robotics_workspace_new/install/robokpy_controller/share/robokpy_controller/package.zsh'
[15.142s] Level 1:colcon.colcon_core.environment:create_file_with_runtime_dependencies(/home/meta/Documents/robotics_workspace_new/install/robokpy_controller/share/colcon-core/packages/robokpy_controller)
[15.143s] DEBUG:colcon.colcon_parallel_executor.executor.parallel:closing loop
[15.144s] DEBUG:colcon.colcon_parallel_executor.executor.parallel:loop closed
[15.144s] DEBUG:colcon.colcon_parallel_executor.executor.parallel:run_until_complete finished with '0'
[15.144s] DEBUG:colcon.colcon_core.event_reactor:joining thread
[15.166s] INFO:colcon.colcon_core.plugin_system:Skipping extension 'colcon_notification.desktop_notification.terminal_notifier': Not used on non-Darwin systems
[15.166s] INFO:colcon.colcon_core.plugin_system:Skipping extension 'colcon_notification.desktop_notification.win32': Not used on non-Windows systems
[15.167s] INFO:colcon.colcon_notification.desktop_notification:Sending desktop notification using 'notify2'
[15.226s] DEBUG:colcon.colcon_core.event_reactor:joined thread
[15.227s] INFO:colcon.colcon_core.shell:Creating prefix script '/home/meta/Documents/robotics_workspace_new/install/local_setup.ps1'
[15.229s] INFO:colcon.colcon_core.shell:Creating prefix util module '/home/meta/Documents/robotics_workspace_new/install/_local_setup_util_ps1.py'
[15.231s] INFO:colcon.colcon_core.shell:Creating prefix chain script '/home/meta/Documents/robotics_workspace_new/install/setup.ps1'
[15.233s] INFO:colcon.colcon_core.shell:Creating prefix script '/home/meta/Documents/robotics_workspace_new/install/local_setup.sh'
[15.234s] INFO:colcon.colcon_core.shell:Creating prefix util module '/home/meta/Documents/robotics_workspace_new/install/_local_setup_util_sh.py'
[15.235s] INFO:colcon.colcon_core.shell:Creating prefix chain script '/home/meta/Documents/robotics_workspace_new/install/setup.sh'
[15.237s] INFO:colcon.colcon_core.shell:Creating prefix script '/home/meta/Documents/robotics_workspace_new/install/local_setup.bash'
[15.239s] INFO:colcon.colcon_core.shell:Creating prefix chain script '/home/meta/Documents/robotics_workspace_new/install/setup.bash'
[15.241s] INFO:colcon.colcon_core.shell:Creating prefix script '/home/meta/Documents/robotics_workspace_new/install/local_setup.zsh'
[15.242s] INFO:colcon.colcon_core.shell:Creating prefix chain script '/home/meta/Documents/robotics_workspace_new/install/setup.zsh'
