[0.400s] DEBUG:colcon:Command line arguments: ['/bin/colcon', 'build']
[0.400s] DEBUG:colcon:Parsed command line arguments: Namespace(log_base=None, log_level=None, verb_name='build', build_base='build', install_base='install', merge_install=False, symlink_install=False, test_result_base=None, continue_on_error=False, executor='parallel', parallel_workers=4, event_handlers=None, ignore_user_meta=False, metas=['./colcon.meta'], base_paths=['.'], packages_ignore=None, packages_ignore_regex=None, paths=None, packages_up_to=None, packages_up_to_regex=None, packages_above=None, packages_above_and_dependencies=None, packages_above_depth=None, packages_select_by_dep=None, packages_skip_by_dep=None, packages_skip_up_to=None, packages_select_build_failed=False, packages_skip_build_finished=False, packages_select_test_failures=False, packages_skip_test_passed=False, packages_select=None, packages_skip=None, packages_select_regex=None, packages_skip_regex=None, packages_start=None, packages_end=None, allow_overriding=[], cmake_args=None, cmake_target=None, cmake_target_skip_unavailable=False, cmake_clean_cache=False, cmake_clean_first=False, cmake_force_configure=False, ament_cmake_args=None, catkin_cmake_args=None, catkin_skip_building_tests=False, mixin_files=None, mixin=None, verb_parser=<colcon_mixin.mixin.mixin_argument.MixinArgumentDecorator object at 0x75a9f96942f0>, verb_extension=<colcon_core.verb.build.BuildVerb object at 0x75a9f9514140>, main=<bound method BuildVerb.main of <colcon_core.verb.build.BuildVerb object at 0x75a9f9514140>>, mixin_verb=('build',))
[0.480s] Level 1:colcon.colcon_core.package_discovery:discover_packages(colcon_meta) check parameters
[0.480s] Level 1:colcon.colcon_core.package_discovery:discover_packages(recursive) check parameters
[0.480s] Level 1:colcon.colcon_core.package_discovery:discover_packages(ignore) check parameters
[0.480s] Level 1:colcon.colcon_core.package_discovery:discover_packages(path) check parameters
[0.480s] Level 1:colcon.colcon_core.package_discovery:discover_packages(colcon_meta) discover
[0.480s] Level 1:colcon.colcon_core.package_discovery:discover_packages(recursive) discover
[0.481s] INFO:colcon.colcon_core.package_discovery:Crawling recursively for packages in '/home/meta/Documents/robotics_workspace_new'
[0.481s] Level 1:colcon.colcon_core.package_identification:_identify(.) by extensions ['ignore', 'ignore_ament_install']
[0.481s] Level 1:colcon.colcon_core.package_identification:_identify(.) by extension 'ignore'
[0.481s] Level 1:colcon.colcon_core.package_identification:_identify(.) by extension 'ignore_ament_install'
[0.481s] Level 1:colcon.colcon_core.package_identification:_identify(.) by extensions ['colcon_pkg']
[0.481s] Level 1:colcon.colcon_core.package_identification:_identify(.) by extension 'colcon_pkg'
[0.481s] Level 1:colcon.colcon_core.package_identification:_identify(.) by extensions ['colcon_meta']
[0.481s] Level 1:colcon.colcon_core.package_identification:_identify(.) by extension 'colcon_meta'
[0.481s] Level 1:colcon.colcon_core.package_identification:_identify(.) by extensions ['ros']
[0.482s] Level 1:colcon.colcon_core.package_identification:_identify(.) by extension 'ros'
[0.530s] Level 1:colcon.colcon_core.package_identification:_identify(.) by extensions ['cmake', 'python']
[0.530s] Level 1:colcon.colcon_core.package_identification:_identify(.) by extension 'cmake'
[0.530s] Level 1:colcon.colcon_core.package_identification:_identify(.) by extension 'python'
[0.530s] Level 1:colcon.colcon_core.package_identification:_identify(.) by extensions ['python_setup_py']
[0.531s] Level 1:colcon.colcon_core.package_identification:_identify(.) by extension 'python_setup_py'
[0.531s] Level 1:colcon.colcon_core.package_identification:_identify(Docs) by extensions ['ignore', 'ignore_ament_install']
[0.531s] Level 1:colcon.colcon_core.package_identification:_identify(Docs) by extension 'ignore'
[0.531s] Level 1:colcon.colcon_core.package_identification:_identify(Docs) by extension 'ignore_ament_install'
[0.531s] Level 1:colcon.colcon_core.package_identification:_identify(Docs) by extensions ['colcon_pkg']
[0.531s] Level 1:colcon.colcon_core.package_identification:_identify(Docs) by extension 'colcon_pkg'
[0.531s] Level 1:colcon.colcon_core.package_identification:_identify(Docs) by extensions ['colcon_meta']
[0.531s] Level 1:colcon.colcon_core.package_identification:_identify(Docs) by extension 'colcon_meta'
[0.532s] Level 1:colcon.colcon_core.package_identification:_identify(Docs) by extensions ['ros']
[0.532s] Level 1:colcon.colcon_core.package_identification:_identify(Docs) by extension 'ros'
[0.532s] Level 1:colcon.colcon_core.package_identification:_identify(Docs) by extensions ['cmake', 'python']
[0.532s] Level 1:colcon.colcon_core.package_identification:_identify(Docs) by extension 'cmake'
[0.532s] Level 1:colcon.colcon_core.package_identification:_identify(Docs) by extension 'python'
[0.532s] Level 1:colcon.colcon_core.package_identification:_identify(Docs) by extensions ['python_setup_py']
[0.532s] Level 1:colcon.colcon_core.package_identification:_identify(Docs) by extension 'python_setup_py'
[0.532s] Level 1:colcon.colcon_core.package_identification:_identify(build) by extensions ['ignore', 'ignore_ament_install']
[0.532s] Level 1:colcon.colcon_core.package_identification:_identify(build) by extension 'ignore'
[0.533s] Level 1:colcon.colcon_core.package_identification:_identify(build) ignored
[0.533s] Level 1:colcon.colcon_core.package_identification:_identify(install) by extensions ['ignore', 'ignore_ament_install']
[0.533s] Level 1:colcon.colcon_core.package_identification:_identify(install) by extension 'ignore'
[0.533s] Level 1:colcon.colcon_core.package_identification:_identify(install) ignored
[0.533s] Level 1:colcon.colcon_core.package_identification:_identify(log) by extensions ['ignore', 'ignore_ament_install']
[0.534s] Level 1:colcon.colcon_core.package_identification:_identify(log) by extension 'ignore'
[0.534s] Level 1:colcon.colcon_core.package_identification:_identify(log) ignored
[0.534s] Level 1:colcon.colcon_core.package_identification:_identify(src) by extensions ['ignore', 'ignore_ament_install']
[0.534s] Level 1:colcon.colcon_core.package_identification:_identify(src) by extension 'ignore'
[0.534s] Level 1:colcon.colcon_core.package_identification:_identify(src) by extension 'ignore_ament_install'
[0.534s] Level 1:colcon.colcon_core.package_identification:_identify(src) by extensions ['colcon_pkg']
[0.534s] Level 1:colcon.colcon_core.package_identification:_identify(src) by extension 'colcon_pkg'
[0.534s] Level 1:colcon.colcon_core.package_identification:_identify(src) by extensions ['colcon_meta']
[0.535s] Level 1:colcon.colcon_core.package_identification:_identify(src) by extension 'colcon_meta'
[0.535s] Level 1:colcon.colcon_core.package_identification:_identify(src) by extensions ['ros']
[0.535s] Level 1:colcon.colcon_core.package_identification:_identify(src) by extension 'ros'
[0.535s] Level 1:colcon.colcon_core.package_identification:_identify(src) by extensions ['cmake', 'python']
[0.535s] Level 1:colcon.colcon_core.package_identification:_identify(src) by extension 'cmake'
[0.535s] Level 1:colcon.colcon_core.package_identification:_identify(src) by extension 'python'
[0.535s] Level 1:colcon.colcon_core.package_identification:_identify(src) by extensions ['python_setup_py']
[0.535s] Level 1:colcon.colcon_core.package_identification:_identify(src) by extension 'python_setup_py'
[0.535s] Level 1:colcon.colcon_core.package_identification:_identify(src/robokpy) by extensions ['ignore', 'ignore_ament_install']
[0.536s] Level 1:colcon.colcon_core.package_identification:_identify(src/robokpy) by extension 'ignore'
[0.536s] Level 1:colcon.colcon_core.package_identification:_identify(src/robokpy) by extension 'ignore_ament_install'
[0.536s] Level 1:colcon.colcon_core.package_identification:_identify(src/robokpy) by extensions ['colcon_pkg']
[0.536s] Level 1:colcon.colcon_core.package_identification:_identify(src/robokpy) by extension 'colcon_pkg'
[0.536s] Level 1:colcon.colcon_core.package_identification:_identify(src/robokpy) by extensions ['colcon_meta']
[0.536s] Level 1:colcon.colcon_core.package_identification:_identify(src/robokpy) by extension 'colcon_meta'
[0.536s] Level 1:colcon.colcon_core.package_identification:_identify(src/robokpy) by extensions ['ros']
[0.536s] Level 1:colcon.colcon_core.package_identification:_identify(src/robokpy) by extension 'ros'
[0.540s] DEBUG:colcon.colcon_core.package_identification:Package 'src/robokpy' with type 'ros.ament_python' and name 'robokpy'
[0.541s] Level 1:colcon.colcon_core.package_identification:_identify(src/robokpy_controller) by extensions ['ignore', 'ignore_ament_install']
[0.541s] Level 1:colcon.colcon_core.package_identification:_identify(src/robokpy_controller) by extension 'ignore'
[0.541s] Level 1:colcon.colcon_core.package_identification:_identify(src/robokpy_controller) by extension 'ignore_ament_install'
[0.541s] Level 1:colcon.colcon_core.package_identification:_identify(src/robokpy_controller) by extensions ['colcon_pkg']
[0.541s] Level 1:colcon.colcon_core.package_identification:_identify(src/robokpy_controller) by extension 'colcon_pkg'
[0.541s] Level 1:colcon.colcon_core.package_identification:_identify(src/robokpy_controller) by extensions ['colcon_meta']
[0.541s] Level 1:colcon.colcon_core.package_identification:_identify(src/robokpy_controller) by extension 'colcon_meta'
[0.541s] Level 1:colcon.colcon_core.package_identification:_identify(src/robokpy_controller) by extensions ['ros']
[0.541s] Level 1:colcon.colcon_core.package_identification:_identify(src/robokpy_controller) by extension 'ros'
[0.543s] DEBUG:colcon.colcon_core.package_identification:Package 'src/robokpy_controller' with type 'ros.ament_python' and name 'robokpy_controller'
[0.544s] Level 1:colcon.colcon_core.package_identification:_identify(src/robokpy_interfaces) by extensions ['ignore', 'ignore_ament_install']
[0.544s] Level 1:colcon.colcon_core.package_identification:_identify(src/robokpy_interfaces) by extension 'ignore'
[0.544s] Level 1:colcon.colcon_core.package_identification:_identify(src/robokpy_interfaces) by extension 'ignore_ament_install'
[0.544s] Level 1:colcon.colcon_core.package_identification:_identify(src/robokpy_interfaces) by extensions ['colcon_pkg']
[0.544s] Level 1:colcon.colcon_core.package_identification:_identify(src/robokpy_interfaces) by extension 'colcon_pkg'
[0.544s] Level 1:colcon.colcon_core.package_identification:_identify(src/robokpy_interfaces) by extensions ['colcon_meta']
[0.544s] Level 1:colcon.colcon_core.package_identification:_identify(src/robokpy_interfaces) by extension 'colcon_meta'
[0.544s] Level 1:colcon.colcon_core.package_identification:_identify(src/robokpy_interfaces) by extensions ['ros']
[0.544s] Level 1:colcon.colcon_core.package_identification:_identify(src/robokpy_interfaces) by extension 'ros'
[0.546s] DEBUG:colcon.colcon_core.package_identification:Package 'src/robokpy_interfaces' with type 'ros.ament_cmake' and name 'robokpy_interfaces'
[0.546s] Level 1:colcon.colcon_core.package_discovery:discover_packages(recursive) using defaults
[0.546s] Level 1:colcon.colcon_core.package_discovery:discover_packages(ignore) discover
[0.546s] Level 1:colcon.colcon_core.package_discovery:discover_packages(ignore) using defaults
[0.546s] Level 1:colcon.colcon_core.package_discovery:discover_packages(path) discover
[0.546s] Level 1:colcon.colcon_core.package_discovery:discover_packages(path) using defaults
[0.582s] Level 1:colcon.colcon_core.package_discovery:discover_packages(prefix_path) check parameters
[0.582s] Level 1:colcon.colcon_core.package_discovery:discover_packages(prefix_path) discover
[0.652s] DEBUG:colcon.colcon_installed_package_information.package_discovery:Found 3 installed packages in /home/meta/Documents/robotics_workspace_new/install
[0.656s] DEBUG:colcon.colcon_installed_package_information.package_discovery:Found 430 installed packages in /opt/ros/jazzy
[0.658s] Level 1:colcon.colcon_core.package_discovery:discover_packages(prefix_path) using defaults
[0.791s] Level 5:colcon.colcon_core.verb:set package 'robokpy' build argument 'cmake_args' from command line to 'None'
[0.791s] Level 5:colcon.colcon_core.verb:set package 'robokpy' build argument 'cmake_target' from command line to 'None'
[0.791s] Level 5:colcon.colcon_core.verb:set package 'robokpy' build argument 'cmake_target_skip_unavailable' from command line to 'False'
[0.791s] Level 5:colcon.colcon_core.verb:set package 'robokpy' build argument 'cmake_clean_cache' from command line to 'False'
[0.791s] Level 5:colcon.colcon_core.verb:set package 'robokpy' build argument 'cmake_clean_first' from command line to 'False'
[0.791s] Level 5:colcon.colcon_core.verb:set package 'robokpy' build argument 'cmake_force_configure' from command line to 'False'
[0.791s] Level 5:colcon.colcon_core.verb:set package 'robokpy' build argument 'ament_cmake_args' from command line to 'None'
[0.791s] Level 5:colcon.colcon_core.verb:set package 'robokpy' build argument 'catkin_cmake_args' from command line to 'None'
[0.791s] Level 5:colcon.colcon_core.verb:set package 'robokpy' build argument 'catkin_skip_building_tests' from command line to 'False'
[0.791s] DEBUG:colcon.colcon_core.verb:Building package 'robokpy' with the following arguments: {'ament_cmake_args': None, 'build_base': '/home/meta/Documents/robotics_workspace_new/build/robokpy', 'catkin_cmake_args': None, 'catkin_skip_building_tests': False, 'cmake_args': None, 'cmake_clean_cache': False, 'cmake_clean_first': False, 'cmake_force_configure': False, 'cmake_target': None, 'cmake_target_skip_unavailable': False, 'install_base': '/home/meta/Documents/robotics_workspace_new/install/robokpy', 'merge_install': False, 'path': '/home/meta/Documents/robotics_workspace_new/src/robokpy', 'symlink_install': False, 'test_result_base': None}
[0.792s] Level 5:colcon.colcon_core.verb:set package 'robokpy_interfaces' build argument 'cmake_args' from command line to 'None'
[0.792s] Level 5:colcon.colcon_core.verb:set package 'robokpy_interfaces' build argument 'cmake_target' from command line to 'None'
[0.792s] Level 5:colcon.colcon_core.verb:set package 'robokpy_interfaces' build argument 'cmake_target_skip_unavailable' from command line to 'False'
[0.792s] Level 5:colcon.colcon_core.verb:set package 'robokpy_interfaces' build argument 'cmake_clean_cache' from command line to 'False'
[0.792s] Level 5:colcon.colcon_core.verb:set package 'robokpy_interfaces' build argument 'cmake_clean_first' from command line to 'False'
[0.792s] Level 5:colcon.colcon_core.verb:set package 'robokpy_interfaces' build argument 'cmake_force_configure' from command line to 'False'
[0.792s] Level 5:colcon.colcon_core.verb:set package 'robokpy_interfaces' build argument 'ament_cmake_args' from command line to 'None'
[0.792s] Level 5:colcon.colcon_core.verb:set package 'robokpy_interfaces' build argument 'catkin_cmake_args' from command line to 'None'
[0.792s] Level 5:colcon.colcon_core.verb:set package 'robokpy_interfaces' build argument 'catkin_skip_building_tests' from command line to 'False'
[0.792s] DEBUG:colcon.colcon_core.verb:Building package 'robokpy_interfaces' with the following arguments: {'ament_cmake_args': None, 'build_base': '/home/meta/Documents/robotics_workspace_new/build/robokpy_interfaces', 'catkin_cmake_args': None, 'catkin_skip_building_tests': False, 'cmake_args': None, 'cmake_clean_cache': False, 'cmake_clean_first': False, 'cmake_force_configure': False, 'cmake_target': None, 'cmake_target_skip_unavailable': False, 'install_base': '/home/meta/Documents/robotics_workspace_new/install/robokpy_interfaces', 'merge_install': False, 'path': '/home/meta/Documents/robotics_workspace_new/src/robokpy_interfaces', 'symlink_install': False, 'test_result_base': None}
[0.793s] Level 5:colcon.colcon_core.verb:set package 'robokpy_controller' build argument 'cmake_args' from command line to 'None'
[0.793s] Level 5:colcon.colcon_core.verb:set package 'robokpy_controller' build argument 'cmake_target' from command line to 'None'
[0.793s] Level 5:colcon.colcon_core.verb:set package 'robokpy_controller' build argument 'cmake_target_skip_unavailable' from command line to 'False'
[0.793s] Level 5:colcon.colcon_core.verb:set package 'robokpy_controller' build argument 'cmake_clean_cache' from command line to 'False'
[0.793s] Level 5:colcon.colcon_core.verb:set package 'robokpy_controller' build argument 'cmake_clean_first' from command line to 'False'
[0.793s] Level 5:colcon.colcon_core.verb:set package 'robokpy_controller' build argument 'cmake_force_configure' from command line to 'False'
[0.793s] Level 5:colcon.colcon_core.verb:set package 'robokpy_controller' build argument 'ament_cmake_args' from command line to 'None'
[0.793s] Level 5:colcon.colcon_core.verb:set package 'robokpy_controller' build argument 'catkin_cmake_args' from command line to 'None'
[0.793s] Level 5:colcon.colcon_core.verb:set package 'robokpy_controller' build argument 'catkin_skip_building_tests' from command line to 'False'
[0.793s] DEBUG:colcon.colcon_core.verb:Building package 'robokpy_controller' with the following arguments: {'ament_cmake_args': None, 'build_base': '/home/meta/Documents/robotics_workspace_new/build/robokpy_controller', 'catkin_cmake_args': None, 'catkin_skip_building_tests': False, 'cmake_args': None, 'cmake_clean_cache': False, 'cmake_clean_first': False, 'cmake_force_configure': False, 'cmake_target': None, 'cmake_target_skip_unavailable': False, 'install_base': '/home/meta/Documents/robotics_workspace_new/install/robokpy_controller', 'merge_install': False, 'path': '/home/meta/Documents/robotics_workspace_new/src/robokpy_controller', 'symlink_install': False, 'test_result_base': None}
[0.793s] INFO:colcon.colcon_core.executor:Executing jobs using 'parallel' executor
[0.795s] DEBUG:colcon.colcon_parallel_executor.executor.parallel:run_until_complete
[0.796s] INFO:colcon.colcon_ros.task.ament_cmake.build:Building ROS package in '/home/meta/Documents/robotics_workspace_new/src/robokpy_interfaces' with build type 'ament_cmake'
[0.797s] INFO:colcon.colcon_cmake.task.cmake.build:Building CMake package in '/home/meta/Documents/robotics_workspace_new/src/robokpy_interfaces'
[0.803s] INFO:colcon.colcon_core.plugin_system:Skipping extension 'colcon_core.shell.bat': Not used on non-Windows systems
[0.804s] INFO:colcon.colcon_core.shell:Skip shell extension 'powershell' for command environment: Not usable outside of PowerShell
[0.804s] DEBUG:colcon.colcon_core.shell:Skip shell extension 'dsv' for command environment
[0.812s] INFO:colcon.colcon_ros.task.ament_python.build:Building ROS package in '/home/meta/Documents/robotics_workspace_new/src/robokpy' with build type 'ament_python'
[0.813s] Level 1:colcon.colcon_core.shell:create_environment_hook('robokpy', 'ament_prefix_path')
[0.814s] INFO:colcon.colcon_core.shell:Creating environment hook '/home/meta/Documents/robotics_workspace_new/install/robokpy/share/robokpy/hook/ament_prefix_path.ps1'
[0.815s] INFO:colcon.colcon_core.shell:Creating environment descriptor '/home/meta/Documents/robotics_workspace_new/install/robokpy/share/robokpy/hook/ament_prefix_path.dsv'
[0.816s] INFO:colcon.colcon_core.shell:Creating environment hook '/home/meta/Documents/robotics_workspace_new/install/robokpy/share/robokpy/hook/ament_prefix_path.sh'
[0.818s] INFO:colcon.colcon_core.shell:Skip shell extension 'powershell' for command environment: Not usable outside of PowerShell
[0.818s] DEBUG:colcon.colcon_core.shell:Skip shell extension 'dsv' for command environment
[1.520s] INFO:colcon.colcon_core.task.python.build:Building Python package in '/home/meta/Documents/robotics_workspace_new/src/robokpy'
[1.521s] INFO:colcon.colcon_core.shell:Skip shell extension 'powershell' for command environment: Not usable outside of PowerShell
[1.521s] DEBUG:colcon.colcon_core.shell:Skip shell extension 'dsv' for command environment
[1.535s] DEBUG:colcon.colcon_core.event_handler.log_command:Invoking command in '/home/meta/Documents/robotics_workspace_new/build/robokpy_interfaces': CMAKE_PREFIX_PATH=${CMAKE_PREFIX_PATH}:/home/meta/Documents/robotics_workspace_new/install/robokpy_controller:/home/meta/Documents/robotics_workspace_new/install/robokpy:/opt/ros/jazzy DEBUGINFOD_URLS=https://debuginfod.ubuntu.com /bin/cmake --build /home/meta/Documents/robotics_workspace_new/build/robokpy_interfaces -- -j4 -l4
[3.580s] DEBUG:colcon.colcon_core.event_handler.log_command:Invoking command in '/home/meta/Documents/robotics_workspace_new/src/robokpy': DEBUGINFOD_URLS=https://debuginfod.ubuntu.com PYTHONPATH=/home/meta/Documents/robotics_workspace_new/build/robokpy/prefix_override:/usr/lib/python3/dist-packages/colcon_core/task/python/colcon_distutils_commands:/home/meta/Documents/robotics_workspace_new/install/robokpy/lib/python3.12/site-packages:${PYTHONPATH} /usr/bin/python3 -W ignore:setup.py install is deprecated setup.py egg_info --egg-base ../../build/robokpy build --build-base /home/meta/Documents/robotics_workspace_new/build/robokpy/build install --record /home/meta/Documents/robotics_workspace_new/build/robokpy/install.log --single-version-externally-managed install_data
[5.905s] DEBUG:colcon.colcon_core.event_handler.log_command:Invoked command in '/home/meta/Documents/robotics_workspace_new/src/robokpy' returned '0': DEBUGINFOD_URLS=https://debuginfod.ubuntu.com PYTHONPATH=/home/meta/Documents/robotics_workspace_new/build/robokpy/prefix_override:/usr/lib/python3/dist-packages/colcon_core/task/python/colcon_distutils_commands:/home/meta/Documents/robotics_workspace_new/install/robokpy/lib/python3.12/site-packages:${PYTHONPATH} /usr/bin/python3 -W ignore:setup.py install is deprecated setup.py egg_info --egg-base ../../build/robokpy build --build-base /home/meta/Documents/robotics_workspace_new/build/robokpy/build install --record /home/meta/Documents/robotics_workspace_new/build/robokpy/install.log --single-version-externally-managed install_data
[5.909s] Level 1:colcon.colcon_core.environment:checking '/home/meta/Documents/robotics_workspace_new/install/robokpy' for CMake module files
[5.910s] Level 1:colcon.colcon_core.environment:checking '/home/meta/Documents/robotics_workspace_new/install/robokpy' for CMake config files
[5.913s] Level 1:colcon.colcon_core.environment:checking '/home/meta/Documents/robotics_workspace_new/install/robokpy/lib'
[5.913s] Level 1:colcon.colcon_core.environment:checking '/home/meta/Documents/robotics_workspace_new/install/robokpy/bin'
[5.913s] Level 1:colcon.colcon_core.environment:checking '/home/meta/Documents/robotics_workspace_new/install/robokpy/lib/pkgconfig/robokpy.pc'
[5.914s] Level 1:colcon.colcon_core.environment:checking '/home/meta/Documents/robotics_workspace_new/install/robokpy/lib/python3.12/site-packages'
[5.915s] Level 1:colcon.colcon_core.shell:create_environment_hook('robokpy', 'pythonpath')
[5.915s] INFO:colcon.colcon_core.shell:Creating environment hook '/home/meta/Documents/robotics_workspace_new/install/robokpy/share/robokpy/hook/pythonpath.ps1'
[5.916s] INFO:colcon.colcon_core.shell:Creating environment descriptor '/home/meta/Documents/robotics_workspace_new/install/robokpy/share/robokpy/hook/pythonpath.dsv'
[5.917s] INFO:colcon.colcon_core.shell:Creating environment hook '/home/meta/Documents/robotics_workspace_new/install/robokpy/share/robokpy/hook/pythonpath.sh'
[5.918s] Level 1:colcon.colcon_core.environment:checking '/home/meta/Documents/robotics_workspace_new/install/robokpy/bin'
[5.918s] Level 1:colcon.colcon_core.environment:create_environment_scripts_only(robokpy)
[5.919s] INFO:colcon.colcon_core.shell:Creating package script '/home/meta/Documents/robotics_workspace_new/install/robokpy/share/robokpy/package.ps1'
[5.921s] INFO:colcon.colcon_core.shell:Creating package descriptor '/home/meta/Documents/robotics_workspace_new/install/robokpy/share/robokpy/package.dsv'
[5.923s] INFO:colcon.colcon_core.shell:Creating package script '/home/meta/Documents/robotics_workspace_new/install/robokpy/share/robokpy/package.sh'
[5.926s] INFO:colcon.colcon_core.shell:Creating package script '/home/meta/Documents/robotics_workspace_new/install/robokpy/share/robokpy/package.bash'
[5.928s] INFO:colcon.colcon_core.shell:Creating package script '/home/meta/Documents/robotics_workspace_new/install/robokpy/share/robokpy/package.zsh'
[5.931s] Level 1:colcon.colcon_core.environment:create_file_with_runtime_dependencies(/home/meta/Documents/robotics_workspace_new/install/robokpy/share/colcon-core/packages/robokpy)
[149.802s] DEBUG:colcon.colcon_core.event_handler.log_command:Invoked command in '/home/meta/Documents/robotics_workspace_new/build/robokpy_interfaces' returned '0': CMAKE_PREFIX_PATH=${CMAKE_PREFIX_PATH}:/home/meta/Documents/robotics_workspace_new/install/robokpy_controller:/home/meta/Documents/robotics_workspace_new/install/robokpy:/opt/ros/jazzy DEBUGINFOD_URLS=https://debuginfod.ubuntu.com /bin/cmake --build /home/meta/Documents/robotics_workspace_new/build/robokpy_interfaces -- -j4 -l4
[150.714s] DEBUG:colcon.colcon_core.event_handler.log_command:Invoking command in '/home/meta/Documents/robotics_workspace_new/build/robokpy_interfaces': CMAKE_PREFIX_PATH=${CMAKE_PREFIX_PATH}:/home/meta/Documents/robotics_workspace_new/install/robokpy_controller:/home/meta/Documents/robotics_workspace_new/install/robokpy:/opt/ros/jazzy DEBUGINFOD_URLS=https://debuginfod.ubuntu.com /bin/cmake --install /home/meta/Documents/robotics_workspace_new/build/robokpy_interfaces
[151.412s] Level 1:colcon.colcon_core.environment:create_environment_scripts_only(robokpy_interfaces)
[151.413s] Level 1:colcon.colcon_core.environment:checking '/home/meta/Documents/robotics_workspace_new/install/robokpy_interfaces' for CMake module files
[151.419s] Level 1:colcon.colcon_core.environment:checking '/home/meta/Documents/robotics_workspace_new/install/robokpy_interfaces' for CMake config files
[151.419s] DEBUG:colcon.colcon_core.event_handler.log_command:Invoked command in '/home/meta/Documents/robotics_workspace_new/build/robokpy_interfaces' returned '0': CMAKE_PREFIX_PATH=${CMAKE_PREFIX_PATH}:/home/meta/Documents/robotics_workspace_new/install/robokpy_controller:/home/meta/Documents/robotics_workspace_new/install/robokpy:/opt/ros/jazzy DEBUGINFOD_URLS=https://debuginfod.ubuntu.com /bin/cmake --install /home/meta/Documents/robotics_workspace_new/build/robokpy_interfaces
[151.422s] Level 1:colcon.colcon_core.shell:create_environment_hook('robokpy_interfaces', 'cmake_prefix_path')
[151.422s] INFO:colcon.colcon_core.shell:Creating environment hook '/home/meta/Documents/robotics_workspace_new/install/robokpy_interfaces/share/robokpy_interfaces/hook/cmake_prefix_path.ps1'
[151.423s] INFO:colcon.colcon_core.shell:Creating environment descriptor '/home/meta/Documents/robotics_workspace_new/install/robokpy_interfaces/share/robokpy_interfaces/hook/cmake_prefix_path.dsv'
[151.424s] INFO:colcon.colcon_core.shell:Creating environment hook '/home/meta/Documents/robotics_workspace_new/install/robokpy_interfaces/share/robokpy_interfaces/hook/cmake_prefix_path.sh'
[151.425s] Level 1:colcon.colcon_core.environment:checking '/home/meta/Documents/robotics_workspace_new/install/robokpy_interfaces/lib'
[151.425s] Level 1:colcon.colcon_core.shell:create_environment_hook('robokpy_interfaces', 'ld_library_path_lib')
[151.425s] INFO:colcon.colcon_core.shell:Creating environment hook '/home/meta/Documents/robotics_workspace_new/install/robokpy_interfaces/share/robokpy_interfaces/hook/ld_library_path_lib.ps1'
[151.426s] INFO:colcon.colcon_core.shell:Creating environment descriptor '/home/meta/Documents/robotics_workspace_new/install/robokpy_interfaces/share/robokpy_interfaces/hook/ld_library_path_lib.dsv'
[151.426s] INFO:colcon.colcon_core.shell:Creating environment hook '/home/meta/Documents/robotics_workspace_new/install/robokpy_interfaces/share/robokpy_interfaces/hook/ld_library_path_lib.sh'
[151.427s] Level 1:colcon.colcon_core.environment:checking '/home/meta/Documents/robotics_workspace_new/install/robokpy_interfaces/bin'
[151.427s] Level 1:colcon.colcon_core.environment:checking '/home/meta/Documents/robotics_workspace_new/install/robokpy_interfaces/lib/pkgconfig/robokpy_interfaces.pc'
[151.428s] Level 1:colcon.colcon_core.environment:checking '/home/meta/Documents/robotics_workspace_new/install/robokpy_interfaces/lib/python3.12/site-packages'
[151.428s] Level 1:colcon.colcon_core.shell:create_environment_hook('robokpy_interfaces', 'pythonpath')
[151.428s] INFO:colcon.colcon_core.shell:Creating environment hook '/home/meta/Documents/robotics_workspace_new/install/robokpy_interfaces/share/robokpy_interfaces/hook/pythonpath.ps1'
[151.429s] INFO:colcon.colcon_core.shell:Creating environment descriptor '/home/meta/Documents/robotics_workspace_new/install/robokpy_interfaces/share/robokpy_interfaces/hook/pythonpath.dsv'
[151.429s] INFO:colcon.colcon_core.shell:Creating environment hook '/home/meta/Documents/robotics_workspace_new/install/robokpy_interfaces/share/robokpy_interfaces/hook/pythonpath.sh'
[151.430s] Level 1:colcon.colcon_core.environment:checking '/home/meta/Documents/robotics_workspace_new/install/robokpy_interfaces/bin'
[151.431s] INFO:colcon.colcon_core.shell:Creating package script '/home/meta/Documents/robotics_workspace_new/install/robokpy_interfaces/share/robokpy_interfaces/package.ps1'
[151.432s] INFO:colcon.colcon_core.shell:Creating package descriptor '/home/meta/Documents/robotics_workspace_new/install/robokpy_interfaces/share/robokpy_interfaces/package.dsv'
[151.432s] INFO:colcon.colcon_core.shell:Creating package script '/home/meta/Documents/robotics_workspace_new/install/robokpy_interfaces/share/robokpy_interfaces/package.sh'
[151.433s] INFO:colcon.colcon_core.shell:Creating package script '/home/meta/Documents/robotics_workspace_new/install/robokpy_interfaces/share/robokpy_interfaces/package.bash'
[151.434s] INFO:colcon.colcon_core.shell:Creating package script '/home/meta/Documents/robotics_workspace_new/install/robokpy_interfaces/share/robokpy_interfaces/package.zsh'
[151.435s] Level 1:colcon.colcon_core.environment:create_file_with_runtime_dependencies(/home/meta/Documents/robotics_workspace_new/install/robokpy_interfaces/share/colcon-core/packages/robokpy_interfaces)
[152.498s] Level 1:colcon.colcon_core.environment:create_environment_scripts_only(robokpy_interfaces)
[152.498s] Level 1:colcon.colcon_core.environment:checking '/home/meta/Documents/robotics_workspace_new/install/robokpy_interfaces' for CMake module files
[152.501s] Level 1:colcon.colcon_core.environment:checking '/home/meta/Documents/robotics_workspace_new/install/robokpy_interfaces' for CMake config files
[152.504s] Level 1:colcon.colcon_core.shell:create_environment_hook('robokpy_interfaces', 'cmake_prefix_path')
[152.505s] INFO:colcon.colcon_core.shell:Creating environment hook '/home/meta/Documents/robotics_workspace_new/install/robokpy_interfaces/share/robokpy_interfaces/hook/cmake_prefix_path.ps1'
[152.506s] INFO:colcon.colcon_core.shell:Creating environment descriptor '/home/meta/Documents/robotics_workspace_new/install/robokpy_interfaces/share/robokpy_interfaces/hook/cmake_prefix_path.dsv'
[152.509s] INFO:colcon.colcon_core.shell:Creating environment hook '/home/meta/Documents/robotics_workspace_new/install/robokpy_interfaces/share/robokpy_interfaces/hook/cmake_prefix_path.sh'
[152.512s] Level 1:colcon.colcon_core.environment:checking '/home/meta/Documents/robotics_workspace_new/install/robokpy_interfaces/lib'
[152.513s] Level 1:colcon.colcon_core.shell:create_environment_hook('robokpy_interfaces', 'ld_library_path_lib')
[152.513s] INFO:colcon.colcon_core.shell:Creating environment hook '/home/meta/Documents/robotics_workspace_new/install/robokpy_interfaces/share/robokpy_interfaces/hook/ld_library_path_lib.ps1'
[152.514s] INFO:colcon.colcon_core.shell:Creating environment descriptor '/home/meta/Documents/robotics_workspace_new/install/robokpy_interfaces/share/robokpy_interfaces/hook/ld_library_path_lib.dsv'
[152.518s] INFO:colcon.colcon_core.shell:Creating environment hook '/home/meta/Documents/robotics_workspace_new/install/robokpy_interfaces/share/robokpy_interfaces/hook/ld_library_path_lib.sh'
[152.519s] Level 1:colcon.colcon_core.environment:checking '/home/meta/Documents/robotics_workspace_new/install/robokpy_interfaces/bin'
[152.519s] Level 1:colcon.colcon_core.environment:checking '/home/meta/Documents/robotics_workspace_new/install/robokpy_interfaces/lib/pkgconfig/robokpy_interfaces.pc'
[152.522s] Level 1:colcon.colcon_core.environment:checking '/home/meta/Documents/robotics_workspace_new/install/robokpy_interfaces/lib/python3.12/site-packages'
[152.522s] Level 1:colcon.colcon_core.shell:create_environment_hook('robokpy_interfaces', 'pythonpath')
[152.523s] INFO:colcon.colcon_core.shell:Creating environment hook '/home/meta/Documents/robotics_workspace_new/install/robokpy_interfaces/share/robokpy_interfaces/hook/pythonpath.ps1'
[152.526s] INFO:colcon.colcon_core.shell:Creating environment descriptor '/home/meta/Documents/robotics_workspace_new/install/robokpy_interfaces/share/robokpy_interfaces/hook/pythonpath.dsv'
[152.528s] INFO:colcon.colcon_core.shell:Creating environment hook '/home/meta/Documents/robotics_workspace_new/install/robokpy_interfaces/share/robokpy_interfaces/hook/pythonpath.sh'
[152.530s] Level 1:colcon.colcon_core.environment:checking '/home/meta/Documents/robotics_workspace_new/install/robokpy_interfaces/bin'
[152.531s] INFO:colcon.colcon_core.shell:Creating package script '/home/meta/Documents/robotics_workspace_new/install/robokpy_interfaces/share/robokpy_interfaces/package.ps1'
[152.534s] INFO:colcon.colcon_core.shell:Creating package descriptor '/home/meta/Documents/robotics_workspace_new/install/robokpy_interfaces/share/robokpy_interfaces/package.dsv'
[152.535s] INFO:colcon.colcon_core.shell:Creating package script '/home/meta/Documents/robotics_workspace_new/install/robokpy_interfaces/share/robokpy_interfaces/package.sh'
[152.536s] INFO:colcon.colcon_core.shell:Creating package script '/home/meta/Documents/robotics_workspace_new/install/robokpy_interfaces/share/robokpy_interfaces/package.bash'
[152.537s] INFO:colcon.colcon_core.shell:Creating package script '/home/meta/Documents/robotics_workspace_new/install/robokpy_interfaces/share/robokpy_interfaces/package.zsh'
[152.538s] Level 1:colcon.colcon_core.environment:create_file_with_runtime_dependencies(/home/meta/Documents/robotics_workspace_new/install/robokpy_interfaces/share/colcon-core/packages/robokpy_interfaces)
[152.539s] INFO:colcon.colcon_ros.task.ament_python.build:Building ROS package in '/home/meta/Documents/robotics_workspace_new/src/robokpy_controller' with build type 'ament_python'
[152.539s] Level 1:colcon.colcon_core.shell:create_environment_hook('robokpy_controller', 'ament_prefix_path')
[152.540s] INFO:colcon.colcon_core.shell:Creating environment hook '/home/meta/Documents/robotics_workspace_new/install/robokpy_controller/share/robokpy_controller/hook/ament_prefix_path.ps1'
[152.541s] INFO:colcon.colcon_core.shell:Creating environment descriptor '/home/meta/Documents/robotics_workspace_new/install/robokpy_controller/share/robokpy_controller/hook/ament_prefix_path.dsv'
[152.543s] INFO:colcon.colcon_core.shell:Creating environment hook '/home/meta/Documents/robotics_workspace_new/install/robokpy_controller/share/robokpy_controller/hook/ament_prefix_path.sh'
[152.545s] INFO:colcon.colcon_core.shell:Skip shell extension 'powershell' for command environment: Not usable outside of PowerShell
[152.546s] DEBUG:colcon.colcon_core.shell:Skip shell extension 'dsv' for command environment
[153.218s] INFO:colcon.colcon_core.task.python.build:Building Python package in '/home/meta/Documents/robotics_workspace_new/src/robokpy_controller'
[153.219s] INFO:colcon.colcon_core.shell:Skip shell extension 'powershell' for command environment: Not usable outside of PowerShell
[153.219s] DEBUG:colcon.colcon_core.shell:Skip shell extension 'dsv' for command environment
[155.121s] DEBUG:colcon.colcon_core.event_handler.log_command:Invoking command in '/home/meta/Documents/robotics_workspace_new/src/robokpy_controller': DEBUGINFOD_URLS=https://debuginfod.ubuntu.com PYTHONPATH=/home/meta/Documents/robotics_workspace_new/build/robokpy_controller/prefix_override:/usr/lib/python3/dist-packages/colcon_core/task/python/colcon_distutils_commands:/home/meta/Documents/robotics_workspace_new/install/robokpy_controller/lib/python3.12/site-packages:/home/meta/Documents/robotics_workspace_new/install/robokpy_interfaces/lib/python3.12/site-packages:/home/meta/Documents/robotics_workspace_new/install/robokpy_controller/lib/python3.12/site-packages:/home/meta/Documents/robotics_workspace_new/install/robokpy/lib/python3.12/site-packages:/opt/ros/jazzy/lib/python3.12/site-packages /usr/bin/python3 -W ignore:setup.py install is deprecated setup.py egg_info --egg-base ../../build/robokpy_controller build --build-base /home/meta/Documents/robotics_workspace_new/build/robokpy_controller/build install --record /home/meta/Documents/robotics_workspace_new/build/robokpy_controller/install.log --single-version-externally-managed install_data
[157.090s] Level 1:colcon.colcon_core.environment:checking '/home/meta/Documents/robotics_workspace_new/install/robokpy_controller' for CMake module files
[157.092s] DEBUG:colcon.colcon_core.event_handler.log_command:Invoked command in '/home/meta/Documents/robotics_workspace_new/src/robokpy_controller' returned '0': DEBUGINFOD_URLS=https://debuginfod.ubuntu.com PYTHONPATH=/home/meta/Documents/robotics_workspace_new/build/robokpy_controller/prefix_override:/usr/lib/python3/dist-packages/colcon_core/task/python/colcon_distutils_commands:/home/meta/Documents/robotics_workspace_new/install/robokpy_controller/lib/python3.12/site-packages:/home/meta/Documents/robotics_workspace_new/install/robokpy_interfaces/lib/python3.12/site-packages:/home/meta/Documents/robotics_workspace_new/install/robokpy_controller/lib/python3.12/site-packages:/home/meta/Documents/robotics_workspace_new/install/robokpy/lib/python3.12/site-packages:/opt/ros/jazzy/lib/python3.12/site-packages /usr/bin/python3 -W ignore:setup.py install is deprecated setup.py egg_info --egg-base ../../build/robokpy_controller build --build-base /home/meta/Documents/robotics_workspace_new/build/robokpy_controller/build install --record /home/meta/Documents/robotics_workspace_new/build/robokpy_controller/install.log --single-version-externally-managed install_data
[157.093s] Level 1:colcon.colcon_core.environment:checking '/home/meta/Documents/robotics_workspace_new/install/robokpy_controller' for CMake config files
[157.094s] Level 1:colcon.colcon_core.environment:checking '/home/meta/Documents/robotics_workspace_new/install/robokpy_controller/lib'
[157.095s] Level 1:colcon.colcon_core.environment:checking '/home/meta/Documents/robotics_workspace_new/install/robokpy_controller/bin'
[157.095s] Level 1:colcon.colcon_core.environment:checking '/home/meta/Documents/robotics_workspace_new/install/robokpy_controller/lib/pkgconfig/robokpy_controller.pc'
[157.095s] Level 1:colcon.colcon_core.environment:checking '/home/meta/Documents/robotics_workspace_new/install/robokpy_controller/lib/python3.12/site-packages'
[157.096s] Level 1:colcon.colcon_core.shell:create_environment_hook('robokpy_controller', 'pythonpath')
[157.096s] INFO:colcon.colcon_core.shell:Creating environment hook '/home/meta/Documents/robotics_workspace_new/install/robokpy_controller/share/robokpy_controller/hook/pythonpath.ps1'
[157.097s] INFO:colcon.colcon_core.shell:Creating environment descriptor '/home/meta/Documents/robotics_workspace_new/install/robokpy_controller/share/robokpy_controller/hook/pythonpath.dsv'
[157.098s] INFO:colcon.colcon_core.shell:Creating environment hook '/home/meta/Documents/robotics_workspace_new/install/robokpy_controller/share/robokpy_controller/hook/pythonpath.sh'
[157.099s] Level 1:colcon.colcon_core.environment:checking '/home/meta/Documents/robotics_workspace_new/install/robokpy_controller/bin'
[157.099s] Level 1:colcon.colcon_core.environment:create_environment_scripts_only(robokpy_controller)
[157.100s] INFO:colcon.colcon_core.shell:Creating package script '/home/meta/Documents/robotics_workspace_new/install/robokpy_controller/share/robokpy_controller/package.ps1'
[157.101s] INFO:colcon.colcon_core.shell:Creating package descriptor '/home/meta/Documents/robotics_workspace_new/install/robokpy_controller/share/robokpy_controller/package.dsv'
[157.102s] INFO:colcon.colcon_core.shell:Creating package script '/home/meta/Documents/robotics_workspace_new/install/robokpy_controller/share/robokpy_controller/package.sh'
[157.103s] INFO:colcon.colcon_core.shell:Creating package script '/home/meta/Documents/robotics_workspace_new/install/robokpy_controller/share/robokpy_controller/package.bash'
[157.104s] INFO:colcon.colcon_core.shell:Creating package script '/home/meta/Documents/robotics_workspace_new/install/robokpy_controller/share/robokpy_controller/package.zsh'
[157.105s] Level 1:colcon.colcon_core.environment:create_file_with_runtime_dependencies(/home/meta/Documents/robotics_workspace_new/install/robokpy_controller/share/colcon-core/packages/robokpy_controller)
[157.105s] DEBUG:colcon.colcon_parallel_executor.executor.parallel:closing loop
[157.106s] DEBUG:colcon.colcon_parallel_executor.executor.parallel:loop closed
[157.106s] DEBUG:colcon.colcon_parallel_executor.executor.parallel:run_until_complete finished with '0'
[157.107s] DEBUG:colcon.colcon_core.event_reactor:joining thread
[157.122s] INFO:colcon.colcon_core.plugin_system:Skipping extension 'colcon_notification.desktop_notification.terminal_notifier': Not used on non-Darwin systems
[157.122s] INFO:colcon.colcon_core.plugin_system:Skipping extension 'colcon_notification.desktop_notification.win32': Not used on non-Windows systems
[157.122s] INFO:colcon.colcon_notification.desktop_notification:Sending desktop notification using 'notify2'
[157.144s] DEBUG:colcon.colcon_core.event_reactor:joined thread
[157.144s] INFO:colcon.colcon_core.shell:Creating prefix script '/home/meta/Documents/robotics_workspace_new/install/local_setup.ps1'
[157.146s] INFO:colcon.colcon_core.shell:Creating prefix util module '/home/meta/Documents/robotics_workspace_new/install/_local_setup_util_ps1.py'
[157.148s] INFO:colcon.colcon_core.shell:Creating prefix chain script '/home/meta/Documents/robotics_workspace_new/install/setup.ps1'
[157.149s] INFO:colcon.colcon_core.shell:Creating prefix script '/home/meta/Documents/robotics_workspace_new/install/local_setup.sh'
[157.151s] INFO:colcon.colcon_core.shell:Creating prefix util module '/home/meta/Documents/robotics_workspace_new/install/_local_setup_util_sh.py'
[157.152s] INFO:colcon.colcon_core.shell:Creating prefix chain script '/home/meta/Documents/robotics_workspace_new/install/setup.sh'
[157.154s] INFO:colcon.colcon_core.shell:Creating prefix script '/home/meta/Documents/robotics_workspace_new/install/local_setup.bash'
[157.155s] INFO:colcon.colcon_core.shell:Creating prefix chain script '/home/meta/Documents/robotics_workspace_new/install/setup.bash'
[157.157s] INFO:colcon.colcon_core.shell:Creating prefix script '/home/meta/Documents/robotics_workspace_new/install/local_setup.zsh'
[157.158s] INFO:colcon.colcon_core.shell:Creating prefix chain script '/home/meta/Documents/robotics_workspace_new/install/setup.zsh'
