[4.356s] Invoking command in '/home/meta/Documents/robotics_workspace_new/src/robokpy_controller': DEBUGINFOD_URLS=https://debuginfod.ubuntu.com PYTHONPATH=/home/meta/Documents/robotics_workspace_new/build/robokpy_controller/prefix_override:/usr/lib/python3/dist-packages/colcon_core/task/python/colcon_distutils_commands:/home/meta/Documents/robotics_workspace_new/install/robokpy_controller/lib/python3.12/site-packages:/home/meta/Documents/robotics_workspace_new/install/robokpy_interfaces/lib/python3.12/site-packages:/home/meta/Documents/robotics_workspace_new/install/robokpy_controller/lib/python3.12/site-packages:/home/meta/Documents/robotics_workspace_new/install/robokpy/lib/python3.12/site-packages:/opt/ros/jazzy/lib/python3.12/site-packages /usr/bin/python3 -W ignore:setup.py install is deprecated setup.py egg_info --egg-base ../../build/robokpy_controller build --build-base /home/meta/Documents/robotics_workspace_new/build/robokpy_controller/build install --record /home/meta/Documents/robotics_workspace_new/build/robokpy_controller/install.log --single-version-externally-managed install_data
[5.551s] running egg_info
[5.648s] writing ../../build/robokpy_controller/robokpy_controller.egg-info/PKG-INFO
[5.651s] writing dependency_links to ../../build/robokpy_controller/robokpy_controller.egg-info/dependency_links.txt
[5.652s] writing entry points to ../../build/robokpy_controller/robokpy_controller.egg-info/entry_points.txt
[5.652s] writing requirements to ../../build/robokpy_controller/robokpy_controller.egg-info/requires.txt
[5.652s] writing top-level names to ../../build/robokpy_controller/robokpy_controller.egg-info/top_level.txt
[5.870s] reading manifest file '../../build/robokpy_controller/robokpy_controller.egg-info/SOURCES.txt'
[5.876s] writing manifest file '../../build/robokpy_controller/robokpy_controller.egg-info/SOURCES.txt'
[5.877s] running build
[5.877s] running build_py
[5.880s] running install
[5.900s] running install_lib
[6.005s] running install_data
[6.008s] copying meshes/mycobot_280_m5/visual/joint3.png -> /home/meta/Documents/robotics_workspace_new/install/robokpy_controller/share/robokpy_controller/meshes/mycobot_280_m5/visual
[6.009s] copying meshes/mycobot_280_m5/visual/joint4.png -> /home/meta/Documents/robotics_workspace_new/install/robokpy_controller/share/robokpy_controller/meshes/mycobot_280_m5/visual
[6.010s] copying meshes/mycobot_280_m5/visual/joint1.png -> /home/meta/Documents/robotics_workspace_new/install/robokpy_controller/share/robokpy_controller/meshes/mycobot_280_m5/visual
[6.010s] copying meshes/mycobot_280_m5/visual/joint5.png -> /home/meta/Documents/robotics_workspace_new/install/robokpy_controller/share/robokpy_controller/meshes/mycobot_280_m5/visual
[6.010s] copying meshes/mycobot_280_m5/visual/joint7.png -> /home/meta/Documents/robotics_workspace_new/install/robokpy_controller/share/robokpy_controller/meshes/mycobot_280_m5/visual
[6.011s] copying meshes/mycobot_280_m5/visual/joint2.png -> /home/meta/Documents/robotics_workspace_new/install/robokpy_controller/share/robokpy_controller/meshes/mycobot_280_m5/visual
[6.011s] copying meshes/mycobot_280_m5/visual/joint6.png -> /home/meta/Documents/robotics_workspace_new/install/robokpy_controller/share/robokpy_controller/meshes/mycobot_280_m5/visual
[6.013s] copying meshes/mycobot_280_m5/collision/joint3.png -> /home/meta/Documents/robotics_workspace_new/install/robokpy_controller/share/robokpy_controller/meshes/mycobot_280_m5/collision
[6.015s] copying meshes/mycobot_280_m5/collision/joint4.png -> /home/meta/Documents/robotics_workspace_new/install/robokpy_controller/share/robokpy_controller/meshes/mycobot_280_m5/collision
[6.018s] copying meshes/mycobot_280_m5/collision/joint1.png -> /home/meta/Documents/robotics_workspace_new/install/robokpy_controller/share/robokpy_controller/meshes/mycobot_280_m5/collision
[6.019s] copying meshes/mycobot_280_m5/collision/joint5.png -> /home/meta/Documents/robotics_workspace_new/install/robokpy_controller/share/robokpy_controller/meshes/mycobot_280_m5/collision
[6.019s] copying meshes/mycobot_280_m5/collision/joint7.png -> /home/meta/Documents/robotics_workspace_new/install/robokpy_controller/share/robokpy_controller/meshes/mycobot_280_m5/collision
[6.019s] copying meshes/mycobot_280_m5/collision/joint2.png -> /home/meta/Documents/robotics_workspace_new/install/robokpy_controller/share/robokpy_controller/meshes/mycobot_280_m5/collision
[6.023s] copying meshes/mycobot_280_m5/collision/joint6.png -> /home/meta/Documents/robotics_workspace_new/install/robokpy_controller/share/robokpy_controller/meshes/mycobot_280_m5/collision
[6.023s] running install_egg_info
[6.131s] removing '/home/meta/Documents/robotics_workspace_new/install/robokpy_controller/lib/python3.12/site-packages/robokpy_controller-0.0.0-py3.12.egg-info' (and everything under it)
[6.137s] Copying ../../build/robokpy_controller/robokpy_controller.egg-info to /home/meta/Documents/robotics_workspace_new/install/robokpy_controller/lib/python3.12/site-packages/robokpy_controller-0.0.0-py3.12.egg-info
[6.138s] running install_scripts
[6.660s] Installing grasp_attach_bridge script to /home/meta/Documents/robotics_workspace_new/install/robokpy_controller/lib/robokpy_controller
[6.660s] Installing joint_jog_server script to /home/meta/Documents/robotics_workspace_new/install/robokpy_controller/lib/robokpy_controller
[6.660s] Installing kinematic_solver script to /home/meta/Documents/robotics_workspace_new/install/robokpy_controller/lib/robokpy_controller
[6.661s] Installing kinematics_server script to /home/meta/Documents/robotics_workspace_new/install/robokpy_controller/lib/robokpy_controller
[6.661s] Installing motion_planner script to /home/meta/Documents/robotics_workspace_new/install/robokpy_controller/lib/robokpy_controller
[6.661s] Installing object_pose_resolver script to /home/meta/Documents/robotics_workspace_new/install/robokpy_controller/lib/robokpy_controller
[6.662s] Installing object_spawner script to /home/meta/Documents/robotics_workspace_new/install/robokpy_controller/lib/robokpy_controller
[6.662s] Installing orchestrator script to /home/meta/Documents/robotics_workspace_new/install/robokpy_controller/lib/robokpy_controller
[6.663s] Installing pose_target_interface script to /home/meta/Documents/robotics_workspace_new/install/robokpy_controller/lib/robokpy_controller
[6.663s] Installing robot_command_server script to /home/meta/Documents/robotics_workspace_new/install/robokpy_controller/lib/robokpy_controller
[6.663s] Installing robot_description_viewer script to /home/meta/Documents/robotics_workspace_new/install/robokpy_controller/lib/robokpy_controller
[6.664s] Installing robot_state_interface_virtual script to /home/meta/Documents/robotics_workspace_new/install/robokpy_controller/lib/robokpy_controller
[6.664s] Installing robot_state_manager script to /home/meta/Documents/robotics_workspace_new/install/robokpy_controller/lib/robokpy_controller
[6.664s] Installing safety_bridge script to /home/meta/Documents/robotics_workspace_new/install/robokpy_controller/lib/robokpy_controller
[6.665s] Installing tool_action_server script to /home/meta/Documents/robotics_workspace_new/install/robokpy_controller/lib/robokpy_controller
[6.665s] Installing trajectory_plotter script to /home/meta/Documents/robotics_workspace_new/install/robokpy_controller/lib/robokpy_controller
[6.665s] Installing virtual_jog_relay script to /home/meta/Documents/robotics_workspace_new/install/robokpy_controller/lib/robokpy_controller
[6.667s] writing list of installed files to '/home/meta/Documents/robotics_workspace_new/build/robokpy_controller/install.log'
[6.738s] Invoked command in '/home/meta/Documents/robotics_workspace_new/src/robokpy_controller' returned '0': DEBUGINFOD_URLS=https://debuginfod.ubuntu.com PYTHONPATH=/home/meta/Documents/robotics_workspace_new/build/robokpy_controller/prefix_override:/usr/lib/python3/dist-packages/colcon_core/task/python/colcon_distutils_commands:/home/meta/Documents/robotics_workspace_new/install/robokpy_controller/lib/python3.12/site-packages:/home/meta/Documents/robotics_workspace_new/install/robokpy_interfaces/lib/python3.12/site-packages:/home/meta/Documents/robotics_workspace_new/install/robokpy_controller/lib/python3.12/site-packages:/home/meta/Documents/robotics_workspace_new/install/robokpy/lib/python3.12/site-packages:/opt/ros/jazzy/lib/python3.12/site-packages /usr/bin/python3 -W ignore:setup.py install is deprecated setup.py egg_info --egg-base ../../build/robokpy_controller build --build-base /home/meta/Documents/robotics_workspace_new/build/robokpy_controller/build install --record /home/meta/Documents/robotics_workspace_new/build/robokpy_controller/install.log --single-version-externally-managed install_data
