/home/meta/Documents/robotics_workspace_new/mycobot_pi/install/mycobot_pi_motus/lib/python3.12/site-packages/mycobot_pi_motus/__init__.py
/home/meta/Documents/robotics_workspace_new/mycobot_pi/install/mycobot_pi_motus/lib/python3.12/site-packages/mycobot_pi_motus/__pycache__/__init__.cpython-312.pyc
/home/meta/Documents/robotics_workspace_new/mycobot_pi/install/mycobot_pi_motus/share/ament_index/resource_index/packages/mycobot_pi_motus
/home/meta/Documents/robotics_workspace_new/mycobot_pi/install/mycobot_pi_motus/share/mycobot_pi_motus/package.xml
/home/meta/Documents/robotics_workspace_new/mycobot_pi/install/mycobot_pi_motus/share/mycobot_pi_motus/resource/mycobot_pi_motus
/home/meta/Documents/robotics_workspace_new/mycobot_pi/install/mycobot_pi_motus/share/mycobot_pi_motus/urdf/mycobot_pi.urdf.xacro
/home/meta/Documents/robotics_workspace_new/mycobot_pi/install/mycobot_pi_motus/share/mycobot_pi_motus/config/controllers.yaml
/home/meta/Documents/robotics_workspace_new/mycobot_pi/install/mycobot_pi_motus/share/mycobot_pi_motus/config/robot.yaml
/home/meta/Documents/robotics_workspace_new/mycobot_pi/install/mycobot_pi_motus/share/mycobot_pi_motus/launch/mycobot_pi.launch.py
/home/meta/Documents/robotics_workspace_new/mycobot_pi/install/mycobot_pi_motus/share/mycobot_pi_motus/meshes/camera_flange.dae
/home/meta/Documents/robotics_workspace_new/mycobot_pi/install/mycobot_pi_motus/share/mycobot_pi_motus/meshes/joint1_pi.dae
/home/meta/Documents/robotics_workspace_new/mycobot_pi/install/mycobot_pi_motus/share/mycobot_pi_motus/meshes/joint2.dae
/home/meta/Documents/robotics_workspace_new/mycobot_pi/install/mycobot_pi_motus/share/mycobot_pi_motus/meshes/joint3.dae
/home/meta/Documents/robotics_workspace_new/mycobot_pi/install/mycobot_pi_motus/share/mycobot_pi_motus/meshes/joint4.dae
/home/meta/Documents/robotics_workspace_new/mycobot_pi/install/mycobot_pi_motus/share/mycobot_pi_motus/meshes/joint5.dae
/home/meta/Documents/robotics_workspace_new/mycobot_pi/install/mycobot_pi_motus/share/mycobot_pi_motus/meshes/G_base.dae
/home/meta/Documents/robotics_workspace_new/mycobot_pi/install/mycobot_pi_motus/share/mycobot_pi_motus/meshes/joint7.dae
/home/meta/Documents/robotics_workspace_new/mycobot_pi/install/mycobot_pi_motus/share/mycobot_pi_motus/meshes/joint6.dae
/home/meta/Documents/robotics_workspace_new/mycobot_pi/install/mycobot_pi_motus/lib/python3.12/site-packages/mycobot_pi_motus-0.0.0-py3.12.egg-info/dependency_links.txt
/home/meta/Documents/robotics_workspace_new/mycobot_pi/install/mycobot_pi_motus/lib/python3.12/site-packages/mycobot_pi_motus-0.0.0-py3.12.egg-info/requires.txt
/home/meta/Documents/robotics_workspace_new/mycobot_pi/install/mycobot_pi_motus/lib/python3.12/site-packages/mycobot_pi_motus-0.0.0-py3.12.egg-info/SOURCES.txt
/home/meta/Documents/robotics_workspace_new/mycobot_pi/install/mycobot_pi_motus/lib/python3.12/site-packages/mycobot_pi_motus-0.0.0-py3.12.egg-info/PKG-INFO
/home/meta/Documents/robotics_workspace_new/mycobot_pi/install/mycobot_pi_motus/lib/python3.12/site-packages/mycobot_pi_motus-0.0.0-py3.12.egg-info/zip-safe
/home/meta/Documents/robotics_workspace_new/mycobot_pi/install/mycobot_pi_motus/lib/python3.12/site-packages/mycobot_pi_motus-0.0.0-py3.12.egg-info/top_level.txt
