[4.696s] Invoking command in '/home/meta/Documents/robotics_workspace_new/src/robokpy_controller': AMENT_PREFIX_PATH=/home/meta/Documents/robotics_workspace_new/install/robokpy_interfaces:${AMENT_PREFIX_PATH} CMAKE_PREFIX_PATH=/home/meta/Documents/robotics_workspace_new/install/robokpy_interfaces:${CMAKE_PREFIX_PATH} DEBUGINFOD_URLS=https://debuginfod.ubuntu.com LD_LIBRARY_PATH=/home/meta/Documents/robotics_workspace_new/install/robokpy_interfaces/lib:${LD_LIBRARY_PATH} PYTHONPATH=/home/meta/Documents/robotics_workspace_new/build/robokpy_controller/prefix_override:/usr/lib/python3/dist-packages/colcon_core/task/python/colcon_distutils_commands:/home/meta/Documents/robotics_workspace_new/install/robokpy_controller/lib/python3.12/site-packages:/home/meta/Documents/robotics_workspace_new/install/robokpy_interfaces/lib/python3.12/site-packages:${PYTHONPATH} /usr/bin/python3 -W ignore:setup.py install is deprecated setup.py egg_info --egg-base ../../build/robokpy_controller build --build-base /home/meta/Documents/robotics_workspace_new/build/robokpy_controller/build install --record /home/meta/Documents/robotics_workspace_new/build/robokpy_controller/install.log --single-version-externally-managed install_data
[5.830s] running egg_info
[5.914s] writing ../../build/robokpy_controller/robokpy_controller.egg-info/PKG-INFO
[5.915s] writing dependency_links to ../../build/robokpy_controller/robokpy_controller.egg-info/dependency_links.txt
[5.915s] writing entry points to ../../build/robokpy_controller/robokpy_controller.egg-info/entry_points.txt
[5.916s] writing requirements to ../../build/robokpy_controller/robokpy_controller.egg-info/requires.txt
[5.916s] writing top-level names to ../../build/robokpy_controller/robokpy_controller.egg-info/top_level.txt
[6.096s] reading manifest file '../../build/robokpy_controller/robokpy_controller.egg-info/SOURCES.txt'
[6.104s] writing manifest file '../../build/robokpy_controller/robokpy_controller.egg-info/SOURCES.txt'
[6.105s] running build
[6.105s] running build_py
[6.106s] copying robokpy_controller/motion_planner.py -> /home/meta/Documents/robotics_workspace_new/build/robokpy_controller/build/lib/robokpy_controller
[6.107s] running install
[6.123s] running install_lib
[6.207s] copying /home/meta/Documents/robotics_workspace_new/build/robokpy_controller/build/lib/robokpy_controller/motion_planner.py -> /home/meta/Documents/robotics_workspace_new/install/robokpy_controller/lib/python3.12/site-packages/robokpy_controller
[6.210s] byte-compiling /home/meta/Documents/robotics_workspace_new/install/robokpy_controller/lib/python3.12/site-packages/robokpy_controller/motion_planner.py to motion_planner.cpython-312.pyc
[6.228s] running install_data
[6.229s] copying robokpy_controller/recipes/pick_place_reorient_v1.yaml -> /home/meta/Documents/robotics_workspace_new/install/robokpy_controller/share/robokpy_controller/recipes
[6.231s] running install_egg_info
[6.318s] removing '/home/meta/Documents/robotics_workspace_new/install/robokpy_controller/lib/python3.12/site-packages/robokpy_controller-0.0.0-py3.12.egg-info' (and everything under it)
[6.319s] Copying ../../build/robokpy_controller/robokpy_controller.egg-info to /home/meta/Documents/robotics_workspace_new/install/robokpy_controller/lib/python3.12/site-packages/robokpy_controller-0.0.0-py3.12.egg-info
[6.320s] running install_scripts
[6.827s] Installing joint_jog_server script to /home/meta/Documents/robotics_workspace_new/install/robokpy_controller/lib/robokpy_controller
[6.827s] Installing kinematic_solver script to /home/meta/Documents/robotics_workspace_new/install/robokpy_controller/lib/robokpy_controller
[6.828s] Installing kinematics_server script to /home/meta/Documents/robotics_workspace_new/install/robokpy_controller/lib/robokpy_controller
[6.828s] Installing motion_planner script to /home/meta/Documents/robotics_workspace_new/install/robokpy_controller/lib/robokpy_controller
[6.828s] Installing orchestrator script to /home/meta/Documents/robotics_workspace_new/install/robokpy_controller/lib/robokpy_controller
[6.829s] Installing pose_target_interface script to /home/meta/Documents/robotics_workspace_new/install/robokpy_controller/lib/robokpy_controller
[6.829s] Installing robot_command_server script to /home/meta/Documents/robotics_workspace_new/install/robokpy_controller/lib/robokpy_controller
[6.830s] Installing robot_description_viewer script to /home/meta/Documents/robotics_workspace_new/install/robokpy_controller/lib/robokpy_controller
[6.830s] Installing robot_state_interface_virtual script to /home/meta/Documents/robotics_workspace_new/install/robokpy_controller/lib/robokpy_controller
[6.831s] Installing robot_state_manager script to /home/meta/Documents/robotics_workspace_new/install/robokpy_controller/lib/robokpy_controller
[6.831s] Installing safety_bridge script to /home/meta/Documents/robotics_workspace_new/install/robokpy_controller/lib/robokpy_controller
[6.831s] Installing tool_action_server script to /home/meta/Documents/robotics_workspace_new/install/robokpy_controller/lib/robokpy_controller
[6.832s] Installing trajectory_plotter script to /home/meta/Documents/robotics_workspace_new/install/robokpy_controller/lib/robokpy_controller
[6.832s] Installing virtual_jog_relay script to /home/meta/Documents/robotics_workspace_new/install/robokpy_controller/lib/robokpy_controller
[6.834s] writing list of installed files to '/home/meta/Documents/robotics_workspace_new/build/robokpy_controller/install.log'
[6.906s] Invoked command in '/home/meta/Documents/robotics_workspace_new/src/robokpy_controller' returned '0': AMENT_PREFIX_PATH=/home/meta/Documents/robotics_workspace_new/install/robokpy_interfaces:${AMENT_PREFIX_PATH} CMAKE_PREFIX_PATH=/home/meta/Documents/robotics_workspace_new/install/robokpy_interfaces:${CMAKE_PREFIX_PATH} DEBUGINFOD_URLS=https://debuginfod.ubuntu.com LD_LIBRARY_PATH=/home/meta/Documents/robotics_workspace_new/install/robokpy_interfaces/lib:${LD_LIBRARY_PATH} PYTHONPATH=/home/meta/Documents/robotics_workspace_new/build/robokpy_controller/prefix_override:/usr/lib/python3/dist-packages/colcon_core/task/python/colcon_distutils_commands:/home/meta/Documents/robotics_workspace_new/install/robokpy_controller/lib/python3.12/site-packages:/home/meta/Documents/robotics_workspace_new/install/robokpy_interfaces/lib/python3.12/site-packages:${PYTHONPATH} /usr/bin/python3 -W ignore:setup.py install is deprecated setup.py egg_info --egg-base ../../build/robokpy_controller build --build-base /home/meta/Documents/robotics_workspace_new/build/robokpy_controller/build install --record /home/meta/Documents/robotics_workspace_new/build/robokpy_controller/install.log --single-version-externally-managed install_data
