[0.298s] DEBUG:colcon:Command line arguments: ['/bin/colcon', 'build']
[0.299s] DEBUG:colcon:Parsed command line arguments: Namespace(log_base=None, log_level=None, verb_name='build', build_base='build', install_base='install', merge_install=False, symlink_install=False, test_result_base=None, continue_on_error=False, executor='parallel', parallel_workers=4, event_handlers=None, ignore_user_meta=False, metas=['./colcon.meta'], base_paths=['.'], packages_ignore=None, packages_ignore_regex=None, paths=None, packages_up_to=None, packages_up_to_regex=None, packages_above=None, packages_above_and_dependencies=None, packages_above_depth=None, packages_select_by_dep=None, packages_skip_by_dep=None, packages_skip_up_to=None, packages_select_build_failed=False, packages_skip_build_finished=False, packages_select_test_failures=False, packages_skip_test_passed=False, packages_select=None, packages_skip=None, packages_select_regex=None, packages_skip_regex=None, packages_start=None, packages_end=None, allow_overriding=[], cmake_args=None, cmake_target=None, cmake_target_skip_unavailable=False, cmake_clean_cache=False, cmake_clean_first=False, cmake_force_configure=False, ament_cmake_args=None, catkin_cmake_args=None, catkin_skip_building_tests=False, mixin_files=None, mixin=None, verb_parser=<colcon_mixin.mixin.mixin_argument.MixinArgumentDecorator object at 0x7fd85a00c6b0>, verb_extension=<colcon_core.verb.build.BuildVerb object at 0x7fd85a00c200>, main=<bound method BuildVerb.main of <colcon_core.verb.build.BuildVerb object at 0x7fd85a00c200>>, mixin_verb=('build',))
[0.381s] Level 1:colcon.colcon_core.package_discovery:discover_packages(colcon_meta) check parameters
[0.381s] Level 1:colcon.colcon_core.package_discovery:discover_packages(recursive) check parameters
[0.382s] Level 1:colcon.colcon_core.package_discovery:discover_packages(ignore) check parameters
[0.382s] Level 1:colcon.colcon_core.package_discovery:discover_packages(path) check parameters
[0.382s] Level 1:colcon.colcon_core.package_discovery:discover_packages(colcon_meta) discover
[0.382s] Level 1:colcon.colcon_core.package_discovery:discover_packages(recursive) discover
[0.382s] INFO:colcon.colcon_core.package_discovery:Crawling recursively for packages in '/home/meta/Documents/robotics_workspace_new'
[0.382s] Level 1:colcon.colcon_core.package_identification:_identify(.) by extensions ['ignore', 'ignore_ament_install']
[0.383s] Level 1:colcon.colcon_core.package_identification:_identify(.) by extension 'ignore'
[0.383s] Level 1:colcon.colcon_core.package_identification:_identify(.) by extension 'ignore_ament_install'
[0.383s] Level 1:colcon.colcon_core.package_identification:_identify(.) by extensions ['colcon_pkg']
[0.383s] Level 1:colcon.colcon_core.package_identification:_identify(.) by extension 'colcon_pkg'
[0.383s] Level 1:colcon.colcon_core.package_identification:_identify(.) by extensions ['colcon_meta']
[0.383s] Level 1:colcon.colcon_core.package_identification:_identify(.) by extension 'colcon_meta'
[0.383s] Level 1:colcon.colcon_core.package_identification:_identify(.) by extensions ['ros']
[0.383s] Level 1:colcon.colcon_core.package_identification:_identify(.) by extension 'ros'
[0.431s] Level 1:colcon.colcon_core.package_identification:_identify(.) by extensions ['cmake', 'python']
[0.431s] Level 1:colcon.colcon_core.package_identification:_identify(.) by extension 'cmake'
[0.431s] Level 1:colcon.colcon_core.package_identification:_identify(.) by extension 'python'
[0.431s] Level 1:colcon.colcon_core.package_identification:_identify(.) by extensions ['python_setup_py']
[0.431s] Level 1:colcon.colcon_core.package_identification:_identify(.) by extension 'python_setup_py'
[0.431s] Level 1:colcon.colcon_core.package_identification:_identify(Docs) by extensions ['ignore', 'ignore_ament_install']
[0.431s] Level 1:colcon.colcon_core.package_identification:_identify(Docs) by extension 'ignore'
[0.432s] Level 1:colcon.colcon_core.package_identification:_identify(Docs) by extension 'ignore_ament_install'
[0.432s] Level 1:colcon.colcon_core.package_identification:_identify(Docs) by extensions ['colcon_pkg']
[0.432s] Level 1:colcon.colcon_core.package_identification:_identify(Docs) by extension 'colcon_pkg'
[0.432s] Level 1:colcon.colcon_core.package_identification:_identify(Docs) by extensions ['colcon_meta']
[0.432s] Level 1:colcon.colcon_core.package_identification:_identify(Docs) by extension 'colcon_meta'
[0.432s] Level 1:colcon.colcon_core.package_identification:_identify(Docs) by extensions ['ros']
[0.432s] Level 1:colcon.colcon_core.package_identification:_identify(Docs) by extension 'ros'
[0.432s] Level 1:colcon.colcon_core.package_identification:_identify(Docs) by extensions ['cmake', 'python']
[0.432s] Level 1:colcon.colcon_core.package_identification:_identify(Docs) by extension 'cmake'
[0.432s] Level 1:colcon.colcon_core.package_identification:_identify(Docs) by extension 'python'
[0.433s] Level 1:colcon.colcon_core.package_identification:_identify(Docs) by extensions ['python_setup_py']
[0.433s] Level 1:colcon.colcon_core.package_identification:_identify(Docs) by extension 'python_setup_py'
[0.433s] Level 1:colcon.colcon_core.package_identification:_identify(build) by extensions ['ignore', 'ignore_ament_install']
[0.433s] Level 1:colcon.colcon_core.package_identification:_identify(build) by extension 'ignore'
[0.433s] Level 1:colcon.colcon_core.package_identification:_identify(build) ignored
[0.433s] Level 1:colcon.colcon_core.package_identification:_identify(install) by extensions ['ignore', 'ignore_ament_install']
[0.433s] Level 1:colcon.colcon_core.package_identification:_identify(install) by extension 'ignore'
[0.434s] Level 1:colcon.colcon_core.package_identification:_identify(install) ignored
[0.434s] Level 1:colcon.colcon_core.package_identification:_identify(log) by extensions ['ignore', 'ignore_ament_install']
[0.434s] Level 1:colcon.colcon_core.package_identification:_identify(log) by extension 'ignore'
[0.434s] Level 1:colcon.colcon_core.package_identification:_identify(log) ignored
[0.434s] Level 1:colcon.colcon_core.package_identification:_identify(src) by extensions ['ignore', 'ignore_ament_install']
[0.435s] Level 1:colcon.colcon_core.package_identification:_identify(src) by extension 'ignore'
[0.435s] Level 1:colcon.colcon_core.package_identification:_identify(src) by extension 'ignore_ament_install'
[0.435s] Level 1:colcon.colcon_core.package_identification:_identify(src) by extensions ['colcon_pkg']
[0.435s] Level 1:colcon.colcon_core.package_identification:_identify(src) by extension 'colcon_pkg'
[0.435s] Level 1:colcon.colcon_core.package_identification:_identify(src) by extensions ['colcon_meta']
[0.435s] Level 1:colcon.colcon_core.package_identification:_identify(src) by extension 'colcon_meta'
[0.435s] Level 1:colcon.colcon_core.package_identification:_identify(src) by extensions ['ros']
[0.435s] Level 1:colcon.colcon_core.package_identification:_identify(src) by extension 'ros'
[0.435s] Level 1:colcon.colcon_core.package_identification:_identify(src) by extensions ['cmake', 'python']
[0.436s] Level 1:colcon.colcon_core.package_identification:_identify(src) by extension 'cmake'
[0.436s] Level 1:colcon.colcon_core.package_identification:_identify(src) by extension 'python'
[0.436s] Level 1:colcon.colcon_core.package_identification:_identify(src) by extensions ['python_setup_py']
[0.436s] Level 1:colcon.colcon_core.package_identification:_identify(src) by extension 'python_setup_py'
[0.436s] Level 1:colcon.colcon_core.package_identification:_identify(src/robokpy) by extensions ['ignore', 'ignore_ament_install']
[0.436s] Level 1:colcon.colcon_core.package_identification:_identify(src/robokpy) by extension 'ignore'
[0.436s] Level 1:colcon.colcon_core.package_identification:_identify(src/robokpy) by extension 'ignore_ament_install'
[0.436s] Level 1:colcon.colcon_core.package_identification:_identify(src/robokpy) by extensions ['colcon_pkg']
[0.437s] Level 1:colcon.colcon_core.package_identification:_identify(src/robokpy) by extension 'colcon_pkg'
[0.437s] Level 1:colcon.colcon_core.package_identification:_identify(src/robokpy) by extensions ['colcon_meta']
[0.437s] Level 1:colcon.colcon_core.package_identification:_identify(src/robokpy) by extension 'colcon_meta'
[0.437s] Level 1:colcon.colcon_core.package_identification:_identify(src/robokpy) by extensions ['ros']
[0.437s] Level 1:colcon.colcon_core.package_identification:_identify(src/robokpy) by extension 'ros'
[0.450s] DEBUG:colcon.colcon_core.package_identification:Package 'src/robokpy' with type 'ros.ament_python' and name 'robokpy'
[0.450s] Level 1:colcon.colcon_core.package_identification:_identify(src/robokpy_controller) by extensions ['ignore', 'ignore_ament_install']
[0.450s] Level 1:colcon.colcon_core.package_identification:_identify(src/robokpy_controller) by extension 'ignore'
[0.450s] Level 1:colcon.colcon_core.package_identification:_identify(src/robokpy_controller) by extension 'ignore_ament_install'
[0.451s] Level 1:colcon.colcon_core.package_identification:_identify(src/robokpy_controller) by extensions ['colcon_pkg']
[0.451s] Level 1:colcon.colcon_core.package_identification:_identify(src/robokpy_controller) by extension 'colcon_pkg'
[0.451s] Level 1:colcon.colcon_core.package_identification:_identify(src/robokpy_controller) by extensions ['colcon_meta']
[0.451s] Level 1:colcon.colcon_core.package_identification:_identify(src/robokpy_controller) by extension 'colcon_meta'
[0.451s] Level 1:colcon.colcon_core.package_identification:_identify(src/robokpy_controller) by extensions ['ros']
[0.451s] Level 1:colcon.colcon_core.package_identification:_identify(src/robokpy_controller) by extension 'ros'
[0.453s] DEBUG:colcon.colcon_core.package_identification:Package 'src/robokpy_controller' with type 'ros.ament_python' and name 'robokpy_controller'
[0.453s] Level 1:colcon.colcon_core.package_identification:_identify(src/robokpy_interfaces) by extensions ['ignore', 'ignore_ament_install']
[0.453s] Level 1:colcon.colcon_core.package_identification:_identify(src/robokpy_interfaces) by extension 'ignore'
[0.453s] Level 1:colcon.colcon_core.package_identification:_identify(src/robokpy_interfaces) by extension 'ignore_ament_install'
[0.454s] Level 1:colcon.colcon_core.package_identification:_identify(src/robokpy_interfaces) by extensions ['colcon_pkg']
[0.454s] Level 1:colcon.colcon_core.package_identification:_identify(src/robokpy_interfaces) by extension 'colcon_pkg'
[0.454s] Level 1:colcon.colcon_core.package_identification:_identify(src/robokpy_interfaces) by extensions ['colcon_meta']
[0.454s] Level 1:colcon.colcon_core.package_identification:_identify(src/robokpy_interfaces) by extension 'colcon_meta'
[0.454s] Level 1:colcon.colcon_core.package_identification:_identify(src/robokpy_interfaces) by extensions ['ros']
[0.454s] Level 1:colcon.colcon_core.package_identification:_identify(src/robokpy_interfaces) by extension 'ros'
[0.455s] DEBUG:colcon.colcon_core.package_identification:Package 'src/robokpy_interfaces' with type 'ros.ament_cmake' and name 'robokpy_interfaces'
[0.456s] Level 1:colcon.colcon_core.package_discovery:discover_packages(recursive) using defaults
[0.456s] Level 1:colcon.colcon_core.package_discovery:discover_packages(ignore) discover
[0.456s] Level 1:colcon.colcon_core.package_discovery:discover_packages(ignore) using defaults
[0.456s] Level 1:colcon.colcon_core.package_discovery:discover_packages(path) discover
[0.456s] Level 1:colcon.colcon_core.package_discovery:discover_packages(path) using defaults
[0.537s] Level 1:colcon.colcon_core.package_discovery:discover_packages(prefix_path) check parameters
[0.538s] Level 1:colcon.colcon_core.package_discovery:discover_packages(prefix_path) discover
[0.595s] DEBUG:colcon.colcon_installed_package_information.package_discovery:Found 3 installed packages in /home/meta/Documents/robotics_workspace_new/install
[0.599s] DEBUG:colcon.colcon_installed_package_information.package_discovery:Found 430 installed packages in /opt/ros/jazzy
[0.601s] Level 1:colcon.colcon_core.package_discovery:discover_packages(prefix_path) using defaults
[5.824s] Level 5:colcon.colcon_core.verb:set package 'robokpy' build argument 'cmake_args' from command line to 'None'
[5.824s] Level 5:colcon.colcon_core.verb:set package 'robokpy' build argument 'cmake_target' from command line to 'None'
[5.825s] Level 5:colcon.colcon_core.verb:set package 'robokpy' build argument 'cmake_target_skip_unavailable' from command line to 'False'
[5.825s] Level 5:colcon.colcon_core.verb:set package 'robokpy' build argument 'cmake_clean_cache' from command line to 'False'
[5.825s] Level 5:colcon.colcon_core.verb:set package 'robokpy' build argument 'cmake_clean_first' from command line to 'False'
[5.825s] Level 5:colcon.colcon_core.verb:set package 'robokpy' build argument 'cmake_force_configure' from command line to 'False'
[5.825s] Level 5:colcon.colcon_core.verb:set package 'robokpy' build argument 'ament_cmake_args' from command line to 'None'
[5.825s] Level 5:colcon.colcon_core.verb:set package 'robokpy' build argument 'catkin_cmake_args' from command line to 'None'
[5.825s] Level 5:colcon.colcon_core.verb:set package 'robokpy' build argument 'catkin_skip_building_tests' from command line to 'False'
[5.825s] DEBUG:colcon.colcon_core.verb:Building package 'robokpy' with the following arguments: {'ament_cmake_args': None, 'build_base': '/home/meta/Documents/robotics_workspace_new/build/robokpy', 'catkin_cmake_args': None, 'catkin_skip_building_tests': False, 'cmake_args': None, 'cmake_clean_cache': False, 'cmake_clean_first': False, 'cmake_force_configure': False, 'cmake_target': None, 'cmake_target_skip_unavailable': False, 'install_base': '/home/meta/Documents/robotics_workspace_new/install/robokpy', 'merge_install': False, 'path': '/home/meta/Documents/robotics_workspace_new/src/robokpy', 'symlink_install': False, 'test_result_base': None}
[5.825s] Level 5:colcon.colcon_core.verb:set package 'robokpy_interfaces' build argument 'cmake_args' from command line to 'None'
[5.826s] Level 5:colcon.colcon_core.verb:set package 'robokpy_interfaces' build argument 'cmake_target' from command line to 'None'
[5.826s] Level 5:colcon.colcon_core.verb:set package 'robokpy_interfaces' build argument 'cmake_target_skip_unavailable' from command line to 'False'
[5.826s] Level 5:colcon.colcon_core.verb:set package 'robokpy_interfaces' build argument 'cmake_clean_cache' from command line to 'False'
[5.826s] Level 5:colcon.colcon_core.verb:set package 'robokpy_interfaces' build argument 'cmake_clean_first' from command line to 'False'
[5.826s] Level 5:colcon.colcon_core.verb:set package 'robokpy_interfaces' build argument 'cmake_force_configure' from command line to 'False'
[5.826s] Level 5:colcon.colcon_core.verb:set package 'robokpy_interfaces' build argument 'ament_cmake_args' from command line to 'None'
[5.826s] Level 5:colcon.colcon_core.verb:set package 'robokpy_interfaces' build argument 'catkin_cmake_args' from command line to 'None'
[5.826s] Level 5:colcon.colcon_core.verb:set package 'robokpy_interfaces' build argument 'catkin_skip_building_tests' from command line to 'False'
[5.826s] DEBUG:colcon.colcon_core.verb:Building package 'robokpy_interfaces' with the following arguments: {'ament_cmake_args': None, 'build_base': '/home/meta/Documents/robotics_workspace_new/build/robokpy_interfaces', 'catkin_cmake_args': None, 'catkin_skip_building_tests': False, 'cmake_args': None, 'cmake_clean_cache': False, 'cmake_clean_first': False, 'cmake_force_configure': False, 'cmake_target': None, 'cmake_target_skip_unavailable': False, 'install_base': '/home/meta/Documents/robotics_workspace_new/install/robokpy_interfaces', 'merge_install': False, 'path': '/home/meta/Documents/robotics_workspace_new/src/robokpy_interfaces', 'symlink_install': False, 'test_result_base': None}
[5.826s] Level 5:colcon.colcon_core.verb:set package 'robokpy_controller' build argument 'cmake_args' from command line to 'None'
[5.827s] Level 5:colcon.colcon_core.verb:set package 'robokpy_controller' build argument 'cmake_target' from command line to 'None'
[5.827s] Level 5:colcon.colcon_core.verb:set package 'robokpy_controller' build argument 'cmake_target_skip_unavailable' from command line to 'False'
[5.827s] Level 5:colcon.colcon_core.verb:set package 'robokpy_controller' build argument 'cmake_clean_cache' from command line to 'False'
[5.827s] Level 5:colcon.colcon_core.verb:set package 'robokpy_controller' build argument 'cmake_clean_first' from command line to 'False'
[5.827s] Level 5:colcon.colcon_core.verb:set package 'robokpy_controller' build argument 'cmake_force_configure' from command line to 'False'
[5.827s] Level 5:colcon.colcon_core.verb:set package 'robokpy_controller' build argument 'ament_cmake_args' from command line to 'None'
[5.827s] Level 5:colcon.colcon_core.verb:set package 'robokpy_controller' build argument 'catkin_cmake_args' from command line to 'None'
[5.827s] Level 5:colcon.colcon_core.verb:set package 'robokpy_controller' build argument 'catkin_skip_building_tests' from command line to 'False'
[5.827s] DEBUG:colcon.colcon_core.verb:Building package 'robokpy_controller' with the following arguments: {'ament_cmake_args': None, 'build_base': '/home/meta/Documents/robotics_workspace_new/build/robokpy_controller', 'catkin_cmake_args': None, 'catkin_skip_building_tests': False, 'cmake_args': None, 'cmake_clean_cache': False, 'cmake_clean_first': False, 'cmake_force_configure': False, 'cmake_target': None, 'cmake_target_skip_unavailable': False, 'install_base': '/home/meta/Documents/robotics_workspace_new/install/robokpy_controller', 'merge_install': False, 'path': '/home/meta/Documents/robotics_workspace_new/src/robokpy_controller', 'symlink_install': False, 'test_result_base': None}
[5.827s] INFO:colcon.colcon_core.executor:Executing jobs using 'parallel' executor
[5.829s] DEBUG:colcon.colcon_parallel_executor.executor.parallel:run_until_complete
[5.829s] INFO:colcon.colcon_ros.task.ament_cmake.build:Building ROS package in '/home/meta/Documents/robotics_workspace_new/src/robokpy_interfaces' with build type 'ament_cmake'
[5.830s] INFO:colcon.colcon_cmake.task.cmake.build:Building CMake package in '/home/meta/Documents/robotics_workspace_new/src/robokpy_interfaces'
[5.836s] INFO:colcon.colcon_core.plugin_system:Skipping extension 'colcon_core.shell.bat': Not used on non-Windows systems
[5.836s] INFO:colcon.colcon_core.shell:Skip shell extension 'powershell' for command environment: Not usable outside of PowerShell
[5.837s] DEBUG:colcon.colcon_core.shell:Skip shell extension 'dsv' for command environment
[5.848s] INFO:colcon.colcon_ros.task.ament_python.build:Building ROS package in '/home/meta/Documents/robotics_workspace_new/src/robokpy' with build type 'ament_python'
[5.849s] Level 1:colcon.colcon_core.shell:create_environment_hook('robokpy', 'ament_prefix_path')
[5.849s] INFO:colcon.colcon_core.shell:Creating environment hook '/home/meta/Documents/robotics_workspace_new/install/robokpy/share/robokpy/hook/ament_prefix_path.ps1'
[5.850s] INFO:colcon.colcon_core.shell:Creating environment descriptor '/home/meta/Documents/robotics_workspace_new/install/robokpy/share/robokpy/hook/ament_prefix_path.dsv'
[5.851s] INFO:colcon.colcon_core.shell:Creating environment hook '/home/meta/Documents/robotics_workspace_new/install/robokpy/share/robokpy/hook/ament_prefix_path.sh'
[5.853s] INFO:colcon.colcon_core.shell:Skip shell extension 'powershell' for command environment: Not usable outside of PowerShell
[5.853s] DEBUG:colcon.colcon_core.shell:Skip shell extension 'dsv' for command environment
[5.868s] DEBUG:colcon.colcon_core.event_handler.log_command:Invoking command in '/home/meta/Documents/robotics_workspace_new/build/robokpy_interfaces': CMAKE_PREFIX_PATH=${CMAKE_PREFIX_PATH}:/home/meta/Documents/robotics_workspace_new/install/robokpy_controller:/home/meta/Documents/robotics_workspace_new/install/robokpy:/opt/ros/jazzy DEBUGINFOD_URLS=https://debuginfod.ubuntu.com /bin/cmake --build /home/meta/Documents/robotics_workspace_new/build/robokpy_interfaces -- -j4 -l4
[7.146s] INFO:colcon.colcon_core.task.python.build:Building Python package in '/home/meta/Documents/robotics_workspace_new/src/robokpy'
[7.147s] INFO:colcon.colcon_core.shell:Skip shell extension 'powershell' for command environment: Not usable outside of PowerShell
[7.147s] DEBUG:colcon.colcon_core.shell:Skip shell extension 'dsv' for command environment
[7.824s] DEBUG:colcon.colcon_core.event_handler.log_command:Invoked command in '/home/meta/Documents/robotics_workspace_new/build/robokpy_interfaces' returned '0': CMAKE_PREFIX_PATH=${CMAKE_PREFIX_PATH}:/home/meta/Documents/robotics_workspace_new/install/robokpy_controller:/home/meta/Documents/robotics_workspace_new/install/robokpy:/opt/ros/jazzy DEBUGINFOD_URLS=https://debuginfod.ubuntu.com /bin/cmake --build /home/meta/Documents/robotics_workspace_new/build/robokpy_interfaces -- -j4 -l4
[8.802s] DEBUG:colcon.colcon_core.event_handler.log_command:Invoking command in '/home/meta/Documents/robotics_workspace_new/build/robokpy_interfaces': CMAKE_PREFIX_PATH=${CMAKE_PREFIX_PATH}:/home/meta/Documents/robotics_workspace_new/install/robokpy_controller:/home/meta/Documents/robotics_workspace_new/install/robokpy:/opt/ros/jazzy DEBUGINFOD_URLS=https://debuginfod.ubuntu.com /bin/cmake --install /home/meta/Documents/robotics_workspace_new/build/robokpy_interfaces
[9.095s] Level 1:colcon.colcon_core.environment:create_environment_scripts_only(robokpy_interfaces)
[9.097s] DEBUG:colcon.colcon_core.event_handler.log_command:Invoked command in '/home/meta/Documents/robotics_workspace_new/build/robokpy_interfaces' returned '0': CMAKE_PREFIX_PATH=${CMAKE_PREFIX_PATH}:/home/meta/Documents/robotics_workspace_new/install/robokpy_controller:/home/meta/Documents/robotics_workspace_new/install/robokpy:/opt/ros/jazzy DEBUGINFOD_URLS=https://debuginfod.ubuntu.com /bin/cmake --install /home/meta/Documents/robotics_workspace_new/build/robokpy_interfaces
[9.103s] Level 1:colcon.colcon_core.environment:checking '/home/meta/Documents/robotics_workspace_new/install/robokpy_interfaces' for CMake module files
[9.105s] Level 1:colcon.colcon_core.environment:checking '/home/meta/Documents/robotics_workspace_new/install/robokpy_interfaces' for CMake config files
[9.109s] Level 1:colcon.colcon_core.shell:create_environment_hook('robokpy_interfaces', 'cmake_prefix_path')
[9.110s] INFO:colcon.colcon_core.shell:Creating environment hook '/home/meta/Documents/robotics_workspace_new/install/robokpy_interfaces/share/robokpy_interfaces/hook/cmake_prefix_path.ps1'
[9.111s] INFO:colcon.colcon_core.shell:Creating environment descriptor '/home/meta/Documents/robotics_workspace_new/install/robokpy_interfaces/share/robokpy_interfaces/hook/cmake_prefix_path.dsv'
[9.112s] INFO:colcon.colcon_core.shell:Creating environment hook '/home/meta/Documents/robotics_workspace_new/install/robokpy_interfaces/share/robokpy_interfaces/hook/cmake_prefix_path.sh'
[9.113s] Level 1:colcon.colcon_core.environment:checking '/home/meta/Documents/robotics_workspace_new/install/robokpy_interfaces/lib'
[9.114s] Level 1:colcon.colcon_core.shell:create_environment_hook('robokpy_interfaces', 'ld_library_path_lib')
[9.114s] INFO:colcon.colcon_core.shell:Creating environment hook '/home/meta/Documents/robotics_workspace_new/install/robokpy_interfaces/share/robokpy_interfaces/hook/ld_library_path_lib.ps1'
[9.115s] INFO:colcon.colcon_core.shell:Creating environment descriptor '/home/meta/Documents/robotics_workspace_new/install/robokpy_interfaces/share/robokpy_interfaces/hook/ld_library_path_lib.dsv'
[9.116s] INFO:colcon.colcon_core.shell:Creating environment hook '/home/meta/Documents/robotics_workspace_new/install/robokpy_interfaces/share/robokpy_interfaces/hook/ld_library_path_lib.sh'
[9.117s] Level 1:colcon.colcon_core.environment:checking '/home/meta/Documents/robotics_workspace_new/install/robokpy_interfaces/bin'
[9.117s] Level 1:colcon.colcon_core.environment:checking '/home/meta/Documents/robotics_workspace_new/install/robokpy_interfaces/lib/pkgconfig/robokpy_interfaces.pc'
[9.118s] Level 1:colcon.colcon_core.environment:checking '/home/meta/Documents/robotics_workspace_new/install/robokpy_interfaces/lib/python3.12/site-packages'
[9.119s] Level 1:colcon.colcon_core.shell:create_environment_hook('robokpy_interfaces', 'pythonpath')
[9.119s] INFO:colcon.colcon_core.shell:Creating environment hook '/home/meta/Documents/robotics_workspace_new/install/robokpy_interfaces/share/robokpy_interfaces/hook/pythonpath.ps1'
[9.120s] INFO:colcon.colcon_core.shell:Creating environment descriptor '/home/meta/Documents/robotics_workspace_new/install/robokpy_interfaces/share/robokpy_interfaces/hook/pythonpath.dsv'
[9.121s] INFO:colcon.colcon_core.shell:Creating environment hook '/home/meta/Documents/robotics_workspace_new/install/robokpy_interfaces/share/robokpy_interfaces/hook/pythonpath.sh'
[9.122s] Level 1:colcon.colcon_core.environment:checking '/home/meta/Documents/robotics_workspace_new/install/robokpy_interfaces/bin'
[9.123s] INFO:colcon.colcon_core.shell:Creating package script '/home/meta/Documents/robotics_workspace_new/install/robokpy_interfaces/share/robokpy_interfaces/package.ps1'
[9.125s] INFO:colcon.colcon_core.shell:Creating package descriptor '/home/meta/Documents/robotics_workspace_new/install/robokpy_interfaces/share/robokpy_interfaces/package.dsv'
[9.127s] INFO:colcon.colcon_core.shell:Creating package script '/home/meta/Documents/robotics_workspace_new/install/robokpy_interfaces/share/robokpy_interfaces/package.sh'
[9.129s] INFO:colcon.colcon_core.shell:Creating package script '/home/meta/Documents/robotics_workspace_new/install/robokpy_interfaces/share/robokpy_interfaces/package.bash'
[9.131s] INFO:colcon.colcon_core.shell:Creating package script '/home/meta/Documents/robotics_workspace_new/install/robokpy_interfaces/share/robokpy_interfaces/package.zsh'
[9.132s] Level 1:colcon.colcon_core.environment:create_file_with_runtime_dependencies(/home/meta/Documents/robotics_workspace_new/install/robokpy_interfaces/share/colcon-core/packages/robokpy_interfaces)
[9.869s] DEBUG:colcon.colcon_core.event_handler.log_command:Invoking command in '/home/meta/Documents/robotics_workspace_new/src/robokpy': DEBUGINFOD_URLS=https://debuginfod.ubuntu.com PYTHONPATH=/home/meta/Documents/robotics_workspace_new/build/robokpy/prefix_override:/usr/lib/python3/dist-packages/colcon_core/task/python/colcon_distutils_commands:/home/meta/Documents/robotics_workspace_new/install/robokpy/lib/python3.12/site-packages:${PYTHONPATH} /usr/bin/python3 -W ignore:setup.py install is deprecated setup.py egg_info --egg-base ../../build/robokpy build --build-base /home/meta/Documents/robotics_workspace_new/build/robokpy/build install --record /home/meta/Documents/robotics_workspace_new/build/robokpy/install.log --single-version-externally-managed install_data
[11.079s] Level 1:colcon.colcon_core.environment:create_environment_scripts_only(robokpy_interfaces)
[11.080s] Level 1:colcon.colcon_core.environment:checking '/home/meta/Documents/robotics_workspace_new/install/robokpy_interfaces' for CMake module files
[11.088s] Level 1:colcon.colcon_core.environment:checking '/home/meta/Documents/robotics_workspace_new/install/robokpy_interfaces' for CMake config files
[11.101s] Level 1:colcon.colcon_core.shell:create_environment_hook('robokpy_interfaces', 'cmake_prefix_path')
[11.108s] INFO:colcon.colcon_core.shell:Creating environment hook '/home/meta/Documents/robotics_workspace_new/install/robokpy_interfaces/share/robokpy_interfaces/hook/cmake_prefix_path.ps1'
[11.111s] INFO:colcon.colcon_core.shell:Creating environment descriptor '/home/meta/Documents/robotics_workspace_new/install/robokpy_interfaces/share/robokpy_interfaces/hook/cmake_prefix_path.dsv'
[11.114s] INFO:colcon.colcon_core.shell:Creating environment hook '/home/meta/Documents/robotics_workspace_new/install/robokpy_interfaces/share/robokpy_interfaces/hook/cmake_prefix_path.sh'
[11.120s] Level 1:colcon.colcon_core.environment:checking '/home/meta/Documents/robotics_workspace_new/install/robokpy_interfaces/lib'
[11.124s] Level 1:colcon.colcon_core.shell:create_environment_hook('robokpy_interfaces', 'ld_library_path_lib')
[11.125s] INFO:colcon.colcon_core.shell:Creating environment hook '/home/meta/Documents/robotics_workspace_new/install/robokpy_interfaces/share/robokpy_interfaces/hook/ld_library_path_lib.ps1'
[11.130s] INFO:colcon.colcon_core.shell:Creating environment descriptor '/home/meta/Documents/robotics_workspace_new/install/robokpy_interfaces/share/robokpy_interfaces/hook/ld_library_path_lib.dsv'
[11.178s] INFO:colcon.colcon_core.shell:Creating environment hook '/home/meta/Documents/robotics_workspace_new/install/robokpy_interfaces/share/robokpy_interfaces/hook/ld_library_path_lib.sh'
[11.179s] Level 1:colcon.colcon_core.environment:checking '/home/meta/Documents/robotics_workspace_new/install/robokpy_interfaces/bin'
[11.180s] Level 1:colcon.colcon_core.environment:checking '/home/meta/Documents/robotics_workspace_new/install/robokpy_interfaces/lib/pkgconfig/robokpy_interfaces.pc'
[11.180s] Level 1:colcon.colcon_core.environment:checking '/home/meta/Documents/robotics_workspace_new/install/robokpy_interfaces/lib/python3.12/site-packages'
[11.181s] Level 1:colcon.colcon_core.shell:create_environment_hook('robokpy_interfaces', 'pythonpath')
[11.181s] INFO:colcon.colcon_core.shell:Creating environment hook '/home/meta/Documents/robotics_workspace_new/install/robokpy_interfaces/share/robokpy_interfaces/hook/pythonpath.ps1'
[11.182s] INFO:colcon.colcon_core.shell:Creating environment descriptor '/home/meta/Documents/robotics_workspace_new/install/robokpy_interfaces/share/robokpy_interfaces/hook/pythonpath.dsv'
[11.183s] INFO:colcon.colcon_core.shell:Creating environment hook '/home/meta/Documents/robotics_workspace_new/install/robokpy_interfaces/share/robokpy_interfaces/hook/pythonpath.sh'
[11.185s] Level 1:colcon.colcon_core.environment:checking '/home/meta/Documents/robotics_workspace_new/install/robokpy_interfaces/bin'
[11.186s] INFO:colcon.colcon_core.shell:Creating package script '/home/meta/Documents/robotics_workspace_new/install/robokpy_interfaces/share/robokpy_interfaces/package.ps1'
[11.187s] INFO:colcon.colcon_core.shell:Creating package descriptor '/home/meta/Documents/robotics_workspace_new/install/robokpy_interfaces/share/robokpy_interfaces/package.dsv'
[11.189s] INFO:colcon.colcon_core.shell:Creating package script '/home/meta/Documents/robotics_workspace_new/install/robokpy_interfaces/share/robokpy_interfaces/package.sh'
[11.191s] INFO:colcon.colcon_core.shell:Creating package script '/home/meta/Documents/robotics_workspace_new/install/robokpy_interfaces/share/robokpy_interfaces/package.bash'
[11.192s] INFO:colcon.colcon_core.shell:Creating package script '/home/meta/Documents/robotics_workspace_new/install/robokpy_interfaces/share/robokpy_interfaces/package.zsh'
[11.193s] Level 1:colcon.colcon_core.environment:create_file_with_runtime_dependencies(/home/meta/Documents/robotics_workspace_new/install/robokpy_interfaces/share/colcon-core/packages/robokpy_interfaces)
[11.194s] INFO:colcon.colcon_ros.task.ament_python.build:Building ROS package in '/home/meta/Documents/robotics_workspace_new/src/robokpy_controller' with build type 'ament_python'
[11.194s] Level 1:colcon.colcon_core.shell:create_environment_hook('robokpy_controller', 'ament_prefix_path')
[11.195s] INFO:colcon.colcon_core.shell:Creating environment hook '/home/meta/Documents/robotics_workspace_new/install/robokpy_controller/share/robokpy_controller/hook/ament_prefix_path.ps1'
[11.197s] INFO:colcon.colcon_core.shell:Creating environment descriptor '/home/meta/Documents/robotics_workspace_new/install/robokpy_controller/share/robokpy_controller/hook/ament_prefix_path.dsv'
[11.201s] INFO:colcon.colcon_core.shell:Creating environment hook '/home/meta/Documents/robotics_workspace_new/install/robokpy_controller/share/robokpy_controller/hook/ament_prefix_path.sh'
[11.206s] INFO:colcon.colcon_core.shell:Skip shell extension 'powershell' for command environment: Not usable outside of PowerShell
[11.208s] DEBUG:colcon.colcon_core.shell:Skip shell extension 'dsv' for command environment
[12.318s] INFO:colcon.colcon_core.task.python.build:Building Python package in '/home/meta/Documents/robotics_workspace_new/src/robokpy_controller'
[12.319s] INFO:colcon.colcon_core.shell:Skip shell extension 'powershell' for command environment: Not usable outside of PowerShell
[12.319s] DEBUG:colcon.colcon_core.shell:Skip shell extension 'dsv' for command environment
[13.439s] Level 1:colcon.colcon_core.environment:checking '/home/meta/Documents/robotics_workspace_new/install/robokpy' for CMake module files
[13.441s] Level 1:colcon.colcon_core.environment:checking '/home/meta/Documents/robotics_workspace_new/install/robokpy' for CMake config files
[13.442s] DEBUG:colcon.colcon_core.event_handler.log_command:Invoked command in '/home/meta/Documents/robotics_workspace_new/src/robokpy' returned '0': DEBUGINFOD_URLS=https://debuginfod.ubuntu.com PYTHONPATH=/home/meta/Documents/robotics_workspace_new/build/robokpy/prefix_override:/usr/lib/python3/dist-packages/colcon_core/task/python/colcon_distutils_commands:/home/meta/Documents/robotics_workspace_new/install/robokpy/lib/python3.12/site-packages:${PYTHONPATH} /usr/bin/python3 -W ignore:setup.py install is deprecated setup.py egg_info --egg-base ../../build/robokpy build --build-base /home/meta/Documents/robotics_workspace_new/build/robokpy/build install --record /home/meta/Documents/robotics_workspace_new/build/robokpy/install.log --single-version-externally-managed install_data
[13.446s] Level 1:colcon.colcon_core.environment:checking '/home/meta/Documents/robotics_workspace_new/install/robokpy/lib'
[13.446s] Level 1:colcon.colcon_core.environment:checking '/home/meta/Documents/robotics_workspace_new/install/robokpy/bin'
[13.446s] Level 1:colcon.colcon_core.environment:checking '/home/meta/Documents/robotics_workspace_new/install/robokpy/lib/pkgconfig/robokpy.pc'
[13.450s] Level 1:colcon.colcon_core.environment:checking '/home/meta/Documents/robotics_workspace_new/install/robokpy/lib/python3.12/site-packages'
[13.454s] Level 1:colcon.colcon_core.shell:create_environment_hook('robokpy', 'pythonpath')
[13.457s] INFO:colcon.colcon_core.shell:Creating environment hook '/home/meta/Documents/robotics_workspace_new/install/robokpy/share/robokpy/hook/pythonpath.ps1'
[13.464s] INFO:colcon.colcon_core.shell:Creating environment descriptor '/home/meta/Documents/robotics_workspace_new/install/robokpy/share/robokpy/hook/pythonpath.dsv'
[13.465s] INFO:colcon.colcon_core.shell:Creating environment hook '/home/meta/Documents/robotics_workspace_new/install/robokpy/share/robokpy/hook/pythonpath.sh'
[13.468s] Level 1:colcon.colcon_core.environment:checking '/home/meta/Documents/robotics_workspace_new/install/robokpy/bin'
[13.468s] Level 1:colcon.colcon_core.environment:create_environment_scripts_only(robokpy)
[13.472s] INFO:colcon.colcon_core.shell:Creating package script '/home/meta/Documents/robotics_workspace_new/install/robokpy/share/robokpy/package.ps1'
[13.477s] INFO:colcon.colcon_core.shell:Creating package descriptor '/home/meta/Documents/robotics_workspace_new/install/robokpy/share/robokpy/package.dsv'
[13.479s] INFO:colcon.colcon_core.shell:Creating package script '/home/meta/Documents/robotics_workspace_new/install/robokpy/share/robokpy/package.sh'
[13.484s] INFO:colcon.colcon_core.shell:Creating package script '/home/meta/Documents/robotics_workspace_new/install/robokpy/share/robokpy/package.bash'
[13.488s] INFO:colcon.colcon_core.shell:Creating package script '/home/meta/Documents/robotics_workspace_new/install/robokpy/share/robokpy/package.zsh'
[13.490s] Level 1:colcon.colcon_core.environment:create_file_with_runtime_dependencies(/home/meta/Documents/robotics_workspace_new/install/robokpy/share/colcon-core/packages/robokpy)
[15.563s] DEBUG:colcon.colcon_core.event_handler.log_command:Invoking command in '/home/meta/Documents/robotics_workspace_new/src/robokpy_controller': DEBUGINFOD_URLS=https://debuginfod.ubuntu.com PYTHONPATH=/home/meta/Documents/robotics_workspace_new/build/robokpy_controller/prefix_override:/usr/lib/python3/dist-packages/colcon_core/task/python/colcon_distutils_commands:/home/meta/Documents/robotics_workspace_new/install/robokpy_controller/lib/python3.12/site-packages:/home/meta/Documents/robotics_workspace_new/install/robokpy_interfaces/lib/python3.12/site-packages:/home/meta/Documents/robotics_workspace_new/install/robokpy_controller/lib/python3.12/site-packages:/home/meta/Documents/robotics_workspace_new/install/robokpy/lib/python3.12/site-packages:/opt/ros/jazzy/lib/python3.12/site-packages /usr/bin/python3 -W ignore:setup.py install is deprecated setup.py egg_info --egg-base ../../build/robokpy_controller build --build-base /home/meta/Documents/robotics_workspace_new/build/robokpy_controller/build install --record /home/meta/Documents/robotics_workspace_new/build/robokpy_controller/install.log --single-version-externally-managed install_data
[17.944s] Level 1:colcon.colcon_core.environment:checking '/home/meta/Documents/robotics_workspace_new/install/robokpy_controller' for CMake module files
[17.945s] DEBUG:colcon.colcon_core.event_handler.log_command:Invoked command in '/home/meta/Documents/robotics_workspace_new/src/robokpy_controller' returned '0': DEBUGINFOD_URLS=https://debuginfod.ubuntu.com PYTHONPATH=/home/meta/Documents/robotics_workspace_new/build/robokpy_controller/prefix_override:/usr/lib/python3/dist-packages/colcon_core/task/python/colcon_distutils_commands:/home/meta/Documents/robotics_workspace_new/install/robokpy_controller/lib/python3.12/site-packages:/home/meta/Documents/robotics_workspace_new/install/robokpy_interfaces/lib/python3.12/site-packages:/home/meta/Documents/robotics_workspace_new/install/robokpy_controller/lib/python3.12/site-packages:/home/meta/Documents/robotics_workspace_new/install/robokpy/lib/python3.12/site-packages:/opt/ros/jazzy/lib/python3.12/site-packages /usr/bin/python3 -W ignore:setup.py install is deprecated setup.py egg_info --egg-base ../../build/robokpy_controller build --build-base /home/meta/Documents/robotics_workspace_new/build/robokpy_controller/build install --record /home/meta/Documents/robotics_workspace_new/build/robokpy_controller/install.log --single-version-externally-managed install_data
[17.947s] Level 1:colcon.colcon_core.environment:checking '/home/meta/Documents/robotics_workspace_new/install/robokpy_controller' for CMake config files
[17.948s] Level 1:colcon.colcon_core.environment:checking '/home/meta/Documents/robotics_workspace_new/install/robokpy_controller/lib'
[17.948s] Level 1:colcon.colcon_core.environment:checking '/home/meta/Documents/robotics_workspace_new/install/robokpy_controller/bin'
[17.949s] Level 1:colcon.colcon_core.environment:checking '/home/meta/Documents/robotics_workspace_new/install/robokpy_controller/lib/pkgconfig/robokpy_controller.pc'
[17.949s] Level 1:colcon.colcon_core.environment:checking '/home/meta/Documents/robotics_workspace_new/install/robokpy_controller/lib/python3.12/site-packages'
[17.949s] Level 1:colcon.colcon_core.shell:create_environment_hook('robokpy_controller', 'pythonpath')
[17.950s] INFO:colcon.colcon_core.shell:Creating environment hook '/home/meta/Documents/robotics_workspace_new/install/robokpy_controller/share/robokpy_controller/hook/pythonpath.ps1'
[17.950s] INFO:colcon.colcon_core.shell:Creating environment descriptor '/home/meta/Documents/robotics_workspace_new/install/robokpy_controller/share/robokpy_controller/hook/pythonpath.dsv'
[17.951s] INFO:colcon.colcon_core.shell:Creating environment hook '/home/meta/Documents/robotics_workspace_new/install/robokpy_controller/share/robokpy_controller/hook/pythonpath.sh'
[17.952s] Level 1:colcon.colcon_core.environment:checking '/home/meta/Documents/robotics_workspace_new/install/robokpy_controller/bin'
[17.952s] Level 1:colcon.colcon_core.environment:create_environment_scripts_only(robokpy_controller)
[17.952s] INFO:colcon.colcon_core.shell:Creating package script '/home/meta/Documents/robotics_workspace_new/install/robokpy_controller/share/robokpy_controller/package.ps1'
[17.953s] INFO:colcon.colcon_core.shell:Creating package descriptor '/home/meta/Documents/robotics_workspace_new/install/robokpy_controller/share/robokpy_controller/package.dsv'
[17.954s] INFO:colcon.colcon_core.shell:Creating package script '/home/meta/Documents/robotics_workspace_new/install/robokpy_controller/share/robokpy_controller/package.sh'
[17.955s] INFO:colcon.colcon_core.shell:Creating package script '/home/meta/Documents/robotics_workspace_new/install/robokpy_controller/share/robokpy_controller/package.bash'
[17.955s] INFO:colcon.colcon_core.shell:Creating package script '/home/meta/Documents/robotics_workspace_new/install/robokpy_controller/share/robokpy_controller/package.zsh'
[17.956s] Level 1:colcon.colcon_core.environment:create_file_with_runtime_dependencies(/home/meta/Documents/robotics_workspace_new/install/robokpy_controller/share/colcon-core/packages/robokpy_controller)
[17.956s] DEBUG:colcon.colcon_parallel_executor.executor.parallel:closing loop
[17.957s] DEBUG:colcon.colcon_parallel_executor.executor.parallel:loop closed
[17.957s] DEBUG:colcon.colcon_parallel_executor.executor.parallel:run_until_complete finished with '0'
[17.957s] DEBUG:colcon.colcon_core.event_reactor:joining thread
[17.975s] INFO:colcon.colcon_core.plugin_system:Skipping extension 'colcon_notification.desktop_notification.terminal_notifier': Not used on non-Darwin systems
[17.975s] INFO:colcon.colcon_core.plugin_system:Skipping extension 'colcon_notification.desktop_notification.win32': Not used on non-Windows systems
[17.975s] INFO:colcon.colcon_notification.desktop_notification:Sending desktop notification using 'notify2'
[17.993s] DEBUG:colcon.colcon_core.event_reactor:joined thread
[17.994s] INFO:colcon.colcon_core.shell:Creating prefix script '/home/meta/Documents/robotics_workspace_new/install/local_setup.ps1'
[17.995s] INFO:colcon.colcon_core.shell:Creating prefix util module '/home/meta/Documents/robotics_workspace_new/install/_local_setup_util_ps1.py'
[17.997s] INFO:colcon.colcon_core.shell:Creating prefix chain script '/home/meta/Documents/robotics_workspace_new/install/setup.ps1'
[17.998s] INFO:colcon.colcon_core.shell:Creating prefix script '/home/meta/Documents/robotics_workspace_new/install/local_setup.sh'
[17.999s] INFO:colcon.colcon_core.shell:Creating prefix util module '/home/meta/Documents/robotics_workspace_new/install/_local_setup_util_sh.py'
[18.000s] INFO:colcon.colcon_core.shell:Creating prefix chain script '/home/meta/Documents/robotics_workspace_new/install/setup.sh'
[18.002s] INFO:colcon.colcon_core.shell:Creating prefix script '/home/meta/Documents/robotics_workspace_new/install/local_setup.bash'
[18.003s] INFO:colcon.colcon_core.shell:Creating prefix chain script '/home/meta/Documents/robotics_workspace_new/install/setup.bash'
[18.005s] INFO:colcon.colcon_core.shell:Creating prefix script '/home/meta/Documents/robotics_workspace_new/install/local_setup.zsh'
[18.005s] INFO:colcon.colcon_core.shell:Creating prefix chain script '/home/meta/Documents/robotics_workspace_new/install/setup.zsh'
