/home/meta/Documents/robotics_workspace_new/install/motus_cli/lib/python3.12/site-packages/motus_cli/__init__.py
/home/meta/Documents/robotics_workspace_new/install/motus_cli/lib/python3.12/site-packages/motus_cli/cli.py
/home/meta/Documents/robotics_workspace_new/install/motus_cli/lib/python3.12/site-packages/motus_cli/builder/build_cmd.py
/home/meta/Documents/robotics_workspace_new/install/motus_cli/lib/python3.12/site-packages/motus_cli/builder/ros2_control_injector.py
/home/meta/Documents/robotics_workspace_new/install/motus_cli/lib/python3.12/site-packages/motus_cli/builder/robot_add.py
/home/meta/Documents/robotics_workspace_new/install/motus_cli/lib/python3.12/site-packages/motus_cli/builder/doctor.py
/home/meta/Documents/robotics_workspace_new/install/motus_cli/lib/python3.12/site-packages/motus_cli/builder/kinematic_analyzer.py
/home/meta/Documents/robotics_workspace_new/install/motus_cli/lib/python3.12/site-packages/motus_cli/builder/resource_resolver.py
/home/meta/Documents/robotics_workspace_new/install/motus_cli/lib/python3.12/site-packages/motus_cli/builder/xacro_support.py
/home/meta/Documents/robotics_workspace_new/install/motus_cli/lib/python3.12/site-packages/motus_cli/builder/urdf_parser.py
/home/meta/Documents/robotics_workspace_new/install/motus_cli/lib/python3.12/site-packages/motus_cli/builder/launch_cmd.py
/home/meta/Documents/robotics_workspace_new/install/motus_cli/lib/python3.12/site-packages/motus_cli/builder/__init__.py
/home/meta/Documents/robotics_workspace_new/install/motus_cli/lib/python3.12/site-packages/motus_cli/builder/templates.py
/home/meta/Documents/robotics_workspace_new/install/motus_cli/lib/python3.12/site-packages/motus_cli/builder/package_generator.py
/home/meta/Documents/robotics_workspace_new/install/motus_cli/lib/python3.12/site-packages/motus_cli/builder/config_generator.py
/home/meta/Documents/robotics_workspace_new/install/motus_cli/lib/python3.12/site-packages/motus_cli/__pycache__/__init__.cpython-312.pyc
/home/meta/Documents/robotics_workspace_new/install/motus_cli/lib/python3.12/site-packages/motus_cli/__pycache__/cli.cpython-312.pyc
/home/meta/Documents/robotics_workspace_new/install/motus_cli/lib/python3.12/site-packages/motus_cli/builder/__pycache__/build_cmd.cpython-312.pyc
/home/meta/Documents/robotics_workspace_new/install/motus_cli/lib/python3.12/site-packages/motus_cli/builder/__pycache__/ros2_control_injector.cpython-312.pyc
/home/meta/Documents/robotics_workspace_new/install/motus_cli/lib/python3.12/site-packages/motus_cli/builder/__pycache__/robot_add.cpython-312.pyc
/home/meta/Documents/robotics_workspace_new/install/motus_cli/lib/python3.12/site-packages/motus_cli/builder/__pycache__/doctor.cpython-312.pyc
/home/meta/Documents/robotics_workspace_new/install/motus_cli/lib/python3.12/site-packages/motus_cli/builder/__pycache__/kinematic_analyzer.cpython-312.pyc
/home/meta/Documents/robotics_workspace_new/install/motus_cli/lib/python3.12/site-packages/motus_cli/builder/__pycache__/resource_resolver.cpython-312.pyc
/home/meta/Documents/robotics_workspace_new/install/motus_cli/lib/python3.12/site-packages/motus_cli/builder/__pycache__/xacro_support.cpython-312.pyc
/home/meta/Documents/robotics_workspace_new/install/motus_cli/lib/python3.12/site-packages/motus_cli/builder/__pycache__/urdf_parser.cpython-312.pyc
/home/meta/Documents/robotics_workspace_new/install/motus_cli/lib/python3.12/site-packages/motus_cli/builder/__pycache__/launch_cmd.cpython-312.pyc
/home/meta/Documents/robotics_workspace_new/install/motus_cli/lib/python3.12/site-packages/motus_cli/builder/__pycache__/__init__.cpython-312.pyc
/home/meta/Documents/robotics_workspace_new/install/motus_cli/lib/python3.12/site-packages/motus_cli/builder/__pycache__/templates.cpython-312.pyc
/home/meta/Documents/robotics_workspace_new/install/motus_cli/lib/python3.12/site-packages/motus_cli/builder/__pycache__/package_generator.cpython-312.pyc
/home/meta/Documents/robotics_workspace_new/install/motus_cli/lib/python3.12/site-packages/motus_cli/builder/__pycache__/config_generator.cpython-312.pyc
/home/meta/Documents/robotics_workspace_new/install/motus_cli/lib/python3.12/site-packages/motus_cli-0.1.0-py3.12.egg-info/dependency_links.txt
/home/meta/Documents/robotics_workspace_new/install/motus_cli/lib/python3.12/site-packages/motus_cli-0.1.0-py3.12.egg-info/requires.txt
/home/meta/Documents/robotics_workspace_new/install/motus_cli/lib/python3.12/site-packages/motus_cli-0.1.0-py3.12.egg-info/SOURCES.txt
/home/meta/Documents/robotics_workspace_new/install/motus_cli/lib/python3.12/site-packages/motus_cli-0.1.0-py3.12.egg-info/PKG-INFO
/home/meta/Documents/robotics_workspace_new/install/motus_cli/lib/python3.12/site-packages/motus_cli-0.1.0-py3.12.egg-info/top_level.txt
/home/meta/Documents/robotics_workspace_new/install/motus_cli/lib/python3.12/site-packages/motus_cli-0.1.0-py3.12.egg-info/entry_points.txt
/home/meta/Documents/robotics_workspace_new/install/motus_cli/bin/motus
