[0.687s] DEBUG:colcon:Command line arguments: ['/bin/colcon', 'build']
[0.688s] DEBUG:colcon:Parsed command line arguments: Namespace(log_base=None, log_level=None, verb_name='build', build_base='build', install_base='install', merge_install=False, symlink_install=False, test_result_base=None, continue_on_error=False, executor='parallel', parallel_workers=4, event_handlers=None, ignore_user_meta=False, metas=['./colcon.meta'], base_paths=['.'], packages_ignore=None, packages_ignore_regex=None, paths=None, packages_up_to=None, packages_up_to_regex=None, packages_above=None, packages_above_and_dependencies=None, packages_above_depth=None, packages_select_by_dep=None, packages_skip_by_dep=None, packages_skip_up_to=None, packages_select_build_failed=False, packages_skip_build_finished=False, packages_select_test_failures=False, packages_skip_test_passed=False, packages_select=None, packages_skip=None, packages_select_regex=None, packages_skip_regex=None, packages_start=None, packages_end=None, allow_overriding=[], cmake_args=None, cmake_target=None, cmake_target_skip_unavailable=False, cmake_clean_cache=False, cmake_clean_first=False, cmake_force_configure=False, ament_cmake_args=None, catkin_cmake_args=None, catkin_skip_building_tests=False, mixin_files=None, mixin=None, verb_parser=<colcon_mixin.mixin.mixin_argument.MixinArgumentDecorator object at 0x7706fbc087d0>, verb_extension=<colcon_core.verb.build.BuildVerb object at 0x7706fbc08410>, main=<bound method BuildVerb.main of <colcon_core.verb.build.BuildVerb object at 0x7706fbc08410>>, mixin_verb=('build',))
[0.859s] Level 1:colcon.colcon_core.package_discovery:discover_packages(colcon_meta) check parameters
[0.860s] Level 1:colcon.colcon_core.package_discovery:discover_packages(recursive) check parameters
[0.860s] Level 1:colcon.colcon_core.package_discovery:discover_packages(ignore) check parameters
[0.860s] Level 1:colcon.colcon_core.package_discovery:discover_packages(path) check parameters
[0.860s] Level 1:colcon.colcon_core.package_discovery:discover_packages(colcon_meta) discover
[0.861s] Level 1:colcon.colcon_core.package_discovery:discover_packages(recursive) discover
[0.861s] INFO:colcon.colcon_core.package_discovery:Crawling recursively for packages in '/home/meta/Documents/robotics_workspace_new'
[0.862s] Level 1:colcon.colcon_core.package_identification:_identify(.) by extensions ['ignore', 'ignore_ament_install']
[0.862s] Level 1:colcon.colcon_core.package_identification:_identify(.) by extension 'ignore'
[0.863s] Level 1:colcon.colcon_core.package_identification:_identify(.) by extension 'ignore_ament_install'
[0.863s] Level 1:colcon.colcon_core.package_identification:_identify(.) by extensions ['colcon_pkg']
[0.863s] Level 1:colcon.colcon_core.package_identification:_identify(.) by extension 'colcon_pkg'
[0.863s] Level 1:colcon.colcon_core.package_identification:_identify(.) by extensions ['colcon_meta']
[0.863s] Level 1:colcon.colcon_core.package_identification:_identify(.) by extension 'colcon_meta'
[0.863s] Level 1:colcon.colcon_core.package_identification:_identify(.) by extensions ['ros']
[0.863s] Level 1:colcon.colcon_core.package_identification:_identify(.) by extension 'ros'
[0.968s] Level 1:colcon.colcon_core.package_identification:_identify(.) by extensions ['cmake', 'python']
[0.968s] Level 1:colcon.colcon_core.package_identification:_identify(.) by extension 'cmake'
[0.968s] Level 1:colcon.colcon_core.package_identification:_identify(.) by extension 'python'
[0.968s] Level 1:colcon.colcon_core.package_identification:_identify(.) by extensions ['python_setup_py']
[0.968s] Level 1:colcon.colcon_core.package_identification:_identify(.) by extension 'python_setup_py'
[0.969s] Level 1:colcon.colcon_core.package_identification:_identify(Docs) by extensions ['ignore', 'ignore_ament_install']
[0.969s] Level 1:colcon.colcon_core.package_identification:_identify(Docs) by extension 'ignore'
[0.970s] Level 1:colcon.colcon_core.package_identification:_identify(Docs) by extension 'ignore_ament_install'
[0.970s] Level 1:colcon.colcon_core.package_identification:_identify(Docs) by extensions ['colcon_pkg']
[0.970s] Level 1:colcon.colcon_core.package_identification:_identify(Docs) by extension 'colcon_pkg'
[0.970s] Level 1:colcon.colcon_core.package_identification:_identify(Docs) by extensions ['colcon_meta']
[0.970s] Level 1:colcon.colcon_core.package_identification:_identify(Docs) by extension 'colcon_meta'
[0.970s] Level 1:colcon.colcon_core.package_identification:_identify(Docs) by extensions ['ros']
[0.970s] Level 1:colcon.colcon_core.package_identification:_identify(Docs) by extension 'ros'
[0.971s] Level 1:colcon.colcon_core.package_identification:_identify(Docs) by extensions ['cmake', 'python']
[0.971s] Level 1:colcon.colcon_core.package_identification:_identify(Docs) by extension 'cmake'
[0.971s] Level 1:colcon.colcon_core.package_identification:_identify(Docs) by extension 'python'
[0.971s] Level 1:colcon.colcon_core.package_identification:_identify(Docs) by extensions ['python_setup_py']
[0.971s] Level 1:colcon.colcon_core.package_identification:_identify(Docs) by extension 'python_setup_py'
[0.972s] Level 1:colcon.colcon_core.package_identification:_identify(build) by extensions ['ignore', 'ignore_ament_install']
[0.972s] Level 1:colcon.colcon_core.package_identification:_identify(build) by extension 'ignore'
[0.972s] Level 1:colcon.colcon_core.package_identification:_identify(build) ignored
[0.972s] Level 1:colcon.colcon_core.package_identification:_identify(install) by extensions ['ignore', 'ignore_ament_install']
[0.973s] Level 1:colcon.colcon_core.package_identification:_identify(install) by extension 'ignore'
[0.973s] Level 1:colcon.colcon_core.package_identification:_identify(install) ignored
[0.974s] Level 1:colcon.colcon_core.package_identification:_identify(log) by extensions ['ignore', 'ignore_ament_install']
[0.974s] Level 1:colcon.colcon_core.package_identification:_identify(log) by extension 'ignore'
[0.975s] Level 1:colcon.colcon_core.package_identification:_identify(log) ignored
[0.975s] Level 1:colcon.colcon_core.package_identification:_identify(src) by extensions ['ignore', 'ignore_ament_install']
[0.975s] Level 1:colcon.colcon_core.package_identification:_identify(src) by extension 'ignore'
[0.976s] Level 1:colcon.colcon_core.package_identification:_identify(src) by extension 'ignore_ament_install'
[0.976s] Level 1:colcon.colcon_core.package_identification:_identify(src) by extensions ['colcon_pkg']
[0.976s] Level 1:colcon.colcon_core.package_identification:_identify(src) by extension 'colcon_pkg'
[0.976s] Level 1:colcon.colcon_core.package_identification:_identify(src) by extensions ['colcon_meta']
[0.976s] Level 1:colcon.colcon_core.package_identification:_identify(src) by extension 'colcon_meta'
[0.976s] Level 1:colcon.colcon_core.package_identification:_identify(src) by extensions ['ros']
[0.976s] Level 1:colcon.colcon_core.package_identification:_identify(src) by extension 'ros'
[0.977s] Level 1:colcon.colcon_core.package_identification:_identify(src) by extensions ['cmake', 'python']
[0.977s] Level 1:colcon.colcon_core.package_identification:_identify(src) by extension 'cmake'
[0.977s] Level 1:colcon.colcon_core.package_identification:_identify(src) by extension 'python'
[0.977s] Level 1:colcon.colcon_core.package_identification:_identify(src) by extensions ['python_setup_py']
[0.977s] Level 1:colcon.colcon_core.package_identification:_identify(src) by extension 'python_setup_py'
[0.978s] Level 1:colcon.colcon_core.package_identification:_identify(src/robokpy) by extensions ['ignore', 'ignore_ament_install']
[0.978s] Level 1:colcon.colcon_core.package_identification:_identify(src/robokpy) by extension 'ignore'
[0.978s] Level 1:colcon.colcon_core.package_identification:_identify(src/robokpy) by extension 'ignore_ament_install'
[0.978s] Level 1:colcon.colcon_core.package_identification:_identify(src/robokpy) by extensions ['colcon_pkg']
[0.979s] Level 1:colcon.colcon_core.package_identification:_identify(src/robokpy) by extension 'colcon_pkg'
[0.979s] Level 1:colcon.colcon_core.package_identification:_identify(src/robokpy) by extensions ['colcon_meta']
[0.979s] Level 1:colcon.colcon_core.package_identification:_identify(src/robokpy) by extension 'colcon_meta'
[0.979s] Level 1:colcon.colcon_core.package_identification:_identify(src/robokpy) by extensions ['ros']
[0.979s] Level 1:colcon.colcon_core.package_identification:_identify(src/robokpy) by extension 'ros'
[0.991s] DEBUG:colcon.colcon_core.package_identification:Package 'src/robokpy' with type 'ros.ament_python' and name 'robokpy'
[0.992s] Level 1:colcon.colcon_core.package_identification:_identify(src/robokpy_controller) by extensions ['ignore', 'ignore_ament_install']
[0.992s] Level 1:colcon.colcon_core.package_identification:_identify(src/robokpy_controller) by extension 'ignore'
[0.993s] Level 1:colcon.colcon_core.package_identification:_identify(src/robokpy_controller) by extension 'ignore_ament_install'
[0.993s] Level 1:colcon.colcon_core.package_identification:_identify(src/robokpy_controller) by extensions ['colcon_pkg']
[0.993s] Level 1:colcon.colcon_core.package_identification:_identify(src/robokpy_controller) by extension 'colcon_pkg'
[0.993s] Level 1:colcon.colcon_core.package_identification:_identify(src/robokpy_controller) by extensions ['colcon_meta']
[0.993s] Level 1:colcon.colcon_core.package_identification:_identify(src/robokpy_controller) by extension 'colcon_meta'
[0.995s] Level 1:colcon.colcon_core.package_identification:_identify(src/robokpy_controller) by extensions ['ros']
[0.996s] Level 1:colcon.colcon_core.package_identification:_identify(src/robokpy_controller) by extension 'ros'
[1.000s] DEBUG:colcon.colcon_core.package_identification:Package 'src/robokpy_controller' with type 'ros.ament_python' and name 'robokpy_controller'
[1.000s] Level 1:colcon.colcon_core.package_identification:_identify(src/robokpy_interfaces) by extensions ['ignore', 'ignore_ament_install']
[1.001s] Level 1:colcon.colcon_core.package_identification:_identify(src/robokpy_interfaces) by extension 'ignore'
[1.001s] Level 1:colcon.colcon_core.package_identification:_identify(src/robokpy_interfaces) by extension 'ignore_ament_install'
[1.001s] Level 1:colcon.colcon_core.package_identification:_identify(src/robokpy_interfaces) by extensions ['colcon_pkg']
[1.001s] Level 1:colcon.colcon_core.package_identification:_identify(src/robokpy_interfaces) by extension 'colcon_pkg'
[1.001s] Level 1:colcon.colcon_core.package_identification:_identify(src/robokpy_interfaces) by extensions ['colcon_meta']
[1.001s] Level 1:colcon.colcon_core.package_identification:_identify(src/robokpy_interfaces) by extension 'colcon_meta'
[1.001s] Level 1:colcon.colcon_core.package_identification:_identify(src/robokpy_interfaces) by extensions ['ros']
[1.002s] Level 1:colcon.colcon_core.package_identification:_identify(src/robokpy_interfaces) by extension 'ros'
[1.004s] DEBUG:colcon.colcon_core.package_identification:Package 'src/robokpy_interfaces' with type 'ros.ament_cmake' and name 'robokpy_interfaces'
[1.005s] Level 1:colcon.colcon_core.package_discovery:discover_packages(recursive) using defaults
[1.005s] Level 1:colcon.colcon_core.package_discovery:discover_packages(ignore) discover
[1.005s] Level 1:colcon.colcon_core.package_discovery:discover_packages(ignore) using defaults
[1.005s] Level 1:colcon.colcon_core.package_discovery:discover_packages(path) discover
[1.005s] Level 1:colcon.colcon_core.package_discovery:discover_packages(path) using defaults
[1.091s] Level 1:colcon.colcon_core.package_discovery:discover_packages(prefix_path) check parameters
[1.091s] Level 1:colcon.colcon_core.package_discovery:discover_packages(prefix_path) discover
[1.098s] DEBUG:colcon.colcon_installed_package_information.package_discovery:Found 3 installed packages in /home/meta/Documents/robotics_workspace_new/install
[1.112s] DEBUG:colcon.colcon_installed_package_information.package_discovery:Found 430 installed packages in /opt/ros/jazzy
[1.117s] Level 1:colcon.colcon_core.package_discovery:discover_packages(prefix_path) using defaults
[1.427s] Level 5:colcon.colcon_core.verb:set package 'robokpy' build argument 'cmake_args' from command line to 'None'
[1.427s] Level 5:colcon.colcon_core.verb:set package 'robokpy' build argument 'cmake_target' from command line to 'None'
[1.427s] Level 5:colcon.colcon_core.verb:set package 'robokpy' build argument 'cmake_target_skip_unavailable' from command line to 'False'
[1.427s] Level 5:colcon.colcon_core.verb:set package 'robokpy' build argument 'cmake_clean_cache' from command line to 'False'
[1.427s] Level 5:colcon.colcon_core.verb:set package 'robokpy' build argument 'cmake_clean_first' from command line to 'False'
[1.428s] Level 5:colcon.colcon_core.verb:set package 'robokpy' build argument 'cmake_force_configure' from command line to 'False'
[1.428s] Level 5:colcon.colcon_core.verb:set package 'robokpy' build argument 'ament_cmake_args' from command line to 'None'
[1.428s] Level 5:colcon.colcon_core.verb:set package 'robokpy' build argument 'catkin_cmake_args' from command line to 'None'
[1.428s] Level 5:colcon.colcon_core.verb:set package 'robokpy' build argument 'catkin_skip_building_tests' from command line to 'False'
[1.428s] DEBUG:colcon.colcon_core.verb:Building package 'robokpy' with the following arguments: {'ament_cmake_args': None, 'build_base': '/home/meta/Documents/robotics_workspace_new/build/robokpy', 'catkin_cmake_args': None, 'catkin_skip_building_tests': False, 'cmake_args': None, 'cmake_clean_cache': False, 'cmake_clean_first': False, 'cmake_force_configure': False, 'cmake_target': None, 'cmake_target_skip_unavailable': False, 'install_base': '/home/meta/Documents/robotics_workspace_new/install/robokpy', 'merge_install': False, 'path': '/home/meta/Documents/robotics_workspace_new/src/robokpy', 'symlink_install': False, 'test_result_base': None}
[1.429s] Level 5:colcon.colcon_core.verb:set package 'robokpy_interfaces' build argument 'cmake_args' from command line to 'None'
[1.429s] Level 5:colcon.colcon_core.verb:set package 'robokpy_interfaces' build argument 'cmake_target' from command line to 'None'
[1.430s] Level 5:colcon.colcon_core.verb:set package 'robokpy_interfaces' build argument 'cmake_target_skip_unavailable' from command line to 'False'
[1.430s] Level 5:colcon.colcon_core.verb:set package 'robokpy_interfaces' build argument 'cmake_clean_cache' from command line to 'False'
[1.430s] Level 5:colcon.colcon_core.verb:set package 'robokpy_interfaces' build argument 'cmake_clean_first' from command line to 'False'
[1.430s] Level 5:colcon.colcon_core.verb:set package 'robokpy_interfaces' build argument 'cmake_force_configure' from command line to 'False'
[1.430s] Level 5:colcon.colcon_core.verb:set package 'robokpy_interfaces' build argument 'ament_cmake_args' from command line to 'None'
[1.430s] Level 5:colcon.colcon_core.verb:set package 'robokpy_interfaces' build argument 'catkin_cmake_args' from command line to 'None'
[1.430s] Level 5:colcon.colcon_core.verb:set package 'robokpy_interfaces' build argument 'catkin_skip_building_tests' from command line to 'False'
[1.430s] DEBUG:colcon.colcon_core.verb:Building package 'robokpy_interfaces' with the following arguments: {'ament_cmake_args': None, 'build_base': '/home/meta/Documents/robotics_workspace_new/build/robokpy_interfaces', 'catkin_cmake_args': None, 'catkin_skip_building_tests': False, 'cmake_args': None, 'cmake_clean_cache': False, 'cmake_clean_first': False, 'cmake_force_configure': False, 'cmake_target': None, 'cmake_target_skip_unavailable': False, 'install_base': '/home/meta/Documents/robotics_workspace_new/install/robokpy_interfaces', 'merge_install': False, 'path': '/home/meta/Documents/robotics_workspace_new/src/robokpy_interfaces', 'symlink_install': False, 'test_result_base': None}
[1.431s] Level 5:colcon.colcon_core.verb:set package 'robokpy_controller' build argument 'cmake_args' from command line to 'None'
[1.432s] Level 5:colcon.colcon_core.verb:set package 'robokpy_controller' build argument 'cmake_target' from command line to 'None'
[1.432s] Level 5:colcon.colcon_core.verb:set package 'robokpy_controller' build argument 'cmake_target_skip_unavailable' from command line to 'False'
[1.432s] Level 5:colcon.colcon_core.verb:set package 'robokpy_controller' build argument 'cmake_clean_cache' from command line to 'False'
[1.432s] Level 5:colcon.colcon_core.verb:set package 'robokpy_controller' build argument 'cmake_clean_first' from command line to 'False'
[1.432s] Level 5:colcon.colcon_core.verb:set package 'robokpy_controller' build argument 'cmake_force_configure' from command line to 'False'
[1.432s] Level 5:colcon.colcon_core.verb:set package 'robokpy_controller' build argument 'ament_cmake_args' from command line to 'None'
[1.432s] Level 5:colcon.colcon_core.verb:set package 'robokpy_controller' build argument 'catkin_cmake_args' from command line to 'None'
[1.432s] Level 5:colcon.colcon_core.verb:set package 'robokpy_controller' build argument 'catkin_skip_building_tests' from command line to 'False'
[1.432s] DEBUG:colcon.colcon_core.verb:Building package 'robokpy_controller' with the following arguments: {'ament_cmake_args': None, 'build_base': '/home/meta/Documents/robotics_workspace_new/build/robokpy_controller', 'catkin_cmake_args': None, 'catkin_skip_building_tests': False, 'cmake_args': None, 'cmake_clean_cache': False, 'cmake_clean_first': False, 'cmake_force_configure': False, 'cmake_target': None, 'cmake_target_skip_unavailable': False, 'install_base': '/home/meta/Documents/robotics_workspace_new/install/robokpy_controller', 'merge_install': False, 'path': '/home/meta/Documents/robotics_workspace_new/src/robokpy_controller', 'symlink_install': False, 'test_result_base': None}
[1.433s] INFO:colcon.colcon_core.executor:Executing jobs using 'parallel' executor
[1.435s] DEBUG:colcon.colcon_parallel_executor.executor.parallel:run_until_complete
[1.436s] INFO:colcon.colcon_ros.task.ament_cmake.build:Building ROS package in '/home/meta/Documents/robotics_workspace_new/src/robokpy_interfaces' with build type 'ament_cmake'
[1.437s] INFO:colcon.colcon_cmake.task.cmake.build:Building CMake package in '/home/meta/Documents/robotics_workspace_new/src/robokpy_interfaces'
[1.442s] INFO:colcon.colcon_core.plugin_system:Skipping extension 'colcon_core.shell.bat': Not used on non-Windows systems
[1.442s] INFO:colcon.colcon_core.shell:Skip shell extension 'powershell' for command environment: Not usable outside of PowerShell
[1.442s] DEBUG:colcon.colcon_core.shell:Skip shell extension 'dsv' for command environment
[1.466s] INFO:colcon.colcon_ros.task.ament_python.build:Building ROS package in '/home/meta/Documents/robotics_workspace_new/src/robokpy' with build type 'ament_python'
[1.466s] Level 1:colcon.colcon_core.shell:create_environment_hook('robokpy', 'ament_prefix_path')
[1.467s] INFO:colcon.colcon_core.shell:Creating environment hook '/home/meta/Documents/robotics_workspace_new/install/robokpy/share/robokpy/hook/ament_prefix_path.ps1'
[1.469s] INFO:colcon.colcon_core.shell:Creating environment descriptor '/home/meta/Documents/robotics_workspace_new/install/robokpy/share/robokpy/hook/ament_prefix_path.dsv'
[1.470s] INFO:colcon.colcon_core.shell:Creating environment hook '/home/meta/Documents/robotics_workspace_new/install/robokpy/share/robokpy/hook/ament_prefix_path.sh'
[1.473s] INFO:colcon.colcon_core.shell:Skip shell extension 'powershell' for command environment: Not usable outside of PowerShell
[1.473s] DEBUG:colcon.colcon_core.shell:Skip shell extension 'dsv' for command environment
[1.500s] DEBUG:colcon.colcon_core.event_handler.log_command:Invoking command in '/home/meta/Documents/robotics_workspace_new/build/robokpy_interfaces': CMAKE_PREFIX_PATH=${CMAKE_PREFIX_PATH}:/home/meta/Documents/robotics_workspace_new/install/robokpy_controller:/home/meta/Documents/robotics_workspace_new/install/robokpy:/opt/ros/jazzy DEBUGINFOD_URLS=https://debuginfod.ubuntu.com /bin/cmake --build /home/meta/Documents/robotics_workspace_new/build/robokpy_interfaces -- -j4 -l4
[2.871s] INFO:colcon.colcon_core.task.python.build:Building Python package in '/home/meta/Documents/robotics_workspace_new/src/robokpy'
[2.872s] INFO:colcon.colcon_core.shell:Skip shell extension 'powershell' for command environment: Not usable outside of PowerShell
[2.872s] DEBUG:colcon.colcon_core.shell:Skip shell extension 'dsv' for command environment
[5.268s] DEBUG:colcon.colcon_core.event_handler.log_command:Invoked command in '/home/meta/Documents/robotics_workspace_new/build/robokpy_interfaces' returned '0': CMAKE_PREFIX_PATH=${CMAKE_PREFIX_PATH}:/home/meta/Documents/robotics_workspace_new/install/robokpy_controller:/home/meta/Documents/robotics_workspace_new/install/robokpy:/opt/ros/jazzy DEBUGINFOD_URLS=https://debuginfod.ubuntu.com /bin/cmake --build /home/meta/Documents/robotics_workspace_new/build/robokpy_interfaces -- -j4 -l4
[6.285s] DEBUG:colcon.colcon_core.event_handler.log_command:Invoking command in '/home/meta/Documents/robotics_workspace_new/src/robokpy': DEBUGINFOD_URLS=https://debuginfod.ubuntu.com PYTHONPATH=/home/meta/Documents/robotics_workspace_new/build/robokpy/prefix_override:/usr/lib/python3/dist-packages/colcon_core/task/python/colcon_distutils_commands:/home/meta/Documents/robotics_workspace_new/install/robokpy/lib/python3.12/site-packages:${PYTHONPATH} /usr/bin/python3 -W ignore:setup.py install is deprecated setup.py egg_info --egg-base ../../build/robokpy build --build-base /home/meta/Documents/robotics_workspace_new/build/robokpy/build install --record /home/meta/Documents/robotics_workspace_new/build/robokpy/install.log --single-version-externally-managed install_data
[6.703s] DEBUG:colcon.colcon_core.event_handler.log_command:Invoking command in '/home/meta/Documents/robotics_workspace_new/build/robokpy_interfaces': CMAKE_PREFIX_PATH=${CMAKE_PREFIX_PATH}:/home/meta/Documents/robotics_workspace_new/install/robokpy_controller:/home/meta/Documents/robotics_workspace_new/install/robokpy:/opt/ros/jazzy DEBUGINFOD_URLS=https://debuginfod.ubuntu.com /bin/cmake --install /home/meta/Documents/robotics_workspace_new/build/robokpy_interfaces
[7.037s] Level 1:colcon.colcon_core.environment:create_environment_scripts_only(robokpy_interfaces)
[7.041s] DEBUG:colcon.colcon_core.event_handler.log_command:Invoked command in '/home/meta/Documents/robotics_workspace_new/build/robokpy_interfaces' returned '0': CMAKE_PREFIX_PATH=${CMAKE_PREFIX_PATH}:/home/meta/Documents/robotics_workspace_new/install/robokpy_controller:/home/meta/Documents/robotics_workspace_new/install/robokpy:/opt/ros/jazzy DEBUGINFOD_URLS=https://debuginfod.ubuntu.com /bin/cmake --install /home/meta/Documents/robotics_workspace_new/build/robokpy_interfaces
[7.052s] Level 1:colcon.colcon_core.environment:checking '/home/meta/Documents/robotics_workspace_new/install/robokpy_interfaces' for CMake module files
[7.064s] Level 1:colcon.colcon_core.environment:checking '/home/meta/Documents/robotics_workspace_new/install/robokpy_interfaces' for CMake config files
[7.070s] Level 1:colcon.colcon_core.shell:create_environment_hook('robokpy_interfaces', 'cmake_prefix_path')
[7.070s] INFO:colcon.colcon_core.shell:Creating environment hook '/home/meta/Documents/robotics_workspace_new/install/robokpy_interfaces/share/robokpy_interfaces/hook/cmake_prefix_path.ps1'
[7.071s] INFO:colcon.colcon_core.shell:Creating environment descriptor '/home/meta/Documents/robotics_workspace_new/install/robokpy_interfaces/share/robokpy_interfaces/hook/cmake_prefix_path.dsv'
[7.076s] INFO:colcon.colcon_core.shell:Creating environment hook '/home/meta/Documents/robotics_workspace_new/install/robokpy_interfaces/share/robokpy_interfaces/hook/cmake_prefix_path.sh'
[7.077s] Level 1:colcon.colcon_core.environment:checking '/home/meta/Documents/robotics_workspace_new/install/robokpy_interfaces/lib'
[7.078s] Level 1:colcon.colcon_core.shell:create_environment_hook('robokpy_interfaces', 'ld_library_path_lib')
[7.078s] INFO:colcon.colcon_core.shell:Creating environment hook '/home/meta/Documents/robotics_workspace_new/install/robokpy_interfaces/share/robokpy_interfaces/hook/ld_library_path_lib.ps1'
[7.079s] INFO:colcon.colcon_core.shell:Creating environment descriptor '/home/meta/Documents/robotics_workspace_new/install/robokpy_interfaces/share/robokpy_interfaces/hook/ld_library_path_lib.dsv'
[7.080s] INFO:colcon.colcon_core.shell:Creating environment hook '/home/meta/Documents/robotics_workspace_new/install/robokpy_interfaces/share/robokpy_interfaces/hook/ld_library_path_lib.sh'
[7.081s] Level 1:colcon.colcon_core.environment:checking '/home/meta/Documents/robotics_workspace_new/install/robokpy_interfaces/bin'
[7.081s] Level 1:colcon.colcon_core.environment:checking '/home/meta/Documents/robotics_workspace_new/install/robokpy_interfaces/lib/pkgconfig/robokpy_interfaces.pc'
[7.082s] Level 1:colcon.colcon_core.environment:checking '/home/meta/Documents/robotics_workspace_new/install/robokpy_interfaces/lib/python3.12/site-packages'
[7.084s] Level 1:colcon.colcon_core.shell:create_environment_hook('robokpy_interfaces', 'pythonpath')
[7.084s] INFO:colcon.colcon_core.shell:Creating environment hook '/home/meta/Documents/robotics_workspace_new/install/robokpy_interfaces/share/robokpy_interfaces/hook/pythonpath.ps1'
[7.085s] INFO:colcon.colcon_core.shell:Creating environment descriptor '/home/meta/Documents/robotics_workspace_new/install/robokpy_interfaces/share/robokpy_interfaces/hook/pythonpath.dsv'
[7.086s] INFO:colcon.colcon_core.shell:Creating environment hook '/home/meta/Documents/robotics_workspace_new/install/robokpy_interfaces/share/robokpy_interfaces/hook/pythonpath.sh'
[7.088s] Level 1:colcon.colcon_core.environment:checking '/home/meta/Documents/robotics_workspace_new/install/robokpy_interfaces/bin'
[7.088s] INFO:colcon.colcon_core.shell:Creating package script '/home/meta/Documents/robotics_workspace_new/install/robokpy_interfaces/share/robokpy_interfaces/package.ps1'
[7.091s] INFO:colcon.colcon_core.shell:Creating package descriptor '/home/meta/Documents/robotics_workspace_new/install/robokpy_interfaces/share/robokpy_interfaces/package.dsv'
[7.092s] INFO:colcon.colcon_core.shell:Creating package script '/home/meta/Documents/robotics_workspace_new/install/robokpy_interfaces/share/robokpy_interfaces/package.sh'
[7.094s] INFO:colcon.colcon_core.shell:Creating package script '/home/meta/Documents/robotics_workspace_new/install/robokpy_interfaces/share/robokpy_interfaces/package.bash'
[7.097s] INFO:colcon.colcon_core.shell:Creating package script '/home/meta/Documents/robotics_workspace_new/install/robokpy_interfaces/share/robokpy_interfaces/package.zsh'
[7.101s] Level 1:colcon.colcon_core.environment:create_file_with_runtime_dependencies(/home/meta/Documents/robotics_workspace_new/install/robokpy_interfaces/share/colcon-core/packages/robokpy_interfaces)
[9.636s] Level 1:colcon.colcon_core.environment:create_environment_scripts_only(robokpy_interfaces)
[9.637s] Level 1:colcon.colcon_core.environment:checking '/home/meta/Documents/robotics_workspace_new/install/robokpy_interfaces' for CMake module files
[9.640s] Level 1:colcon.colcon_core.environment:checking '/home/meta/Documents/robotics_workspace_new/install/robokpy_interfaces' for CMake config files
[9.644s] Level 1:colcon.colcon_core.shell:create_environment_hook('robokpy_interfaces', 'cmake_prefix_path')
[9.645s] INFO:colcon.colcon_core.shell:Creating environment hook '/home/meta/Documents/robotics_workspace_new/install/robokpy_interfaces/share/robokpy_interfaces/hook/cmake_prefix_path.ps1'
[9.646s] INFO:colcon.colcon_core.shell:Creating environment descriptor '/home/meta/Documents/robotics_workspace_new/install/robokpy_interfaces/share/robokpy_interfaces/hook/cmake_prefix_path.dsv'
[9.648s] INFO:colcon.colcon_core.shell:Creating environment hook '/home/meta/Documents/robotics_workspace_new/install/robokpy_interfaces/share/robokpy_interfaces/hook/cmake_prefix_path.sh'
[9.650s] Level 1:colcon.colcon_core.environment:checking '/home/meta/Documents/robotics_workspace_new/install/robokpy_interfaces/lib'
[9.650s] Level 1:colcon.colcon_core.shell:create_environment_hook('robokpy_interfaces', 'ld_library_path_lib')
[9.651s] INFO:colcon.colcon_core.shell:Creating environment hook '/home/meta/Documents/robotics_workspace_new/install/robokpy_interfaces/share/robokpy_interfaces/hook/ld_library_path_lib.ps1'
[9.657s] INFO:colcon.colcon_core.shell:Creating environment descriptor '/home/meta/Documents/robotics_workspace_new/install/robokpy_interfaces/share/robokpy_interfaces/hook/ld_library_path_lib.dsv'
[9.658s] INFO:colcon.colcon_core.shell:Creating environment hook '/home/meta/Documents/robotics_workspace_new/install/robokpy_interfaces/share/robokpy_interfaces/hook/ld_library_path_lib.sh'
[9.691s] Level 1:colcon.colcon_core.environment:checking '/home/meta/Documents/robotics_workspace_new/install/robokpy_interfaces/bin'
[9.691s] Level 1:colcon.colcon_core.environment:checking '/home/meta/Documents/robotics_workspace_new/install/robokpy_interfaces/lib/pkgconfig/robokpy_interfaces.pc'
[9.693s] Level 1:colcon.colcon_core.environment:checking '/home/meta/Documents/robotics_workspace_new/install/robokpy_interfaces/lib/python3.12/site-packages'
[9.694s] Level 1:colcon.colcon_core.shell:create_environment_hook('robokpy_interfaces', 'pythonpath')
[9.694s] INFO:colcon.colcon_core.shell:Creating environment hook '/home/meta/Documents/robotics_workspace_new/install/robokpy_interfaces/share/robokpy_interfaces/hook/pythonpath.ps1'
[9.697s] INFO:colcon.colcon_core.shell:Creating environment descriptor '/home/meta/Documents/robotics_workspace_new/install/robokpy_interfaces/share/robokpy_interfaces/hook/pythonpath.dsv'
[9.699s] INFO:colcon.colcon_core.shell:Creating environment hook '/home/meta/Documents/robotics_workspace_new/install/robokpy_interfaces/share/robokpy_interfaces/hook/pythonpath.sh'
[9.701s] Level 1:colcon.colcon_core.environment:checking '/home/meta/Documents/robotics_workspace_new/install/robokpy_interfaces/bin'
[9.702s] INFO:colcon.colcon_core.shell:Creating package script '/home/meta/Documents/robotics_workspace_new/install/robokpy_interfaces/share/robokpy_interfaces/package.ps1'
[9.705s] INFO:colcon.colcon_core.shell:Creating package descriptor '/home/meta/Documents/robotics_workspace_new/install/robokpy_interfaces/share/robokpy_interfaces/package.dsv'
[9.707s] INFO:colcon.colcon_core.shell:Creating package script '/home/meta/Documents/robotics_workspace_new/install/robokpy_interfaces/share/robokpy_interfaces/package.sh'
[9.709s] INFO:colcon.colcon_core.shell:Creating package script '/home/meta/Documents/robotics_workspace_new/install/robokpy_interfaces/share/robokpy_interfaces/package.bash'
[9.712s] INFO:colcon.colcon_core.shell:Creating package script '/home/meta/Documents/robotics_workspace_new/install/robokpy_interfaces/share/robokpy_interfaces/package.zsh'
[9.714s] Level 1:colcon.colcon_core.environment:create_file_with_runtime_dependencies(/home/meta/Documents/robotics_workspace_new/install/robokpy_interfaces/share/colcon-core/packages/robokpy_interfaces)
[9.719s] INFO:colcon.colcon_ros.task.ament_python.build:Building ROS package in '/home/meta/Documents/robotics_workspace_new/src/robokpy_controller' with build type 'ament_python'
[9.720s] Level 1:colcon.colcon_core.shell:create_environment_hook('robokpy_controller', 'ament_prefix_path')
[9.721s] INFO:colcon.colcon_core.shell:Creating environment hook '/home/meta/Documents/robotics_workspace_new/install/robokpy_controller/share/robokpy_controller/hook/ament_prefix_path.ps1'
[9.723s] INFO:colcon.colcon_core.shell:Creating environment descriptor '/home/meta/Documents/robotics_workspace_new/install/robokpy_controller/share/robokpy_controller/hook/ament_prefix_path.dsv'
[9.725s] INFO:colcon.colcon_core.shell:Creating environment hook '/home/meta/Documents/robotics_workspace_new/install/robokpy_controller/share/robokpy_controller/hook/ament_prefix_path.sh'
[9.732s] INFO:colcon.colcon_core.shell:Skip shell extension 'powershell' for command environment: Not usable outside of PowerShell
[9.732s] DEBUG:colcon.colcon_core.shell:Skip shell extension 'dsv' for command environment
[10.738s] INFO:colcon.colcon_core.task.python.build:Building Python package in '/home/meta/Documents/robotics_workspace_new/src/robokpy_controller'
[10.738s] INFO:colcon.colcon_core.shell:Skip shell extension 'powershell' for command environment: Not usable outside of PowerShell
[10.738s] DEBUG:colcon.colcon_core.shell:Skip shell extension 'dsv' for command environment
[10.747s] Level 1:colcon.colcon_core.environment:checking '/home/meta/Documents/robotics_workspace_new/install/robokpy' for CMake module files
[10.750s] Level 1:colcon.colcon_core.environment:checking '/home/meta/Documents/robotics_workspace_new/install/robokpy' for CMake config files
[10.750s] DEBUG:colcon.colcon_core.event_handler.log_command:Invoked command in '/home/meta/Documents/robotics_workspace_new/src/robokpy' returned '0': DEBUGINFOD_URLS=https://debuginfod.ubuntu.com PYTHONPATH=/home/meta/Documents/robotics_workspace_new/build/robokpy/prefix_override:/usr/lib/python3/dist-packages/colcon_core/task/python/colcon_distutils_commands:/home/meta/Documents/robotics_workspace_new/install/robokpy/lib/python3.12/site-packages:${PYTHONPATH} /usr/bin/python3 -W ignore:setup.py install is deprecated setup.py egg_info --egg-base ../../build/robokpy build --build-base /home/meta/Documents/robotics_workspace_new/build/robokpy/build install --record /home/meta/Documents/robotics_workspace_new/build/robokpy/install.log --single-version-externally-managed install_data
[10.751s] Level 1:colcon.colcon_core.environment:checking '/home/meta/Documents/robotics_workspace_new/install/robokpy/lib'
[10.752s] Level 1:colcon.colcon_core.environment:checking '/home/meta/Documents/robotics_workspace_new/install/robokpy/bin'
[10.752s] Level 1:colcon.colcon_core.environment:checking '/home/meta/Documents/robotics_workspace_new/install/robokpy/lib/pkgconfig/robokpy.pc'
[10.752s] Level 1:colcon.colcon_core.environment:checking '/home/meta/Documents/robotics_workspace_new/install/robokpy/lib/python3.12/site-packages'
[10.753s] Level 1:colcon.colcon_core.shell:create_environment_hook('robokpy', 'pythonpath')
[10.753s] INFO:colcon.colcon_core.shell:Creating environment hook '/home/meta/Documents/robotics_workspace_new/install/robokpy/share/robokpy/hook/pythonpath.ps1'
[10.754s] INFO:colcon.colcon_core.shell:Creating environment descriptor '/home/meta/Documents/robotics_workspace_new/install/robokpy/share/robokpy/hook/pythonpath.dsv'
[10.755s] INFO:colcon.colcon_core.shell:Creating environment hook '/home/meta/Documents/robotics_workspace_new/install/robokpy/share/robokpy/hook/pythonpath.sh'
[10.757s] Level 1:colcon.colcon_core.environment:checking '/home/meta/Documents/robotics_workspace_new/install/robokpy/bin'
[10.757s] Level 1:colcon.colcon_core.environment:create_environment_scripts_only(robokpy)
[10.757s] INFO:colcon.colcon_core.shell:Creating package script '/home/meta/Documents/robotics_workspace_new/install/robokpy/share/robokpy/package.ps1'
[10.758s] INFO:colcon.colcon_core.shell:Creating package descriptor '/home/meta/Documents/robotics_workspace_new/install/robokpy/share/robokpy/package.dsv'
[10.759s] INFO:colcon.colcon_core.shell:Creating package script '/home/meta/Documents/robotics_workspace_new/install/robokpy/share/robokpy/package.sh'
[10.761s] INFO:colcon.colcon_core.shell:Creating package script '/home/meta/Documents/robotics_workspace_new/install/robokpy/share/robokpy/package.bash'
[10.762s] INFO:colcon.colcon_core.shell:Creating package script '/home/meta/Documents/robotics_workspace_new/install/robokpy/share/robokpy/package.zsh'
[10.763s] Level 1:colcon.colcon_core.environment:create_file_with_runtime_dependencies(/home/meta/Documents/robotics_workspace_new/install/robokpy/share/colcon-core/packages/robokpy)
[14.001s] DEBUG:colcon.colcon_core.event_handler.log_command:Invoking command in '/home/meta/Documents/robotics_workspace_new/src/robokpy_controller': DEBUGINFOD_URLS=https://debuginfod.ubuntu.com PYTHONPATH=/home/meta/Documents/robotics_workspace_new/build/robokpy_controller/prefix_override:/usr/lib/python3/dist-packages/colcon_core/task/python/colcon_distutils_commands:/home/meta/Documents/robotics_workspace_new/install/robokpy_controller/lib/python3.12/site-packages:/home/meta/Documents/robotics_workspace_new/install/robokpy_interfaces/lib/python3.12/site-packages:/home/meta/Documents/robotics_workspace_new/install/robokpy_controller/lib/python3.12/site-packages:/home/meta/Documents/robotics_workspace_new/install/robokpy/lib/python3.12/site-packages:/opt/ros/jazzy/lib/python3.12/site-packages /usr/bin/python3 -W ignore:setup.py install is deprecated setup.py egg_info --egg-base ../../build/robokpy_controller build --build-base /home/meta/Documents/robotics_workspace_new/build/robokpy_controller/build install --record /home/meta/Documents/robotics_workspace_new/build/robokpy_controller/install.log --single-version-externally-managed install_data
[16.669s] Level 1:colcon.colcon_core.environment:checking '/home/meta/Documents/robotics_workspace_new/install/robokpy_controller' for CMake module files
[16.670s] DEBUG:colcon.colcon_core.event_handler.log_command:Invoked command in '/home/meta/Documents/robotics_workspace_new/src/robokpy_controller' returned '0': DEBUGINFOD_URLS=https://debuginfod.ubuntu.com PYTHONPATH=/home/meta/Documents/robotics_workspace_new/build/robokpy_controller/prefix_override:/usr/lib/python3/dist-packages/colcon_core/task/python/colcon_distutils_commands:/home/meta/Documents/robotics_workspace_new/install/robokpy_controller/lib/python3.12/site-packages:/home/meta/Documents/robotics_workspace_new/install/robokpy_interfaces/lib/python3.12/site-packages:/home/meta/Documents/robotics_workspace_new/install/robokpy_controller/lib/python3.12/site-packages:/home/meta/Documents/robotics_workspace_new/install/robokpy/lib/python3.12/site-packages:/opt/ros/jazzy/lib/python3.12/site-packages /usr/bin/python3 -W ignore:setup.py install is deprecated setup.py egg_info --egg-base ../../build/robokpy_controller build --build-base /home/meta/Documents/robotics_workspace_new/build/robokpy_controller/build install --record /home/meta/Documents/robotics_workspace_new/build/robokpy_controller/install.log --single-version-externally-managed install_data
[16.675s] Level 1:colcon.colcon_core.environment:checking '/home/meta/Documents/robotics_workspace_new/install/robokpy_controller' for CMake config files
[16.686s] Level 1:colcon.colcon_core.environment:checking '/home/meta/Documents/robotics_workspace_new/install/robokpy_controller/lib'
[16.689s] Level 1:colcon.colcon_core.environment:checking '/home/meta/Documents/robotics_workspace_new/install/robokpy_controller/bin'
[16.689s] Level 1:colcon.colcon_core.environment:checking '/home/meta/Documents/robotics_workspace_new/install/robokpy_controller/lib/pkgconfig/robokpy_controller.pc'
[16.692s] Level 1:colcon.colcon_core.environment:checking '/home/meta/Documents/robotics_workspace_new/install/robokpy_controller/lib/python3.12/site-packages'
[16.692s] Level 1:colcon.colcon_core.shell:create_environment_hook('robokpy_controller', 'pythonpath')
[16.693s] INFO:colcon.colcon_core.shell:Creating environment hook '/home/meta/Documents/robotics_workspace_new/install/robokpy_controller/share/robokpy_controller/hook/pythonpath.ps1'
[16.698s] INFO:colcon.colcon_core.shell:Creating environment descriptor '/home/meta/Documents/robotics_workspace_new/install/robokpy_controller/share/robokpy_controller/hook/pythonpath.dsv'
[16.699s] INFO:colcon.colcon_core.shell:Creating environment hook '/home/meta/Documents/robotics_workspace_new/install/robokpy_controller/share/robokpy_controller/hook/pythonpath.sh'
[16.701s] Level 1:colcon.colcon_core.environment:checking '/home/meta/Documents/robotics_workspace_new/install/robokpy_controller/bin'
[16.701s] Level 1:colcon.colcon_core.environment:create_environment_scripts_only(robokpy_controller)
[16.701s] INFO:colcon.colcon_core.shell:Creating package script '/home/meta/Documents/robotics_workspace_new/install/robokpy_controller/share/robokpy_controller/package.ps1'
[16.703s] INFO:colcon.colcon_core.shell:Creating package descriptor '/home/meta/Documents/robotics_workspace_new/install/robokpy_controller/share/robokpy_controller/package.dsv'
[16.704s] INFO:colcon.colcon_core.shell:Creating package script '/home/meta/Documents/robotics_workspace_new/install/robokpy_controller/share/robokpy_controller/package.sh'
[16.705s] INFO:colcon.colcon_core.shell:Creating package script '/home/meta/Documents/robotics_workspace_new/install/robokpy_controller/share/robokpy_controller/package.bash'
[16.706s] INFO:colcon.colcon_core.shell:Creating package script '/home/meta/Documents/robotics_workspace_new/install/robokpy_controller/share/robokpy_controller/package.zsh'
[16.707s] Level 1:colcon.colcon_core.environment:create_file_with_runtime_dependencies(/home/meta/Documents/robotics_workspace_new/install/robokpy_controller/share/colcon-core/packages/robokpy_controller)
[16.709s] DEBUG:colcon.colcon_parallel_executor.executor.parallel:closing loop
[16.709s] DEBUG:colcon.colcon_parallel_executor.executor.parallel:loop closed
[16.709s] DEBUG:colcon.colcon_parallel_executor.executor.parallel:run_until_complete finished with '0'
[16.709s] DEBUG:colcon.colcon_core.event_reactor:joining thread
[16.733s] INFO:colcon.colcon_core.plugin_system:Skipping extension 'colcon_notification.desktop_notification.terminal_notifier': Not used on non-Darwin systems
[16.733s] INFO:colcon.colcon_core.plugin_system:Skipping extension 'colcon_notification.desktop_notification.win32': Not used on non-Windows systems
[16.733s] INFO:colcon.colcon_notification.desktop_notification:Sending desktop notification using 'notify2'
[16.795s] DEBUG:colcon.colcon_core.event_reactor:joined thread
[16.796s] INFO:colcon.colcon_core.shell:Creating prefix script '/home/meta/Documents/robotics_workspace_new/install/local_setup.ps1'
[16.804s] INFO:colcon.colcon_core.shell:Creating prefix util module '/home/meta/Documents/robotics_workspace_new/install/_local_setup_util_ps1.py'
[16.809s] INFO:colcon.colcon_core.shell:Creating prefix chain script '/home/meta/Documents/robotics_workspace_new/install/setup.ps1'
[16.819s] INFO:colcon.colcon_core.shell:Creating prefix script '/home/meta/Documents/robotics_workspace_new/install/local_setup.sh'
[16.821s] INFO:colcon.colcon_core.shell:Creating prefix util module '/home/meta/Documents/robotics_workspace_new/install/_local_setup_util_sh.py'
[16.822s] INFO:colcon.colcon_core.shell:Creating prefix chain script '/home/meta/Documents/robotics_workspace_new/install/setup.sh'
[16.825s] INFO:colcon.colcon_core.shell:Creating prefix script '/home/meta/Documents/robotics_workspace_new/install/local_setup.bash'
[16.827s] INFO:colcon.colcon_core.shell:Creating prefix chain script '/home/meta/Documents/robotics_workspace_new/install/setup.bash'
[16.832s] INFO:colcon.colcon_core.shell:Creating prefix script '/home/meta/Documents/robotics_workspace_new/install/local_setup.zsh'
[16.834s] INFO:colcon.colcon_core.shell:Creating prefix chain script '/home/meta/Documents/robotics_workspace_new/install/setup.zsh'
