[1.359s] Invoking command in '/home/meta/Documents/robotics_workspace_new/build/mycobot_pro450_interfaces': CMAKE_PREFIX_PATH=${CMAKE_PREFIX_PATH}:/home/meta/Documents/robotics_workspace_new/install/mycobot_280_pi_motus:/home/meta/Documents/robotics_workspace_new/install/ur5e_test_motus:/home/meta/Documents/robotics_workspace_new/install/ultraarm:/home/meta/Documents/robotics_workspace_new/install/mycobot_pi_motus:/home/meta/Documents/robotics_workspace_new/install/robokpy_controller:/home/meta/Documents/robotics_workspace_new/install/robokpy:/home/meta/Documents/robotics_workspace_new/install/pro450_moveit2_control:/home/meta/Documents/robotics_workspace_new/install/mypalletizer_communication:/home/meta/Documents/robotics_workspace_new/install/mypalletizer_260_pi:/home/meta/Documents/robotics_workspace_new/install/mypalletizer_260:/home/meta/Documents/robotics_workspace_new/install/mycobot_pro_450:/home/meta/Documents/robotics_workspace_new/install/myarm_m750:/home/meta/Documents/robotics_workspace_new/install/myarm_c650:/home/meta/Documents/robotics_workspace_new/install/mycobot_communication:/home/meta/Documents/robotics_workspace_new/install/mecharm_communication:/home/meta/Documents/robotics_workspace_new/install/mycobot_630:/home/meta/Documents/robotics_workspace_new/install/mycobot_600:/home/meta/Documents/robotics_workspace_new/install/mycobot_320pi:/home/meta/Documents/robotics_workspace_new/install/mycobot_320_riscv:/home/meta/Documents/robotics_workspace_new/install/mycobot_320:/home/meta/Documents/robotics_workspace_new/install/mycobot_280pi:/home/meta/Documents/robotics_workspace_new/install/mycobot_280jn:/home/meta/Documents/robotics_workspace_new/install/mycobot_280_x3pi:/home/meta/Documents/robotics_workspace_new/install/mycobot_280_riscv:/home/meta/Documents/robotics_workspace_new/install/mycobot_280_rdkx5:/home/meta/Documents/robotics_workspace_new/install/mycobot_280_moveit2_control:/home/meta/Documents/robotics_workspace_new/install/mycobot_280_arduino:/home/meta/Documents/robotics_workspace_new/install/mycobot_280:/home/meta/Documents/robotics_workspace_new/install/mybuddy:/home/meta/Documents/robotics_workspace_new/install/myarm_300:/home/meta/Documents/robotics_workspace_new/install/mecharm_pi:/home/meta/Documents/robotics_workspace_new/install/mecharm:/home/meta/Documents/robotics_workspace_new/install/mycobot_description:/home/meta/Documents/robotics_workspace_new/mycobot_pi/install/mycobot_pi_motus:/opt/ros/jazzy DEBUGINFOD_URLS=https://debuginfod.ubuntu.com /bin/cmake /home/meta/Documents/robotics_workspace_new/mycobot_ros2/mycobot_pro/mycobot_pro450_interfaces -DCMAKE_INSTALL_PREFIX=/home/meta/Documents/robotics_workspace_new/install/mycobot_pro450_interfaces
[1.594s] -- The C compiler identification is GNU 13.2.0
[1.883s] -- The CXX compiler identification is GNU 13.2.0
[1.952s] -- Detecting C compiler ABI info
[2.321s] -- Detecting C compiler ABI info - done
[2.367s] -- Check for working C compiler: /bin/cc - skipped
[2.375s] -- Detecting C compile features
[2.377s] -- Detecting C compile features - done
[2.520s] -- Detecting CXX compiler ABI info
[3.019s] -- Detecting CXX compiler ABI info - done
[3.070s] -- Check for working CXX compiler: /bin/c++ - skipped
[3.071s] -- Detecting CXX compile features
[3.074s] -- Detecting CXX compile features - done
[3.101s] -- Found ament_cmake: 2.5.2 (/opt/ros/jazzy/share/ament_cmake/cmake)
[4.394s] -- Found Python3: /bin/python3 (found version "3.12.3") found components: Interpreter 
[5.165s] -- Found rosidl_default_generators: 1.6.0 (/opt/ros/jazzy/share/rosidl_default_generators/cmake)
[5.289s] -- Using all available rosidl_typesupport_c: rosidl_typesupport_fastrtps_c;rosidl_typesupport_introspection_c
[5.700s] -- Using all available rosidl_typesupport_cpp: rosidl_typesupport_fastrtps_cpp;rosidl_typesupport_introspection_cpp
[5.921s] -- Found rosidl_adapter: 4.6.3 (/opt/ros/jazzy/share/rosidl_adapter/cmake)
[5.941s] -- Found rclpy: 7.1.11 (/opt/ros/jazzy/share/rclpy/cmake)
[5.957s] -- Found std_msgs: 5.3.5 (/opt/ros/jazzy/share/std_msgs/cmake)
[10.465s] -- Found ament_cmake_ros: 0.12.0 (/opt/ros/jazzy/share/ament_cmake_ros/cmake)
[14.462s] -- Using all available rosidl_typesupport_c: rosidl_typesupport_fastrtps_c;rosidl_typesupport_introspection_c
[18.886s] -- Using all available rosidl_typesupport_cpp: rosidl_typesupport_fastrtps_cpp;rosidl_typesupport_introspection_cpp
[18.913s] -- Found python_cmake_module: 0.11.1 (/opt/ros/jazzy/share/python_cmake_module/cmake)
[19.914s] -- Found PythonExtra: /bin/python3  
[22.379s] -- Found Python3: /bin/python3 (found version "3.12.3") found components: Interpreter Development NumPy Development.Module Development.Embed 
[22.801s] -- Found ament_lint_auto: 0.17.1 (/opt/ros/jazzy/share/ament_lint_auto/cmake)
[23.104s] -- Added test 'copyright' to check source files copyright and LICENSE
[23.121s] -- Added test 'lint_cmake' to check CMake code style
[23.130s] -- Added test 'xmllint' to check XML markup files
[23.159s] -- Configuring done (21.8s)
[23.820s] -- Generating done (0.6s)
[23.852s] -- Build files have been written to: /home/meta/Documents/robotics_workspace_new/build/mycobot_pro450_interfaces
[23.927s] Invoked command in '/home/meta/Documents/robotics_workspace_new/build/mycobot_pro450_interfaces' returned '0': CMAKE_PREFIX_PATH=${CMAKE_PREFIX_PATH}:/home/meta/Documents/robotics_workspace_new/install/mycobot_280_pi_motus:/home/meta/Documents/robotics_workspace_new/install/ur5e_test_motus:/home/meta/Documents/robotics_workspace_new/install/ultraarm:/home/meta/Documents/robotics_workspace_new/install/mycobot_pi_motus:/home/meta/Documents/robotics_workspace_new/install/robokpy_controller:/home/meta/Documents/robotics_workspace_new/install/robokpy:/home/meta/Documents/robotics_workspace_new/install/pro450_moveit2_control:/home/meta/Documents/robotics_workspace_new/install/mypalletizer_communication:/home/meta/Documents/robotics_workspace_new/install/mypalletizer_260_pi:/home/meta/Documents/robotics_workspace_new/install/mypalletizer_260:/home/meta/Documents/robotics_workspace_new/install/mycobot_pro_450:/home/meta/Documents/robotics_workspace_new/install/myarm_m750:/home/meta/Documents/robotics_workspace_new/install/myarm_c650:/home/meta/Documents/robotics_workspace_new/install/mycobot_communication:/home/meta/Documents/robotics_workspace_new/install/mecharm_communication:/home/meta/Documents/robotics_workspace_new/install/mycobot_630:/home/meta/Documents/robotics_workspace_new/install/mycobot_600:/home/meta/Documents/robotics_workspace_new/install/mycobot_320pi:/home/meta/Documents/robotics_workspace_new/install/mycobot_320_riscv:/home/meta/Documents/robotics_workspace_new/install/mycobot_320:/home/meta/Documents/robotics_workspace_new/install/mycobot_280pi:/home/meta/Documents/robotics_workspace_new/install/mycobot_280jn:/home/meta/Documents/robotics_workspace_new/install/mycobot_280_x3pi:/home/meta/Documents/robotics_workspace_new/install/mycobot_280_riscv:/home/meta/Documents/robotics_workspace_new/install/mycobot_280_rdkx5:/home/meta/Documents/robotics_workspace_new/install/mycobot_280_moveit2_control:/home/meta/Documents/robotics_workspace_new/install/mycobot_280_arduino:/home/meta/Documents/robotics_workspace_new/install/mycobot_280:/home/meta/Documents/robotics_workspace_new/install/mybuddy:/home/meta/Documents/robotics_workspace_new/install/myarm_300:/home/meta/Documents/robotics_workspace_new/install/mecharm_pi:/home/meta/Documents/robotics_workspace_new/install/mecharm:/home/meta/Documents/robotics_workspace_new/install/mycobot_description:/home/meta/Documents/robotics_workspace_new/mycobot_pi/install/mycobot_pi_motus:/opt/ros/jazzy DEBUGINFOD_URLS=https://debuginfod.ubuntu.com /bin/cmake /home/meta/Documents/robotics_workspace_new/mycobot_ros2/mycobot_pro/mycobot_pro450_interfaces -DCMAKE_INSTALL_PREFIX=/home/meta/Documents/robotics_workspace_new/install/mycobot_pro450_interfaces
[23.934s] Invoking command in '/home/meta/Documents/robotics_workspace_new/build/mycobot_pro450_interfaces': CMAKE_PREFIX_PATH=${CMAKE_PREFIX_PATH}:/home/meta/Documents/robotics_workspace_new/install/mycobot_280_pi_motus:/home/meta/Documents/robotics_workspace_new/install/ur5e_test_motus:/home/meta/Documents/robotics_workspace_new/install/ultraarm:/home/meta/Documents/robotics_workspace_new/install/mycobot_pi_motus:/home/meta/Documents/robotics_workspace_new/install/robokpy_controller:/home/meta/Documents/robotics_workspace_new/install/robokpy:/home/meta/Documents/robotics_workspace_new/install/pro450_moveit2_control:/home/meta/Documents/robotics_workspace_new/install/mypalletizer_communication:/home/meta/Documents/robotics_workspace_new/install/mypalletizer_260_pi:/home/meta/Documents/robotics_workspace_new/install/mypalletizer_260:/home/meta/Documents/robotics_workspace_new/install/mycobot_pro_450:/home/meta/Documents/robotics_workspace_new/install/myarm_m750:/home/meta/Documents/robotics_workspace_new/install/myarm_c650:/home/meta/Documents/robotics_workspace_new/install/mycobot_communication:/home/meta/Documents/robotics_workspace_new/install/mecharm_communication:/home/meta/Documents/robotics_workspace_new/install/mycobot_630:/home/meta/Documents/robotics_workspace_new/install/mycobot_600:/home/meta/Documents/robotics_workspace_new/install/mycobot_320pi:/home/meta/Documents/robotics_workspace_new/install/mycobot_320_riscv:/home/meta/Documents/robotics_workspace_new/install/mycobot_320:/home/meta/Documents/robotics_workspace_new/install/mycobot_280pi:/home/meta/Documents/robotics_workspace_new/install/mycobot_280jn:/home/meta/Documents/robotics_workspace_new/install/mycobot_280_x3pi:/home/meta/Documents/robotics_workspace_new/install/mycobot_280_riscv:/home/meta/Documents/robotics_workspace_new/install/mycobot_280_rdkx5:/home/meta/Documents/robotics_workspace_new/install/mycobot_280_moveit2_control:/home/meta/Documents/robotics_workspace_new/install/mycobot_280_arduino:/home/meta/Documents/robotics_workspace_new/install/mycobot_280:/home/meta/Documents/robotics_workspace_new/install/mybuddy:/home/meta/Documents/robotics_workspace_new/install/myarm_300:/home/meta/Documents/robotics_workspace_new/install/mecharm_pi:/home/meta/Documents/robotics_workspace_new/install/mecharm:/home/meta/Documents/robotics_workspace_new/install/mycobot_description:/home/meta/Documents/robotics_workspace_new/mycobot_pi/install/mycobot_pi_motus:/opt/ros/jazzy DEBUGINFOD_URLS=https://debuginfod.ubuntu.com /bin/cmake --build /home/meta/Documents/robotics_workspace_new/build/mycobot_pro450_interfaces -- -j4 -l4
[24.183s] [  1%] Built target mycobot_pro450_interfaces__rosidl_generator_type_description
[24.451s] [  1%] Built target ament_cmake_python_copy_mycobot_pro450_interfaces
[24.680s] [ 27%] Built target mycobot_pro450_interfaces__rosidl_generator_c
[26.271s] running egg_info
[26.504s] writing mycobot_pro450_interfaces.egg-info/PKG-INFO
[26.505s] writing dependency_links to mycobot_pro450_interfaces.egg-info/dependency_links.txt
[26.506s] writing top-level names to mycobot_pro450_interfaces.egg-info/top_level.txt
[27.051s] reading manifest file 'mycobot_pro450_interfaces.egg-info/SOURCES.txt'
[27.063s] writing manifest file 'mycobot_pro450_interfaces.egg-info/SOURCES.txt'
[27.161s] [ 27%] Built target ament_cmake_python_build_mycobot_pro450_interfaces_egg
[27.347s] [ 36%] Built target mycobot_pro450_interfaces__rosidl_typesupport_introspection_c
[27.529s] [ 46%] Built target mycobot_pro450_interfaces__rosidl_typesupport_c
[27.921s] [ 56%] Built target mycobot_pro450_interfaces__rosidl_typesupport_fastrtps_c
[28.007s] [ 56%] Built target mycobot_pro450_interfaces__cpp
[28.279s] [ 65%] Built target mycobot_pro450_interfaces__rosidl_typesupport_cpp
[28.511s] [ 75%] Built target mycobot_pro450_interfaces__rosidl_typesupport_introspection_cpp
[28.745s] [ 85%] Built target mycobot_pro450_interfaces__rosidl_typesupport_fastrtps_cpp
[28.831s] [ 85%] Built target mycobot_pro450_interfaces
[28.905s] [ 86%] Built target mycobot_pro450_interfaces__py
[29.084s] [ 95%] Built target mycobot_pro450_interfaces__rosidl_generator_py
[29.167s] [ 96%] Built target mycobot_pro450_interfaces_s__rosidl_typesupport_fastrtps_c
[29.253s] [ 98%] Built target mycobot_pro450_interfaces_s__rosidl_typesupport_c
[29.346s] [100%] Built target mycobot_pro450_interfaces_s__rosidl_typesupport_introspection_c
[30.324s] Invoked command in '/home/meta/Documents/robotics_workspace_new/build/mycobot_pro450_interfaces' returned '0': CMAKE_PREFIX_PATH=${CMAKE_PREFIX_PATH}:/home/meta/Documents/robotics_workspace_new/install/mycobot_280_pi_motus:/home/meta/Documents/robotics_workspace_new/install/ur5e_test_motus:/home/meta/Documents/robotics_workspace_new/install/ultraarm:/home/meta/Documents/robotics_workspace_new/install/mycobot_pi_motus:/home/meta/Documents/robotics_workspace_new/install/robokpy_controller:/home/meta/Documents/robotics_workspace_new/install/robokpy:/home/meta/Documents/robotics_workspace_new/install/pro450_moveit2_control:/home/meta/Documents/robotics_workspace_new/install/mypalletizer_communication:/home/meta/Documents/robotics_workspace_new/install/mypalletizer_260_pi:/home/meta/Documents/robotics_workspace_new/install/mypalletizer_260:/home/meta/Documents/robotics_workspace_new/install/mycobot_pro_450:/home/meta/Documents/robotics_workspace_new/install/myarm_m750:/home/meta/Documents/robotics_workspace_new/install/myarm_c650:/home/meta/Documents/robotics_workspace_new/install/mycobot_communication:/home/meta/Documents/robotics_workspace_new/install/mecharm_communication:/home/meta/Documents/robotics_workspace_new/install/mycobot_630:/home/meta/Documents/robotics_workspace_new/install/mycobot_600:/home/meta/Documents/robotics_workspace_new/install/mycobot_320pi:/home/meta/Documents/robotics_workspace_new/install/mycobot_320_riscv:/home/meta/Documents/robotics_workspace_new/install/mycobot_320:/home/meta/Documents/robotics_workspace_new/install/mycobot_280pi:/home/meta/Documents/robotics_workspace_new/install/mycobot_280jn:/home/meta/Documents/robotics_workspace_new/install/mycobot_280_x3pi:/home/meta/Documents/robotics_workspace_new/install/mycobot_280_riscv:/home/meta/Documents/robotics_workspace_new/install/mycobot_280_rdkx5:/home/meta/Documents/robotics_workspace_new/install/mycobot_280_moveit2_control:/home/meta/Documents/robotics_workspace_new/install/mycobot_280_arduino:/home/meta/Documents/robotics_workspace_new/install/mycobot_280:/home/meta/Documents/robotics_workspace_new/install/mybuddy:/home/meta/Documents/robotics_workspace_new/install/myarm_300:/home/meta/Documents/robotics_workspace_new/install/mecharm_pi:/home/meta/Documents/robotics_workspace_new/install/mecharm:/home/meta/Documents/robotics_workspace_new/install/mycobot_description:/home/meta/Documents/robotics_workspace_new/mycobot_pi/install/mycobot_pi_motus:/opt/ros/jazzy DEBUGINFOD_URLS=https://debuginfod.ubuntu.com /bin/cmake --build /home/meta/Documents/robotics_workspace_new/build/mycobot_pro450_interfaces -- -j4 -l4
[31.374s] Invoking command in '/home/meta/Documents/robotics_workspace_new/build/mycobot_pro450_interfaces': CMAKE_PREFIX_PATH=${CMAKE_PREFIX_PATH}:/home/meta/Documents/robotics_workspace_new/install/mycobot_280_pi_motus:/home/meta/Documents/robotics_workspace_new/install/ur5e_test_motus:/home/meta/Documents/robotics_workspace_new/install/ultraarm:/home/meta/Documents/robotics_workspace_new/install/mycobot_pi_motus:/home/meta/Documents/robotics_workspace_new/install/robokpy_controller:/home/meta/Documents/robotics_workspace_new/install/robokpy:/home/meta/Documents/robotics_workspace_new/install/pro450_moveit2_control:/home/meta/Documents/robotics_workspace_new/install/mypalletizer_communication:/home/meta/Documents/robotics_workspace_new/install/mypalletizer_260_pi:/home/meta/Documents/robotics_workspace_new/install/mypalletizer_260:/home/meta/Documents/robotics_workspace_new/install/mycobot_pro_450:/home/meta/Documents/robotics_workspace_new/install/myarm_m750:/home/meta/Documents/robotics_workspace_new/install/myarm_c650:/home/meta/Documents/robotics_workspace_new/install/mycobot_communication:/home/meta/Documents/robotics_workspace_new/install/mecharm_communication:/home/meta/Documents/robotics_workspace_new/install/mycobot_630:/home/meta/Documents/robotics_workspace_new/install/mycobot_600:/home/meta/Documents/robotics_workspace_new/install/mycobot_320pi:/home/meta/Documents/robotics_workspace_new/install/mycobot_320_riscv:/home/meta/Documents/robotics_workspace_new/install/mycobot_320:/home/meta/Documents/robotics_workspace_new/install/mycobot_280pi:/home/meta/Documents/robotics_workspace_new/install/mycobot_280jn:/home/meta/Documents/robotics_workspace_new/install/mycobot_280_x3pi:/home/meta/Documents/robotics_workspace_new/install/mycobot_280_riscv:/home/meta/Documents/robotics_workspace_new/install/mycobot_280_rdkx5:/home/meta/Documents/robotics_workspace_new/install/mycobot_280_moveit2_control:/home/meta/Documents/robotics_workspace_new/install/mycobot_280_arduino:/home/meta/Documents/robotics_workspace_new/install/mycobot_280:/home/meta/Documents/robotics_workspace_new/install/mybuddy:/home/meta/Documents/robotics_workspace_new/install/myarm_300:/home/meta/Documents/robotics_workspace_new/install/mecharm_pi:/home/meta/Documents/robotics_workspace_new/install/mecharm:/home/meta/Documents/robotics_workspace_new/install/mycobot_description:/home/meta/Documents/robotics_workspace_new/mycobot_pi/install/mycobot_pi_motus:/opt/ros/jazzy DEBUGINFOD_URLS=https://debuginfod.ubuntu.com /bin/cmake --install /home/meta/Documents/robotics_workspace_new/build/mycobot_pro450_interfaces
[31.408s] -- Install configuration: ""
[31.413s] -- Up-to-date: /home/meta/Documents/robotics_workspace_new/install/mycobot_pro450_interfaces/share/ament_index/resource_index/rosidl_interfaces/mycobot_pro450_interfaces
[31.421s] -- Up-to-date: /home/meta/Documents/robotics_workspace_new/install/mycobot_pro450_interfaces/share/mycobot_pro450_interfaces/msg/MycobotAngles.json
[31.422s] -- Up-to-date: /home/meta/Documents/robotics_workspace_new/install/mycobot_pro450_interfaces/share/mycobot_pro450_interfaces/msg/MycobotCoords.json
[31.422s] -- Up-to-date: /home/meta/Documents/robotics_workspace_new/install/mycobot_pro450_interfaces/share/mycobot_pro450_interfaces/msg/MycobotSetAngles.json
[31.426s] -- Up-to-date: /home/meta/Documents/robotics_workspace_new/install/mycobot_pro450_interfaces/share/mycobot_pro450_interfaces/msg/MycobotSetCoords.json
[31.427s] -- Up-to-date: /home/meta/Documents/robotics_workspace_new/install/mycobot_pro450_interfaces/share/mycobot_pro450_interfaces/msg/MycobotGripperStatus.json
[31.427s] -- Up-to-date: /home/meta/Documents/robotics_workspace_new/install/mycobot_pro450_interfaces/share/mycobot_pro450_interfaces/srv/GetAngles.json
[31.429s] -- Up-to-date: /home/meta/Documents/robotics_workspace_new/install/mycobot_pro450_interfaces/share/mycobot_pro450_interfaces/srv/SetAngles.json
[31.429s] -- Up-to-date: /home/meta/Documents/robotics_workspace_new/install/mycobot_pro450_interfaces/share/mycobot_pro450_interfaces/srv/GetCoords.json
[31.430s] -- Up-to-date: /home/meta/Documents/robotics_workspace_new/install/mycobot_pro450_interfaces/share/mycobot_pro450_interfaces/srv/SetCoords.json
[31.430s] -- Up-to-date: /home/meta/Documents/robotics_workspace_new/install/mycobot_pro450_interfaces/share/mycobot_pro450_interfaces/srv/GripperStatus.json
[31.430s] -- Up-to-date: /home/meta/Documents/robotics_workspace_new/install/mycobot_pro450_interfaces/share/mycobot_pro450_interfaces/srv/GetGripperValue.json
[31.431s] -- Up-to-date: /home/meta/Documents/robotics_workspace_new/install/mycobot_pro450_interfaces/include/mycobot_pro450_interfaces/mycobot_pro450_interfaces
[31.431s] -- Up-to-date: /home/meta/Documents/robotics_workspace_new/install/mycobot_pro450_interfaces/include/mycobot_pro450_interfaces/mycobot_pro450_interfaces/srv
[31.432s] -- Up-to-date: /home/meta/Documents/robotics_workspace_new/install/mycobot_pro450_interfaces/include/mycobot_pro450_interfaces/mycobot_pro450_interfaces/srv/get_gripper_value.h
[31.432s] -- Up-to-date: /home/meta/Documents/robotics_workspace_new/install/mycobot_pro450_interfaces/include/mycobot_pro450_interfaces/mycobot_pro450_interfaces/srv/detail
[31.432s] -- Up-to-date: /home/meta/Documents/robotics_workspace_new/install/mycobot_pro450_interfaces/include/mycobot_pro450_interfaces/mycobot_pro450_interfaces/srv/detail/get_coords__functions.h
[31.433s] -- Installing: /home/meta/Documents/robotics_workspace_new/install/mycobot_pro450_interfaces/include/mycobot_pro450_interfaces/mycobot_pro450_interfaces/srv/detail/get_coords__type_support.c
[31.438s] -- Up-to-date: /home/meta/Documents/robotics_workspace_new/install/mycobot_pro450_interfaces/include/mycobot_pro450_interfaces/mycobot_pro450_interfaces/srv/detail/get_angles__type_support.h
[31.439s] -- Up-to-date: /home/meta/Documents/robotics_workspace_new/install/mycobot_pro450_interfaces/include/mycobot_pro450_interfaces/mycobot_pro450_interfaces/srv/detail/get_coords__type_support.h
[31.440s] -- Up-to-date: /home/meta/Documents/robotics_workspace_new/install/mycobot_pro450_interfaces/include/mycobot_pro450_interfaces/mycobot_pro450_interfaces/srv/detail/gripper_status__functions.c
[31.440s] -- Up-to-date: /home/meta/Documents/robotics_workspace_new/install/mycobot_pro450_interfaces/include/mycobot_pro450_interfaces/mycobot_pro450_interfaces/srv/detail/set_angles__struct.h
[31.442s] -- Up-to-date: /home/meta/Documents/robotics_workspace_new/install/mycobot_pro450_interfaces/include/mycobot_pro450_interfaces/mycobot_pro450_interfaces/srv/detail/gripper_status__description.c
[31.442s] -- Up-to-date: /home/meta/Documents/robotics_workspace_new/install/mycobot_pro450_interfaces/include/mycobot_pro450_interfaces/mycobot_pro450_interfaces/srv/detail/get_angles__functions.c
[31.442s] -- Installing: /home/meta/Documents/robotics_workspace_new/install/mycobot_pro450_interfaces/include/mycobot_pro450_interfaces/mycobot_pro450_interfaces/srv/detail/get_angles__type_support.c
[31.463s] -- Up-to-date: /home/meta/Documents/robotics_workspace_new/install/mycobot_pro450_interfaces/include/mycobot_pro450_interfaces/mycobot_pro450_interfaces/srv/detail/gripper_status__type_support.h
[31.464s] -- Up-to-date: /home/meta/Documents/robotics_workspace_new/install/mycobot_pro450_interfaces/include/mycobot_pro450_interfaces/mycobot_pro450_interfaces/srv/detail/get_coords__functions.c
[31.464s] -- Installing: /home/meta/Documents/robotics_workspace_new/install/mycobot_pro450_interfaces/include/mycobot_pro450_interfaces/mycobot_pro450_interfaces/srv/detail/set_angles__type_support.c
[31.464s] -- Up-to-date: /home/meta/Documents/robotics_workspace_new/install/mycobot_pro450_interfaces/include/mycobot_pro450_interfaces/mycobot_pro450_interfaces/srv/detail/get_gripper_value__type_support.h
[31.466s] -- Up-to-date: /home/meta/Documents/robotics_workspace_new/install/mycobot_pro450_interfaces/include/mycobot_pro450_interfaces/mycobot_pro450_interfaces/srv/detail/get_gripper_value__functions.c
[31.467s] -- Up-to-date: /home/meta/Documents/robotics_workspace_new/install/mycobot_pro450_interfaces/include/mycobot_pro450_interfaces/mycobot_pro450_interfaces/srv/detail/get_angles__description.c
[31.467s] -- Installing: /home/meta/Documents/robotics_workspace_new/install/mycobot_pro450_interfaces/include/mycobot_pro450_interfaces/mycobot_pro450_interfaces/srv/detail/set_coords__type_support.c
[31.468s] -- Up-to-date: /home/meta/Documents/robotics_workspace_new/install/mycobot_pro450_interfaces/include/mycobot_pro450_interfaces/mycobot_pro450_interfaces/srv/detail/get_angles__functions.h
[31.470s] -- Up-to-date: /home/meta/Documents/robotics_workspace_new/install/mycobot_pro450_interfaces/include/mycobot_pro450_interfaces/mycobot_pro450_interfaces/srv/detail/set_coords__functions.h
[31.470s] -- Up-to-date: /home/meta/Documents/robotics_workspace_new/install/mycobot_pro450_interfaces/include/mycobot_pro450_interfaces/mycobot_pro450_interfaces/srv/detail/get_coords__description.c
[31.472s] -- Up-to-date: /home/meta/Documents/robotics_workspace_new/install/mycobot_pro450_interfaces/include/mycobot_pro450_interfaces/mycobot_pro450_interfaces/srv/detail/set_angles__functions.h
[31.473s] -- Up-to-date: /home/meta/Documents/robotics_workspace_new/install/mycobot_pro450_interfaces/include/mycobot_pro450_interfaces/mycobot_pro450_interfaces/srv/detail/set_angles__description.c
[31.473s] -- Up-to-date: /home/meta/Documents/robotics_workspace_new/install/mycobot_pro450_interfaces/include/mycobot_pro450_interfaces/mycobot_pro450_interfaces/srv/detail/get_gripper_value__functions.h
[31.474s] -- Up-to-date: /home/meta/Documents/robotics_workspace_new/install/mycobot_pro450_interfaces/include/mycobot_pro450_interfaces/mycobot_pro450_interfaces/srv/detail/gripper_status__struct.h
[31.474s] -- Up-to-date: /home/meta/Documents/robotics_workspace_new/install/mycobot_pro450_interfaces/include/mycobot_pro450_interfaces/mycobot_pro450_interfaces/srv/detail/get_coords__struct.h
[31.475s] -- Installing: /home/meta/Documents/robotics_workspace_new/install/mycobot_pro450_interfaces/include/mycobot_pro450_interfaces/mycobot_pro450_interfaces/srv/detail/gripper_status__type_support.c
[31.475s] -- Up-to-date: /home/meta/Documents/robotics_workspace_new/install/mycobot_pro450_interfaces/include/mycobot_pro450_interfaces/mycobot_pro450_interfaces/srv/detail/set_angles__type_support.h
[31.475s] -- Up-to-date: /home/meta/Documents/robotics_workspace_new/install/mycobot_pro450_interfaces/include/mycobot_pro450_interfaces/mycobot_pro450_interfaces/srv/detail/set_angles__functions.c
[31.476s] -- Up-to-date: /home/meta/Documents/robotics_workspace_new/install/mycobot_pro450_interfaces/include/mycobot_pro450_interfaces/mycobot_pro450_interfaces/srv/detail/get_gripper_value__description.c
[31.476s] -- Up-to-date: /home/meta/Documents/robotics_workspace_new/install/mycobot_pro450_interfaces/include/mycobot_pro450_interfaces/mycobot_pro450_interfaces/srv/detail/get_angles__struct.h
[31.476s] -- Up-to-date: /home/meta/Documents/robotics_workspace_new/install/mycobot_pro450_interfaces/include/mycobot_pro450_interfaces/mycobot_pro450_interfaces/srv/detail/set_coords__type_support.h
[31.476s] -- Up-to-date: /home/meta/Documents/robotics_workspace_new/install/mycobot_pro450_interfaces/include/mycobot_pro450_interfaces/mycobot_pro450_interfaces/srv/detail/gripper_status__functions.h
[31.477s] -- Up-to-date: /home/meta/Documents/robotics_workspace_new/install/mycobot_pro450_interfaces/include/mycobot_pro450_interfaces/mycobot_pro450_interfaces/srv/detail/set_coords__description.c
[31.477s] -- Up-to-date: /home/meta/Documents/robotics_workspace_new/install/mycobot_pro450_interfaces/include/mycobot_pro450_interfaces/mycobot_pro450_interfaces/srv/detail/get_gripper_value__struct.h
[31.477s] -- Up-to-date: /home/meta/Documents/robotics_workspace_new/install/mycobot_pro450_interfaces/include/mycobot_pro450_interfaces/mycobot_pro450_interfaces/srv/detail/set_coords__functions.c
[31.478s] -- Installing: /home/meta/Documents/robotics_workspace_new/install/mycobot_pro450_interfaces/include/mycobot_pro450_interfaces/mycobot_pro450_interfaces/srv/detail/get_gripper_value__type_support.c
[31.478s] -- Up-to-date: /home/meta/Documents/robotics_workspace_new/install/mycobot_pro450_interfaces/include/mycobot_pro450_interfaces/mycobot_pro450_interfaces/srv/detail/set_coords__struct.h
[31.478s] -- Up-to-date: /home/meta/Documents/robotics_workspace_new/install/mycobot_pro450_interfaces/include/mycobot_pro450_interfaces/mycobot_pro450_interfaces/srv/gripper_status.h
[31.478s] -- Up-to-date: /home/meta/Documents/robotics_workspace_new/install/mycobot_pro450_interfaces/include/mycobot_pro450_interfaces/mycobot_pro450_interfaces/srv/get_angles.h
[31.479s] -- Up-to-date: /home/meta/Documents/robotics_workspace_new/install/mycobot_pro450_interfaces/include/mycobot_pro450_interfaces/mycobot_pro450_interfaces/srv/set_angles.h
[31.479s] -- Up-to-date: /home/meta/Documents/robotics_workspace_new/install/mycobot_pro450_interfaces/include/mycobot_pro450_interfaces/mycobot_pro450_interfaces/srv/get_coords.h
[31.480s] -- Up-to-date: /home/meta/Documents/robotics_workspace_new/install/mycobot_pro450_interfaces/include/mycobot_pro450_interfaces/mycobot_pro450_interfaces/srv/set_coords.h
[31.480s] -- Up-to-date: /home/meta/Documents/robotics_workspace_new/install/mycobot_pro450_interfaces/include/mycobot_pro450_interfaces/mycobot_pro450_interfaces/msg
[31.481s] -- Up-to-date: /home/meta/Documents/robotics_workspace_new/install/mycobot_pro450_interfaces/include/mycobot_pro450_interfaces/mycobot_pro450_interfaces/msg/mycobot_angles.h
[31.481s] -- Up-to-date: /home/meta/Documents/robotics_workspace_new/install/mycobot_pro450_interfaces/include/mycobot_pro450_interfaces/mycobot_pro450_interfaces/msg/mycobot_set_angles.h
[31.481s] -- Up-to-date: /home/meta/Documents/robotics_workspace_new/install/mycobot_pro450_interfaces/include/mycobot_pro450_interfaces/mycobot_pro450_interfaces/msg/detail
[31.481s] -- Up-to-date: /home/meta/Documents/robotics_workspace_new/install/mycobot_pro450_interfaces/include/mycobot_pro450_interfaces/mycobot_pro450_interfaces/msg/detail/mycobot_set_coords__description.c
[31.482s] -- Up-to-date: /home/meta/Documents/robotics_workspace_new/install/mycobot_pro450_interfaces/include/mycobot_pro450_interfaces/mycobot_pro450_interfaces/msg/detail/mycobot_gripper_status__functions.c
[31.497s] -- Installing: /home/meta/Documents/robotics_workspace_new/install/mycobot_pro450_interfaces/include/mycobot_pro450_interfaces/mycobot_pro450_interfaces/msg/detail/mycobot_set_angles__type_support.c
[31.515s] -- Up-to-date: /home/meta/Documents/robotics_workspace_new/install/mycobot_pro450_interfaces/include/mycobot_pro450_interfaces/mycobot_pro450_interfaces/msg/detail/mycobot_coords__description.c
[31.516s] -- Up-to-date: /home/meta/Documents/robotics_workspace_new/install/mycobot_pro450_interfaces/include/mycobot_pro450_interfaces/mycobot_pro450_interfaces/msg/detail/mycobot_set_angles__type_support.h
[31.516s] -- Up-to-date: /home/meta/Documents/robotics_workspace_new/install/mycobot_pro450_interfaces/include/mycobot_pro450_interfaces/mycobot_pro450_interfaces/msg/detail/mycobot_set_angles__functions.h
[31.519s] -- Up-to-date: /home/meta/Documents/robotics_workspace_new/install/mycobot_pro450_interfaces/include/mycobot_pro450_interfaces/mycobot_pro450_interfaces/msg/detail/mycobot_set_angles__functions.c
[31.520s] -- Up-to-date: /home/meta/Documents/robotics_workspace_new/install/mycobot_pro450_interfaces/include/mycobot_pro450_interfaces/mycobot_pro450_interfaces/msg/detail/mycobot_angles__functions.c
[31.520s] -- Installing: /home/meta/Documents/robotics_workspace_new/install/mycobot_pro450_interfaces/include/mycobot_pro450_interfaces/mycobot_pro450_interfaces/msg/detail/mycobot_coords__type_support.c
[31.521s] -- Up-to-date: /home/meta/Documents/robotics_workspace_new/install/mycobot_pro450_interfaces/include/mycobot_pro450_interfaces/mycobot_pro450_interfaces/msg/detail/mycobot_coords__struct.h
[31.521s] -- Up-to-date: /home/meta/Documents/robotics_workspace_new/install/mycobot_pro450_interfaces/include/mycobot_pro450_interfaces/mycobot_pro450_interfaces/msg/detail/mycobot_set_coords__struct.h
[31.521s] -- Installing: /home/meta/Documents/robotics_workspace_new/install/mycobot_pro450_interfaces/include/mycobot_pro450_interfaces/mycobot_pro450_interfaces/msg/detail/mycobot_gripper_status__type_support.c
[31.522s] -- Up-to-date: /home/meta/Documents/robotics_workspace_new/install/mycobot_pro450_interfaces/include/mycobot_pro450_interfaces/mycobot_pro450_interfaces/msg/detail/mycobot_coords__type_support.h
[31.525s] -- Installing: /home/meta/Documents/robotics_workspace_new/install/mycobot_pro450_interfaces/include/mycobot_pro450_interfaces/mycobot_pro450_interfaces/msg/detail/mycobot_set_coords__type_support.c
[31.525s] -- Up-to-date: /home/meta/Documents/robotics_workspace_new/install/mycobot_pro450_interfaces/include/mycobot_pro450_interfaces/mycobot_pro450_interfaces/msg/detail/mycobot_gripper_status__type_support.h
[31.526s] -- Up-to-date: /home/meta/Documents/robotics_workspace_new/install/mycobot_pro450_interfaces/include/mycobot_pro450_interfaces/mycobot_pro450_interfaces/msg/detail/mycobot_coords__functions.c
[31.526s] -- Up-to-date: /home/meta/Documents/robotics_workspace_new/install/mycobot_pro450_interfaces/include/mycobot_pro450_interfaces/mycobot_pro450_interfaces/msg/detail/mycobot_set_coords__functions.h
[31.526s] -- Up-to-date: /home/meta/Documents/robotics_workspace_new/install/mycobot_pro450_interfaces/include/mycobot_pro450_interfaces/mycobot_pro450_interfaces/msg/detail/mycobot_set_coords__functions.c
[31.527s] -- Up-to-date: /home/meta/Documents/robotics_workspace_new/install/mycobot_pro450_interfaces/include/mycobot_pro450_interfaces/mycobot_pro450_interfaces/msg/detail/mycobot_angles__functions.h
[31.527s] -- Up-to-date: /home/meta/Documents/robotics_workspace_new/install/mycobot_pro450_interfaces/include/mycobot_pro450_interfaces/mycobot_pro450_interfaces/msg/detail/mycobot_set_angles__description.c
[31.531s] -- Up-to-date: /home/meta/Documents/robotics_workspace_new/install/mycobot_pro450_interfaces/include/mycobot_pro450_interfaces/mycobot_pro450_interfaces/msg/detail/mycobot_set_coords__type_support.h
[31.531s] -- Up-to-date: /home/meta/Documents/robotics_workspace_new/install/mycobot_pro450_interfaces/include/mycobot_pro450_interfaces/mycobot_pro450_interfaces/msg/detail/mycobot_angles__struct.h
[31.532s] -- Up-to-date: /home/meta/Documents/robotics_workspace_new/install/mycobot_pro450_interfaces/include/mycobot_pro450_interfaces/mycobot_pro450_interfaces/msg/detail/mycobot_angles__description.c
[31.532s] -- Up-to-date: /home/meta/Documents/robotics_workspace_new/install/mycobot_pro450_interfaces/include/mycobot_pro450_interfaces/mycobot_pro450_interfaces/msg/detail/mycobot_gripper_status__functions.h
[31.532s] -- Up-to-date: /home/meta/Documents/robotics_workspace_new/install/mycobot_pro450_interfaces/include/mycobot_pro450_interfaces/mycobot_pro450_interfaces/msg/detail/mycobot_gripper_status__struct.h
[31.533s] -- Up-to-date: /home/meta/Documents/robotics_workspace_new/install/mycobot_pro450_interfaces/include/mycobot_pro450_interfaces/mycobot_pro450_interfaces/msg/detail/mycobot_gripper_status__description.c
[31.533s] -- Up-to-date: /home/meta/Documents/robotics_workspace_new/install/mycobot_pro450_interfaces/include/mycobot_pro450_interfaces/mycobot_pro450_interfaces/msg/detail/mycobot_angles__type_support.h
[31.534s] -- Installing: /home/meta/Documents/robotics_workspace_new/install/mycobot_pro450_interfaces/include/mycobot_pro450_interfaces/mycobot_pro450_interfaces/msg/detail/mycobot_angles__type_support.c
[31.535s] -- Up-to-date: /home/meta/Documents/robotics_workspace_new/install/mycobot_pro450_interfaces/include/mycobot_pro450_interfaces/mycobot_pro450_interfaces/msg/detail/mycobot_set_angles__struct.h
[31.536s] -- Up-to-date: /home/meta/Documents/robotics_workspace_new/install/mycobot_pro450_interfaces/include/mycobot_pro450_interfaces/mycobot_pro450_interfaces/msg/detail/mycobot_coords__functions.h
[31.537s] -- Up-to-date: /home/meta/Documents/robotics_workspace_new/install/mycobot_pro450_interfaces/include/mycobot_pro450_interfaces/mycobot_pro450_interfaces/msg/mycobot_set_coords.h
[31.538s] -- Up-to-date: /home/meta/Documents/robotics_workspace_new/install/mycobot_pro450_interfaces/include/mycobot_pro450_interfaces/mycobot_pro450_interfaces/msg/mycobot_gripper_status.h
[31.538s] -- Up-to-date: /home/meta/Documents/robotics_workspace_new/install/mycobot_pro450_interfaces/include/mycobot_pro450_interfaces/mycobot_pro450_interfaces/msg/mycobot_coords.h
[31.539s] -- Up-to-date: /home/meta/Documents/robotics_workspace_new/install/mycobot_pro450_interfaces/include/mycobot_pro450_interfaces/mycobot_pro450_interfaces/msg/rosidl_generator_c__visibility_control.h
[31.539s] -- Up-to-date: /home/meta/Documents/robotics_workspace_new/install/mycobot_pro450_interfaces/share/mycobot_pro450_interfaces/environment/library_path.sh
[31.539s] -- Up-to-date: /home/meta/Documents/robotics_workspace_new/install/mycobot_pro450_interfaces/share/mycobot_pro450_interfaces/environment/library_path.dsv
[31.542s] -- Up-to-date: /home/meta/Documents/robotics_workspace_new/install/mycobot_pro450_interfaces/lib/libmycobot_pro450_interfaces__rosidl_generator_c.so
[31.542s] -- Up-to-date: /home/meta/Documents/robotics_workspace_new/install/mycobot_pro450_interfaces/include/mycobot_pro450_interfaces/mycobot_pro450_interfaces
[31.543s] -- Up-to-date: /home/meta/Documents/robotics_workspace_new/install/mycobot_pro450_interfaces/include/mycobot_pro450_interfaces/mycobot_pro450_interfaces/srv
[31.543s] -- Up-to-date: /home/meta/Documents/robotics_workspace_new/install/mycobot_pro450_interfaces/include/mycobot_pro450_interfaces/mycobot_pro450_interfaces/srv/detail
[31.544s] -- Up-to-date: /home/meta/Documents/robotics_workspace_new/install/mycobot_pro450_interfaces/include/mycobot_pro450_interfaces/mycobot_pro450_interfaces/srv/detail/gripper_status__rosidl_typesupport_fastrtps_c.h
[31.544s] -- Up-to-date: /home/meta/Documents/robotics_workspace_new/install/mycobot_pro450_interfaces/include/mycobot_pro450_interfaces/mycobot_pro450_interfaces/srv/detail/get_angles__rosidl_typesupport_fastrtps_c.h
[31.547s] -- Up-to-date: /home/meta/Documents/robotics_workspace_new/install/mycobot_pro450_interfaces/include/mycobot_pro450_interfaces/mycobot_pro450_interfaces/srv/detail/set_coords__rosidl_typesupport_fastrtps_c.h
[31.547s] -- Up-to-date: /home/meta/Documents/robotics_workspace_new/install/mycobot_pro450_interfaces/include/mycobot_pro450_interfaces/mycobot_pro450_interfaces/srv/detail/get_gripper_value__rosidl_typesupport_fastrtps_c.h
[31.548s] -- Up-to-date: /home/meta/Documents/robotics_workspace_new/install/mycobot_pro450_interfaces/include/mycobot_pro450_interfaces/mycobot_pro450_interfaces/srv/detail/set_angles__rosidl_typesupport_fastrtps_c.h
[31.548s] -- Up-to-date: /home/meta/Documents/robotics_workspace_new/install/mycobot_pro450_interfaces/include/mycobot_pro450_interfaces/mycobot_pro450_interfaces/srv/detail/get_coords__rosidl_typesupport_fastrtps_c.h
[31.548s] -- Up-to-date: /home/meta/Documents/robotics_workspace_new/install/mycobot_pro450_interfaces/include/mycobot_pro450_interfaces/mycobot_pro450_interfaces/msg
[31.549s] -- Up-to-date: /home/meta/Documents/robotics_workspace_new/install/mycobot_pro450_interfaces/include/mycobot_pro450_interfaces/mycobot_pro450_interfaces/msg/detail
[31.549s] -- Up-to-date: /home/meta/Documents/robotics_workspace_new/install/mycobot_pro450_interfaces/include/mycobot_pro450_interfaces/mycobot_pro450_interfaces/msg/detail/mycobot_coords__rosidl_typesupport_fastrtps_c.h
[31.549s] -- Up-to-date: /home/meta/Documents/robotics_workspace_new/install/mycobot_pro450_interfaces/include/mycobot_pro450_interfaces/mycobot_pro450_interfaces/msg/detail/mycobot_angles__rosidl_typesupport_fastrtps_c.h
[31.550s] -- Up-to-date: /home/meta/Documents/robotics_workspace_new/install/mycobot_pro450_interfaces/include/mycobot_pro450_interfaces/mycobot_pro450_interfaces/msg/detail/mycobot_set_coords__rosidl_typesupport_fastrtps_c.h
[31.550s] -- Up-to-date: /home/meta/Documents/robotics_workspace_new/install/mycobot_pro450_interfaces/include/mycobot_pro450_interfaces/mycobot_pro450_interfaces/msg/detail/mycobot_set_angles__rosidl_typesupport_fastrtps_c.h
[31.552s] -- Up-to-date: /home/meta/Documents/robotics_workspace_new/install/mycobot_pro450_interfaces/include/mycobot_pro450_interfaces/mycobot_pro450_interfaces/msg/detail/mycobot_gripper_status__rosidl_typesupport_fastrtps_c.h
[31.553s] -- Up-to-date: /home/meta/Documents/robotics_workspace_new/install/mycobot_pro450_interfaces/include/mycobot_pro450_interfaces/mycobot_pro450_interfaces/msg/rosidl_typesupport_fastrtps_c__visibility_control.h
[31.553s] -- Up-to-date: /home/meta/Documents/robotics_workspace_new/install/mycobot_pro450_interfaces/lib/libmycobot_pro450_interfaces__rosidl_typesupport_fastrtps_c.so
[31.553s] -- Up-to-date: /home/meta/Documents/robotics_workspace_new/install/mycobot_pro450_interfaces/include/mycobot_pro450_interfaces/mycobot_pro450_interfaces
[31.554s] -- Up-to-date: /home/meta/Documents/robotics_workspace_new/install/mycobot_pro450_interfaces/include/mycobot_pro450_interfaces/mycobot_pro450_interfaces/srv
[31.554s] -- Up-to-date: /home/meta/Documents/robotics_workspace_new/install/mycobot_pro450_interfaces/include/mycobot_pro450_interfaces/mycobot_pro450_interfaces/srv/detail
[31.554s] -- Installing: /home/meta/Documents/robotics_workspace_new/install/mycobot_pro450_interfaces/include/mycobot_pro450_interfaces/mycobot_pro450_interfaces/srv/detail/get_coords__type_support.c
[31.558s] -- Up-to-date: /home/meta/Documents/robotics_workspace_new/install/mycobot_pro450_interfaces/include/mycobot_pro450_interfaces/mycobot_pro450_interfaces/srv/detail/gripper_status__rosidl_typesupport_introspection_c.h
[31.558s] -- Installing: /home/meta/Documents/robotics_workspace_new/install/mycobot_pro450_interfaces/include/mycobot_pro450_interfaces/mycobot_pro450_interfaces/srv/detail/get_angles__type_support.c
[31.579s] -- Installing: /home/meta/Documents/robotics_workspace_new/install/mycobot_pro450_interfaces/include/mycobot_pro450_interfaces/mycobot_pro450_interfaces/srv/detail/set_angles__type_support.c
[31.579s] -- Up-to-date: /home/meta/Documents/robotics_workspace_new/install/mycobot_pro450_interfaces/include/mycobot_pro450_interfaces/mycobot_pro450_interfaces/srv/detail/set_coords__rosidl_typesupport_introspection_c.h
[31.579s] -- Installing: /home/meta/Documents/robotics_workspace_new/install/mycobot_pro450_interfaces/include/mycobot_pro450_interfaces/mycobot_pro450_interfaces/srv/detail/set_coords__type_support.c
[31.580s] -- Up-to-date: /home/meta/Documents/robotics_workspace_new/install/mycobot_pro450_interfaces/include/mycobot_pro450_interfaces/mycobot_pro450_interfaces/srv/detail/get_gripper_value__rosidl_typesupport_introspection_c.h
[31.580s] -- Installing: /home/meta/Documents/robotics_workspace_new/install/mycobot_pro450_interfaces/include/mycobot_pro450_interfaces/mycobot_pro450_interfaces/srv/detail/gripper_status__type_support.c
[31.580s] -- Up-to-date: /home/meta/Documents/robotics_workspace_new/install/mycobot_pro450_interfaces/include/mycobot_pro450_interfaces/mycobot_pro450_interfaces/srv/detail/set_angles__rosidl_typesupport_introspection_c.h
[31.581s] -- Up-to-date: /home/meta/Documents/robotics_workspace_new/install/mycobot_pro450_interfaces/include/mycobot_pro450_interfaces/mycobot_pro450_interfaces/srv/detail/get_coords__rosidl_typesupport_introspection_c.h
[31.585s] -- Installing: /home/meta/Documents/robotics_workspace_new/install/mycobot_pro450_interfaces/include/mycobot_pro450_interfaces/mycobot_pro450_interfaces/srv/detail/get_gripper_value__type_support.c
[31.585s] -- Up-to-date: /home/meta/Documents/robotics_workspace_new/install/mycobot_pro450_interfaces/include/mycobot_pro450_interfaces/mycobot_pro450_interfaces/srv/detail/get_angles__rosidl_typesupport_introspection_c.h
[31.586s] -- Up-to-date: /home/meta/Documents/robotics_workspace_new/install/mycobot_pro450_interfaces/include/mycobot_pro450_interfaces/mycobot_pro450_interfaces/msg
[31.586s] -- Up-to-date: /home/meta/Documents/robotics_workspace_new/install/mycobot_pro450_interfaces/include/mycobot_pro450_interfaces/mycobot_pro450_interfaces/msg/detail
[31.587s] -- Installing: /home/meta/Documents/robotics_workspace_new/install/mycobot_pro450_interfaces/include/mycobot_pro450_interfaces/mycobot_pro450_interfaces/msg/detail/mycobot_set_angles__type_support.c
[31.587s] -- Up-to-date: /home/meta/Documents/robotics_workspace_new/install/mycobot_pro450_interfaces/include/mycobot_pro450_interfaces/mycobot_pro450_interfaces/msg/detail/mycobot_coords__rosidl_typesupport_introspection_c.h
[31.588s] -- Up-to-date: /home/meta/Documents/robotics_workspace_new/install/mycobot_pro450_interfaces/include/mycobot_pro450_interfaces/mycobot_pro450_interfaces/msg/detail/mycobot_set_coords__rosidl_typesupport_introspection_c.h
[31.590s] -- Up-to-date: /home/meta/Documents/robotics_workspace_new/install/mycobot_pro450_interfaces/include/mycobot_pro450_interfaces/mycobot_pro450_interfaces/msg/detail/mycobot_set_angles__rosidl_typesupport_introspection_c.h
[31.590s] -- Up-to-date: /home/meta/Documents/robotics_workspace_new/install/mycobot_pro450_interfaces/include/mycobot_pro450_interfaces/mycobot_pro450_interfaces/msg/detail/mycobot_gripper_status__rosidl_typesupport_introspection_c.h
[31.590s] -- Installing: /home/meta/Documents/robotics_workspace_new/install/mycobot_pro450_interfaces/include/mycobot_pro450_interfaces/mycobot_pro450_interfaces/msg/detail/mycobot_coords__type_support.c
[31.591s] -- Installing: /home/meta/Documents/robotics_workspace_new/install/mycobot_pro450_interfaces/include/mycobot_pro450_interfaces/mycobot_pro450_interfaces/msg/detail/mycobot_gripper_status__type_support.c
[31.592s] -- Installing: /home/meta/Documents/robotics_workspace_new/install/mycobot_pro450_interfaces/include/mycobot_pro450_interfaces/mycobot_pro450_interfaces/msg/detail/mycobot_set_coords__type_support.c
[31.593s] -- Up-to-date: /home/meta/Documents/robotics_workspace_new/install/mycobot_pro450_interfaces/include/mycobot_pro450_interfaces/mycobot_pro450_interfaces/msg/detail/mycobot_angles__rosidl_typesupport_introspection_c.h
[31.594s] -- Installing: /home/meta/Documents/robotics_workspace_new/install/mycobot_pro450_interfaces/include/mycobot_pro450_interfaces/mycobot_pro450_interfaces/msg/detail/mycobot_angles__type_support.c
[31.594s] -- Up-to-date: /home/meta/Documents/robotics_workspace_new/install/mycobot_pro450_interfaces/include/mycobot_pro450_interfaces/mycobot_pro450_interfaces/msg/rosidl_typesupport_introspection_c__visibility_control.h
[31.595s] -- Up-to-date: /home/meta/Documents/robotics_workspace_new/install/mycobot_pro450_interfaces/lib/libmycobot_pro450_interfaces__rosidl_typesupport_introspection_c.so
[31.595s] -- Up-to-date: /home/meta/Documents/robotics_workspace_new/install/mycobot_pro450_interfaces/lib/libmycobot_pro450_interfaces__rosidl_typesupport_c.so
[31.610s] -- Up-to-date: /home/meta/Documents/robotics_workspace_new/install/mycobot_pro450_interfaces/include/mycobot_pro450_interfaces/mycobot_pro450_interfaces
[31.612s] -- Up-to-date: /home/meta/Documents/robotics_workspace_new/install/mycobot_pro450_interfaces/include/mycobot_pro450_interfaces/mycobot_pro450_interfaces/srv
[31.613s] -- Up-to-date: /home/meta/Documents/robotics_workspace_new/install/mycobot_pro450_interfaces/include/mycobot_pro450_interfaces/mycobot_pro450_interfaces/srv/set_coords.hpp
[31.613s] -- Up-to-date: /home/meta/Documents/robotics_workspace_new/install/mycobot_pro450_interfaces/include/mycobot_pro450_interfaces/mycobot_pro450_interfaces/srv/set_angles.hpp
[31.614s] -- Up-to-date: /home/meta/Documents/robotics_workspace_new/install/mycobot_pro450_interfaces/include/mycobot_pro450_interfaces/mycobot_pro450_interfaces/srv/get_angles.hpp
[31.616s] -- Up-to-date: /home/meta/Documents/robotics_workspace_new/install/mycobot_pro450_interfaces/include/mycobot_pro450_interfaces/mycobot_pro450_interfaces/srv/detail
[31.618s] -- Up-to-date: /home/meta/Documents/robotics_workspace_new/install/mycobot_pro450_interfaces/include/mycobot_pro450_interfaces/mycobot_pro450_interfaces/srv/detail/set_angles__type_support.hpp
[31.618s] -- Up-to-date: /home/meta/Documents/robotics_workspace_new/install/mycobot_pro450_interfaces/include/mycobot_pro450_interfaces/mycobot_pro450_interfaces/srv/detail/get_gripper_value__type_support.hpp
[31.618s] -- Up-to-date: /home/meta/Documents/robotics_workspace_new/install/mycobot_pro450_interfaces/include/mycobot_pro450_interfaces/mycobot_pro450_interfaces/srv/detail/get_coords__traits.hpp
[31.619s] -- Up-to-date: /home/meta/Documents/robotics_workspace_new/install/mycobot_pro450_interfaces/include/mycobot_pro450_interfaces/mycobot_pro450_interfaces/srv/detail/gripper_status__struct.hpp
[31.619s] -- Up-to-date: /home/meta/Documents/robotics_workspace_new/install/mycobot_pro450_interfaces/include/mycobot_pro450_interfaces/mycobot_pro450_interfaces/srv/detail/set_coords__struct.hpp
[31.619s] -- Up-to-date: /home/meta/Documents/robotics_workspace_new/install/mycobot_pro450_interfaces/include/mycobot_pro450_interfaces/mycobot_pro450_interfaces/srv/detail/gripper_status__traits.hpp
[31.620s] -- Up-to-date: /home/meta/Documents/robotics_workspace_new/install/mycobot_pro450_interfaces/include/mycobot_pro450_interfaces/mycobot_pro450_interfaces/srv/detail/gripper_status__type_support.hpp
[31.620s] -- Up-to-date: /home/meta/Documents/robotics_workspace_new/install/mycobot_pro450_interfaces/include/mycobot_pro450_interfaces/mycobot_pro450_interfaces/srv/detail/get_coords__builder.hpp
[31.622s] -- Up-to-date: /home/meta/Documents/robotics_workspace_new/install/mycobot_pro450_interfaces/include/mycobot_pro450_interfaces/mycobot_pro450_interfaces/srv/detail/get_coords__struct.hpp
[31.622s] -- Up-to-date: /home/meta/Documents/robotics_workspace_new/install/mycobot_pro450_interfaces/include/mycobot_pro450_interfaces/mycobot_pro450_interfaces/srv/detail/set_coords__builder.hpp
[31.623s] -- Up-to-date: /home/meta/Documents/robotics_workspace_new/install/mycobot_pro450_interfaces/include/mycobot_pro450_interfaces/mycobot_pro450_interfaces/srv/detail/get_angles__type_support.hpp
[31.623s] -- Up-to-date: /home/meta/Documents/robotics_workspace_new/install/mycobot_pro450_interfaces/include/mycobot_pro450_interfaces/mycobot_pro450_interfaces/srv/detail/get_angles__traits.hpp
[31.623s] -- Up-to-date: /home/meta/Documents/robotics_workspace_new/install/mycobot_pro450_interfaces/include/mycobot_pro450_interfaces/mycobot_pro450_interfaces/srv/detail/get_gripper_value__builder.hpp
[31.624s] -- Up-to-date: /home/meta/Documents/robotics_workspace_new/install/mycobot_pro450_interfaces/include/mycobot_pro450_interfaces/mycobot_pro450_interfaces/srv/detail/get_angles__struct.hpp
[31.633s] -- Up-to-date: /home/meta/Documents/robotics_workspace_new/install/mycobot_pro450_interfaces/include/mycobot_pro450_interfaces/mycobot_pro450_interfaces/srv/detail/set_coords__traits.hpp
[31.633s] -- Up-to-date: /home/meta/Documents/robotics_workspace_new/install/mycobot_pro450_interfaces/include/mycobot_pro450_interfaces/mycobot_pro450_interfaces/srv/detail/get_gripper_value__traits.hpp
[31.633s] -- Up-to-date: /home/meta/Documents/robotics_workspace_new/install/mycobot_pro450_interfaces/include/mycobot_pro450_interfaces/mycobot_pro450_interfaces/srv/detail/gripper_status__builder.hpp
[31.637s] -- Up-to-date: /home/meta/Documents/robotics_workspace_new/install/mycobot_pro450_interfaces/include/mycobot_pro450_interfaces/mycobot_pro450_interfaces/srv/detail/get_angles__builder.hpp
[31.637s] -- Up-to-date: /home/meta/Documents/robotics_workspace_new/install/mycobot_pro450_interfaces/include/mycobot_pro450_interfaces/mycobot_pro450_interfaces/srv/detail/set_angles__struct.hpp
[31.650s] -- Up-to-date: /home/meta/Documents/robotics_workspace_new/install/mycobot_pro450_interfaces/include/mycobot_pro450_interfaces/mycobot_pro450_interfaces/srv/detail/get_gripper_value__struct.hpp
[31.650s] -- Up-to-date: /home/meta/Documents/robotics_workspace_new/install/mycobot_pro450_interfaces/include/mycobot_pro450_interfaces/mycobot_pro450_interfaces/srv/detail/set_angles__traits.hpp
[31.650s] -- Up-to-date: /home/meta/Documents/robotics_workspace_new/install/mycobot_pro450_interfaces/include/mycobot_pro450_interfaces/mycobot_pro450_interfaces/srv/detail/set_coords__type_support.hpp
[31.651s] -- Up-to-date: /home/meta/Documents/robotics_workspace_new/install/mycobot_pro450_interfaces/include/mycobot_pro450_interfaces/mycobot_pro450_interfaces/srv/detail/get_coords__type_support.hpp
[31.651s] -- Up-to-date: /home/meta/Documents/robotics_workspace_new/install/mycobot_pro450_interfaces/include/mycobot_pro450_interfaces/mycobot_pro450_interfaces/srv/detail/set_angles__builder.hpp
[31.651s] -- Up-to-date: /home/meta/Documents/robotics_workspace_new/install/mycobot_pro450_interfaces/include/mycobot_pro450_interfaces/mycobot_pro450_interfaces/srv/get_coords.hpp
[31.652s] -- Up-to-date: /home/meta/Documents/robotics_workspace_new/install/mycobot_pro450_interfaces/include/mycobot_pro450_interfaces/mycobot_pro450_interfaces/srv/get_gripper_value.hpp
[31.652s] -- Up-to-date: /home/meta/Documents/robotics_workspace_new/install/mycobot_pro450_interfaces/include/mycobot_pro450_interfaces/mycobot_pro450_interfaces/srv/gripper_status.hpp
[31.652s] -- Up-to-date: /home/meta/Documents/robotics_workspace_new/install/mycobot_pro450_interfaces/include/mycobot_pro450_interfaces/mycobot_pro450_interfaces/msg
[31.653s] -- Up-to-date: /home/meta/Documents/robotics_workspace_new/install/mycobot_pro450_interfaces/include/mycobot_pro450_interfaces/mycobot_pro450_interfaces/msg/rosidl_generator_cpp__visibility_control.hpp
[31.657s] -- Up-to-date: /home/meta/Documents/robotics_workspace_new/install/mycobot_pro450_interfaces/include/mycobot_pro450_interfaces/mycobot_pro450_interfaces/msg/mycobot_angles.hpp
[31.657s] -- Up-to-date: /home/meta/Documents/robotics_workspace_new/install/mycobot_pro450_interfaces/include/mycobot_pro450_interfaces/mycobot_pro450_interfaces/msg/mycobot_coords.hpp
[31.657s] -- Up-to-date: /home/meta/Documents/robotics_workspace_new/install/mycobot_pro450_interfaces/include/mycobot_pro450_interfaces/mycobot_pro450_interfaces/msg/detail
[31.658s] -- Up-to-date: /home/meta/Documents/robotics_workspace_new/install/mycobot_pro450_interfaces/include/mycobot_pro450_interfaces/mycobot_pro450_interfaces/msg/detail/mycobot_set_coords__struct.hpp
[31.658s] -- Up-to-date: /home/meta/Documents/robotics_workspace_new/install/mycobot_pro450_interfaces/include/mycobot_pro450_interfaces/mycobot_pro450_interfaces/msg/detail/mycobot_angles__traits.hpp
[31.658s] -- Up-to-date: /home/meta/Documents/robotics_workspace_new/install/mycobot_pro450_interfaces/include/mycobot_pro450_interfaces/mycobot_pro450_interfaces/msg/detail/mycobot_gripper_status__traits.hpp
[31.659s] -- Up-to-date: /home/meta/Documents/robotics_workspace_new/install/mycobot_pro450_interfaces/include/mycobot_pro450_interfaces/mycobot_pro450_interfaces/msg/detail/mycobot_coords__struct.hpp
[31.659s] -- Up-to-date: /home/meta/Documents/robotics_workspace_new/install/mycobot_pro450_interfaces/include/mycobot_pro450_interfaces/mycobot_pro450_interfaces/msg/detail/mycobot_set_angles__struct.hpp
[31.662s] -- Up-to-date: /home/meta/Documents/robotics_workspace_new/install/mycobot_pro450_interfaces/include/mycobot_pro450_interfaces/mycobot_pro450_interfaces/msg/detail/mycobot_coords__type_support.hpp
[31.663s] -- Up-to-date: /home/meta/Documents/robotics_workspace_new/install/mycobot_pro450_interfaces/include/mycobot_pro450_interfaces/mycobot_pro450_interfaces/msg/detail/mycobot_gripper_status__struct.hpp
[31.663s] -- Up-to-date: /home/meta/Documents/robotics_workspace_new/install/mycobot_pro450_interfaces/include/mycobot_pro450_interfaces/mycobot_pro450_interfaces/msg/detail/mycobot_set_coords__traits.hpp
[31.663s] -- Up-to-date: /home/meta/Documents/robotics_workspace_new/install/mycobot_pro450_interfaces/include/mycobot_pro450_interfaces/mycobot_pro450_interfaces/msg/detail/mycobot_set_coords__type_support.hpp
[31.664s] -- Up-to-date: /home/meta/Documents/robotics_workspace_new/install/mycobot_pro450_interfaces/include/mycobot_pro450_interfaces/mycobot_pro450_interfaces/msg/detail/mycobot_set_angles__type_support.hpp
[31.664s] -- Up-to-date: /home/meta/Documents/robotics_workspace_new/install/mycobot_pro450_interfaces/include/mycobot_pro450_interfaces/mycobot_pro450_interfaces/msg/detail/mycobot_angles__struct.hpp
[31.667s] -- Up-to-date: /home/meta/Documents/robotics_workspace_new/install/mycobot_pro450_interfaces/include/mycobot_pro450_interfaces/mycobot_pro450_interfaces/msg/detail/mycobot_set_angles__traits.hpp
[31.668s] -- Up-to-date: /home/meta/Documents/robotics_workspace_new/install/mycobot_pro450_interfaces/include/mycobot_pro450_interfaces/mycobot_pro450_interfaces/msg/detail/mycobot_set_coords__builder.hpp
[31.668s] -- Up-to-date: /home/meta/Documents/robotics_workspace_new/install/mycobot_pro450_interfaces/include/mycobot_pro450_interfaces/mycobot_pro450_interfaces/msg/detail/mycobot_angles__builder.hpp
[31.669s] -- Up-to-date: /home/meta/Documents/robotics_workspace_new/install/mycobot_pro450_interfaces/include/mycobot_pro450_interfaces/mycobot_pro450_interfaces/msg/detail/mycobot_coords__builder.hpp
[31.669s] -- Up-to-date: /home/meta/Documents/robotics_workspace_new/install/mycobot_pro450_interfaces/include/mycobot_pro450_interfaces/mycobot_pro450_interfaces/msg/detail/mycobot_gripper_status__builder.hpp
[31.672s] -- Up-to-date: /home/meta/Documents/robotics_workspace_new/install/mycobot_pro450_interfaces/include/mycobot_pro450_interfaces/mycobot_pro450_interfaces/msg/detail/mycobot_coords__traits.hpp
[31.673s] -- Up-to-date: /home/meta/Documents/robotics_workspace_new/install/mycobot_pro450_interfaces/include/mycobot_pro450_interfaces/mycobot_pro450_interfaces/msg/detail/mycobot_angles__type_support.hpp
[31.673s] -- Up-to-date: /home/meta/Documents/robotics_workspace_new/install/mycobot_pro450_interfaces/include/mycobot_pro450_interfaces/mycobot_pro450_interfaces/msg/detail/mycobot_gripper_status__type_support.hpp
[31.673s] -- Up-to-date: /home/meta/Documents/robotics_workspace_new/install/mycobot_pro450_interfaces/include/mycobot_pro450_interfaces/mycobot_pro450_interfaces/msg/detail/mycobot_set_angles__builder.hpp
[31.673s] -- Up-to-date: /home/meta/Documents/robotics_workspace_new/install/mycobot_pro450_interfaces/include/mycobot_pro450_interfaces/mycobot_pro450_interfaces/msg/mycobot_set_angles.hpp
[31.674s] -- Up-to-date: /home/meta/Documents/robotics_workspace_new/install/mycobot_pro450_interfaces/include/mycobot_pro450_interfaces/mycobot_pro450_interfaces/msg/mycobot_gripper_status.hpp
[31.674s] -- Up-to-date: /home/meta/Documents/robotics_workspace_new/install/mycobot_pro450_interfaces/include/mycobot_pro450_interfaces/mycobot_pro450_interfaces/msg/mycobot_set_coords.hpp
[31.676s] -- Up-to-date: /home/meta/Documents/robotics_workspace_new/install/mycobot_pro450_interfaces/include/mycobot_pro450_interfaces/mycobot_pro450_interfaces
[31.676s] -- Up-to-date: /home/meta/Documents/robotics_workspace_new/install/mycobot_pro450_interfaces/include/mycobot_pro450_interfaces/mycobot_pro450_interfaces/srv
[31.677s] -- Up-to-date: /home/meta/Documents/robotics_workspace_new/install/mycobot_pro450_interfaces/include/mycobot_pro450_interfaces/mycobot_pro450_interfaces/srv/detail
[31.683s] -- Up-to-date: /home/meta/Documents/robotics_workspace_new/install/mycobot_pro450_interfaces/include/mycobot_pro450_interfaces/mycobot_pro450_interfaces/srv/detail/get_angles__rosidl_typesupport_fastrtps_cpp.hpp
[31.683s] -- Up-to-date: /home/meta/Documents/robotics_workspace_new/install/mycobot_pro450_interfaces/include/mycobot_pro450_interfaces/mycobot_pro450_interfaces/srv/detail/get_coords__rosidl_typesupport_fastrtps_cpp.hpp
[31.684s] -- Up-to-date: /home/meta/Documents/robotics_workspace_new/install/mycobot_pro450_interfaces/include/mycobot_pro450_interfaces/mycobot_pro450_interfaces/srv/detail/get_gripper_value__rosidl_typesupport_fastrtps_cpp.hpp
[31.684s] -- Up-to-date: /home/meta/Documents/robotics_workspace_new/install/mycobot_pro450_interfaces/include/mycobot_pro450_interfaces/mycobot_pro450_interfaces/srv/detail/set_coords__rosidl_typesupport_fastrtps_cpp.hpp
[31.684s] -- Up-to-date: /home/meta/Documents/robotics_workspace_new/install/mycobot_pro450_interfaces/include/mycobot_pro450_interfaces/mycobot_pro450_interfaces/srv/detail/set_angles__rosidl_typesupport_fastrtps_cpp.hpp
[31.685s] -- Up-to-date: /home/meta/Documents/robotics_workspace_new/install/mycobot_pro450_interfaces/include/mycobot_pro450_interfaces/mycobot_pro450_interfaces/srv/detail/gripper_status__rosidl_typesupport_fastrtps_cpp.hpp
[31.689s] -- Up-to-date: /home/meta/Documents/robotics_workspace_new/install/mycobot_pro450_interfaces/include/mycobot_pro450_interfaces/mycobot_pro450_interfaces/srv/detail/dds_fastrtps
[31.689s] -- Up-to-date: /home/meta/Documents/robotics_workspace_new/install/mycobot_pro450_interfaces/include/mycobot_pro450_interfaces/mycobot_pro450_interfaces/msg
[31.690s] -- Up-to-date: /home/meta/Documents/robotics_workspace_new/install/mycobot_pro450_interfaces/include/mycobot_pro450_interfaces/mycobot_pro450_interfaces/msg/rosidl_typesupport_fastrtps_cpp__visibility_control.h
[31.690s] -- Up-to-date: /home/meta/Documents/robotics_workspace_new/install/mycobot_pro450_interfaces/include/mycobot_pro450_interfaces/mycobot_pro450_interfaces/msg/detail
[31.690s] -- Up-to-date: /home/meta/Documents/robotics_workspace_new/install/mycobot_pro450_interfaces/include/mycobot_pro450_interfaces/mycobot_pro450_interfaces/msg/detail/mycobot_angles__rosidl_typesupport_fastrtps_cpp.hpp
[31.691s] -- Up-to-date: /home/meta/Documents/robotics_workspace_new/install/mycobot_pro450_interfaces/include/mycobot_pro450_interfaces/mycobot_pro450_interfaces/msg/detail/mycobot_set_angles__rosidl_typesupport_fastrtps_cpp.hpp
[31.691s] -- Up-to-date: /home/meta/Documents/robotics_workspace_new/install/mycobot_pro450_interfaces/include/mycobot_pro450_interfaces/mycobot_pro450_interfaces/msg/detail/mycobot_set_coords__rosidl_typesupport_fastrtps_cpp.hpp
[31.694s] -- Up-to-date: /home/meta/Documents/robotics_workspace_new/install/mycobot_pro450_interfaces/include/mycobot_pro450_interfaces/mycobot_pro450_interfaces/msg/detail/mycobot_gripper_status__rosidl_typesupport_fastrtps_cpp.hpp
[31.694s] -- Up-to-date: /home/meta/Documents/robotics_workspace_new/install/mycobot_pro450_interfaces/include/mycobot_pro450_interfaces/mycobot_pro450_interfaces/msg/detail/dds_fastrtps
[31.695s] -- Up-to-date: /home/meta/Documents/robotics_workspace_new/install/mycobot_pro450_interfaces/include/mycobot_pro450_interfaces/mycobot_pro450_interfaces/msg/detail/mycobot_coords__rosidl_typesupport_fastrtps_cpp.hpp
[31.695s] -- Up-to-date: /home/meta/Documents/robotics_workspace_new/install/mycobot_pro450_interfaces/lib/libmycobot_pro450_interfaces__rosidl_typesupport_fastrtps_cpp.so
[31.695s] -- Up-to-date: /home/meta/Documents/robotics_workspace_new/install/mycobot_pro450_interfaces/include/mycobot_pro450_interfaces/mycobot_pro450_interfaces
[31.696s] -- Up-to-date: /home/meta/Documents/robotics_workspace_new/install/mycobot_pro450_interfaces/include/mycobot_pro450_interfaces/mycobot_pro450_interfaces/srv
[31.696s] -- Up-to-date: /home/meta/Documents/robotics_workspace_new/install/mycobot_pro450_interfaces/include/mycobot_pro450_interfaces/mycobot_pro450_interfaces/srv/detail
[31.697s] -- Up-to-date: /home/meta/Documents/robotics_workspace_new/install/mycobot_pro450_interfaces/include/mycobot_pro450_interfaces/mycobot_pro450_interfaces/srv/detail/get_angles__type_support.cpp
[31.697s] -- Up-to-date: /home/meta/Documents/robotics_workspace_new/install/mycobot_pro450_interfaces/include/mycobot_pro450_interfaces/mycobot_pro450_interfaces/srv/detail/set_coords__type_support.cpp
[31.697s] -- Up-to-date: /home/meta/Documents/robotics_workspace_new/install/mycobot_pro450_interfaces/include/mycobot_pro450_interfaces/mycobot_pro450_interfaces/srv/detail/gripper_status__type_support.cpp
[31.698s] -- Up-to-date: /home/meta/Documents/robotics_workspace_new/install/mycobot_pro450_interfaces/include/mycobot_pro450_interfaces/mycobot_pro450_interfaces/srv/detail/get_angles__rosidl_typesupport_introspection_cpp.hpp
[31.698s] -- Up-to-date: /home/meta/Documents/robotics_workspace_new/install/mycobot_pro450_interfaces/include/mycobot_pro450_interfaces/mycobot_pro450_interfaces/srv/detail/set_angles__rosidl_typesupport_introspection_cpp.hpp
[31.698s] -- Up-to-date: /home/meta/Documents/robotics_workspace_new/install/mycobot_pro450_interfaces/include/mycobot_pro450_interfaces/mycobot_pro450_interfaces/srv/detail/get_coords__type_support.cpp
[31.699s] -- Up-to-date: /home/meta/Documents/robotics_workspace_new/install/mycobot_pro450_interfaces/include/mycobot_pro450_interfaces/mycobot_pro450_interfaces/srv/detail/get_coords__rosidl_typesupport_introspection_cpp.hpp
[31.699s] -- Up-to-date: /home/meta/Documents/robotics_workspace_new/install/mycobot_pro450_interfaces/include/mycobot_pro450_interfaces/mycobot_pro450_interfaces/srv/detail/set_coords__rosidl_typesupport_introspection_cpp.hpp
[31.700s] -- Up-to-date: /home/meta/Documents/robotics_workspace_new/install/mycobot_pro450_interfaces/include/mycobot_pro450_interfaces/mycobot_pro450_interfaces/srv/detail/gripper_status__rosidl_typesupport_introspection_cpp.hpp
[31.701s] -- Up-to-date: /home/meta/Documents/robotics_workspace_new/install/mycobot_pro450_interfaces/include/mycobot_pro450_interfaces/mycobot_pro450_interfaces/srv/detail/set_angles__type_support.cpp
[31.701s] -- Up-to-date: /home/meta/Documents/robotics_workspace_new/install/mycobot_pro450_interfaces/include/mycobot_pro450_interfaces/mycobot_pro450_interfaces/srv/detail/get_gripper_value__rosidl_typesupport_introspection_cpp.hpp
[31.701s] -- Up-to-date: /home/meta/Documents/robotics_workspace_new/install/mycobot_pro450_interfaces/include/mycobot_pro450_interfaces/mycobot_pro450_interfaces/srv/detail/get_gripper_value__type_support.cpp
[31.702s] -- Up-to-date: /home/meta/Documents/robotics_workspace_new/install/mycobot_pro450_interfaces/include/mycobot_pro450_interfaces/mycobot_pro450_interfaces/msg
[31.702s] -- Up-to-date: /home/meta/Documents/robotics_workspace_new/install/mycobot_pro450_interfaces/include/mycobot_pro450_interfaces/mycobot_pro450_interfaces/msg/detail
[31.702s] -- Up-to-date: /home/meta/Documents/robotics_workspace_new/install/mycobot_pro450_interfaces/include/mycobot_pro450_interfaces/mycobot_pro450_interfaces/msg/detail/mycobot_gripper_status__type_support.cpp
[31.703s] -- Up-to-date: /home/meta/Documents/robotics_workspace_new/install/mycobot_pro450_interfaces/include/mycobot_pro450_interfaces/mycobot_pro450_interfaces/msg/detail/mycobot_gripper_status__rosidl_typesupport_introspection_cpp.hpp
[31.703s] -- Up-to-date: /home/meta/Documents/robotics_workspace_new/install/mycobot_pro450_interfaces/include/mycobot_pro450_interfaces/mycobot_pro450_interfaces/msg/detail/mycobot_angles__type_support.cpp
[31.704s] -- Up-to-date: /home/meta/Documents/robotics_workspace_new/install/mycobot_pro450_interfaces/include/mycobot_pro450_interfaces/mycobot_pro450_interfaces/msg/detail/mycobot_set_coords__rosidl_typesupport_introspection_cpp.hpp
[31.704s] -- Up-to-date: /home/meta/Documents/robotics_workspace_new/install/mycobot_pro450_interfaces/include/mycobot_pro450_interfaces/mycobot_pro450_interfaces/msg/detail/mycobot_angles__rosidl_typesupport_introspection_cpp.hpp
[31.704s] -- Up-to-date: /home/meta/Documents/robotics_workspace_new/install/mycobot_pro450_interfaces/include/mycobot_pro450_interfaces/mycobot_pro450_interfaces/msg/detail/mycobot_set_angles__type_support.cpp
[31.705s] -- Up-to-date: /home/meta/Documents/robotics_workspace_new/install/mycobot_pro450_interfaces/include/mycobot_pro450_interfaces/mycobot_pro450_interfaces/msg/detail/mycobot_coords__type_support.cpp
[31.705s] -- Up-to-date: /home/meta/Documents/robotics_workspace_new/install/mycobot_pro450_interfaces/include/mycobot_pro450_interfaces/mycobot_pro450_interfaces/msg/detail/mycobot_set_angles__rosidl_typesupport_introspection_cpp.hpp
[31.705s] -- Up-to-date: /home/meta/Documents/robotics_workspace_new/install/mycobot_pro450_interfaces/include/mycobot_pro450_interfaces/mycobot_pro450_interfaces/msg/detail/mycobot_set_coords__type_support.cpp
[31.705s] -- Up-to-date: /home/meta/Documents/robotics_workspace_new/install/mycobot_pro450_interfaces/include/mycobot_pro450_interfaces/mycobot_pro450_interfaces/msg/detail/mycobot_coords__rosidl_typesupport_introspection_cpp.hpp
[31.706s] -- Up-to-date: /home/meta/Documents/robotics_workspace_new/install/mycobot_pro450_interfaces/lib/libmycobot_pro450_interfaces__rosidl_typesupport_introspection_cpp.so
[31.706s] -- Up-to-date: /home/meta/Documents/robotics_workspace_new/install/mycobot_pro450_interfaces/lib/libmycobot_pro450_interfaces__rosidl_typesupport_cpp.so
[31.706s] -- Up-to-date: /home/meta/Documents/robotics_workspace_new/install/mycobot_pro450_interfaces/share/mycobot_pro450_interfaces/environment/pythonpath.sh
[31.706s] -- Up-to-date: /home/meta/Documents/robotics_workspace_new/install/mycobot_pro450_interfaces/share/mycobot_pro450_interfaces/environment/pythonpath.dsv
[31.707s] -- Up-to-date: /home/meta/Documents/robotics_workspace_new/install/mycobot_pro450_interfaces/lib/python3.12/site-packages/mycobot_pro450_interfaces-1.0.0-py3.12.egg-info
[31.708s] -- Installing: /home/meta/Documents/robotics_workspace_new/install/mycobot_pro450_interfaces/lib/python3.12/site-packages/mycobot_pro450_interfaces-1.0.0-py3.12.egg-info/dependency_links.txt
[31.709s] -- Installing: /home/meta/Documents/robotics_workspace_new/install/mycobot_pro450_interfaces/lib/python3.12/site-packages/mycobot_pro450_interfaces-1.0.0-py3.12.egg-info/SOURCES.txt
[31.709s] -- Installing: /home/meta/Documents/robotics_workspace_new/install/mycobot_pro450_interfaces/lib/python3.12/site-packages/mycobot_pro450_interfaces-1.0.0-py3.12.egg-info/PKG-INFO
[31.709s] -- Installing: /home/meta/Documents/robotics_workspace_new/install/mycobot_pro450_interfaces/lib/python3.12/site-packages/mycobot_pro450_interfaces-1.0.0-py3.12.egg-info/top_level.txt
[31.710s] -- Up-to-date: /home/meta/Documents/robotics_workspace_new/install/mycobot_pro450_interfaces/lib/python3.12/site-packages/mycobot_pro450_interfaces
[31.710s] -- Up-to-date: /home/meta/Documents/robotics_workspace_new/install/mycobot_pro450_interfaces/lib/python3.12/site-packages/mycobot_pro450_interfaces/_mycobot_pro450_interfaces_s.ep.rosidl_typesupport_fastrtps_c.c
[31.710s] -- Up-to-date: /home/meta/Documents/robotics_workspace_new/install/mycobot_pro450_interfaces/lib/python3.12/site-packages/mycobot_pro450_interfaces/srv
[31.710s] -- Up-to-date: /home/meta/Documents/robotics_workspace_new/install/mycobot_pro450_interfaces/lib/python3.12/site-packages/mycobot_pro450_interfaces/srv/_set_angles.py
[31.712s] -- Up-to-date: /home/meta/Documents/robotics_workspace_new/install/mycobot_pro450_interfaces/lib/python3.12/site-packages/mycobot_pro450_interfaces/srv/_get_coords.py
[31.713s] -- Up-to-date: /home/meta/Documents/robotics_workspace_new/install/mycobot_pro450_interfaces/lib/python3.12/site-packages/mycobot_pro450_interfaces/srv/_gripper_status_s.c
[31.713s] -- Up-to-date: /home/meta/Documents/robotics_workspace_new/install/mycobot_pro450_interfaces/lib/python3.12/site-packages/mycobot_pro450_interfaces/srv/_get_angles_s.c
[31.714s] -- Up-to-date: /home/meta/Documents/robotics_workspace_new/install/mycobot_pro450_interfaces/lib/python3.12/site-packages/mycobot_pro450_interfaces/srv/_set_coords.py
[31.714s] -- Up-to-date: /home/meta/Documents/robotics_workspace_new/install/mycobot_pro450_interfaces/lib/python3.12/site-packages/mycobot_pro450_interfaces/srv/_set_angles_s.c
[31.714s] -- Up-to-date: /home/meta/Documents/robotics_workspace_new/install/mycobot_pro450_interfaces/lib/python3.12/site-packages/mycobot_pro450_interfaces/srv/_get_gripper_value.py
[31.717s] -- Up-to-date: /home/meta/Documents/robotics_workspace_new/install/mycobot_pro450_interfaces/lib/python3.12/site-packages/mycobot_pro450_interfaces/srv/__init__.py
[31.718s] -- Up-to-date: /home/meta/Documents/robotics_workspace_new/install/mycobot_pro450_interfaces/lib/python3.12/site-packages/mycobot_pro450_interfaces/srv/_get_gripper_value_s.c
[31.719s] -- Up-to-date: /home/meta/Documents/robotics_workspace_new/install/mycobot_pro450_interfaces/lib/python3.12/site-packages/mycobot_pro450_interfaces/srv/_get_angles.py
[31.725s] -- Up-to-date: /home/meta/Documents/robotics_workspace_new/install/mycobot_pro450_interfaces/lib/python3.12/site-packages/mycobot_pro450_interfaces/srv/_set_coords_s.c
[31.726s] -- Up-to-date: /home/meta/Documents/robotics_workspace_new/install/mycobot_pro450_interfaces/lib/python3.12/site-packages/mycobot_pro450_interfaces/srv/_get_coords_s.c
[31.726s] -- Up-to-date: /home/meta/Documents/robotics_workspace_new/install/mycobot_pro450_interfaces/lib/python3.12/site-packages/mycobot_pro450_interfaces/srv/_gripper_status.py
[31.726s] -- Up-to-date: /home/meta/Documents/robotics_workspace_new/install/mycobot_pro450_interfaces/lib/python3.12/site-packages/mycobot_pro450_interfaces/mycobot_pro450_interfaces_s__rosidl_typesupport_c.so
[31.727s] -- Up-to-date: /home/meta/Documents/robotics_workspace_new/install/mycobot_pro450_interfaces/lib/python3.12/site-packages/mycobot_pro450_interfaces/msg
[31.727s] -- Up-to-date: /home/meta/Documents/robotics_workspace_new/install/mycobot_pro450_interfaces/lib/python3.12/site-packages/mycobot_pro450_interfaces/msg/_mycobot_coords.py
[31.727s] -- Up-to-date: /home/meta/Documents/robotics_workspace_new/install/mycobot_pro450_interfaces/lib/python3.12/site-packages/mycobot_pro450_interfaces/msg/_mycobot_set_angles_s.c
[31.728s] -- Up-to-date: /home/meta/Documents/robotics_workspace_new/install/mycobot_pro450_interfaces/lib/python3.12/site-packages/mycobot_pro450_interfaces/msg/_mycobot_angles_s.c
[31.729s] -- Up-to-date: /home/meta/Documents/robotics_workspace_new/install/mycobot_pro450_interfaces/lib/python3.12/site-packages/mycobot_pro450_interfaces/msg/_mycobot_set_coords_s.c
[31.729s] -- Up-to-date: /home/meta/Documents/robotics_workspace_new/install/mycobot_pro450_interfaces/lib/python3.12/site-packages/mycobot_pro450_interfaces/msg/_mycobot_gripper_status.py
[31.730s] -- Up-to-date: /home/meta/Documents/robotics_workspace_new/install/mycobot_pro450_interfaces/lib/python3.12/site-packages/mycobot_pro450_interfaces/msg/_mycobot_gripper_status_s.c
[31.730s] -- Up-to-date: /home/meta/Documents/robotics_workspace_new/install/mycobot_pro450_interfaces/lib/python3.12/site-packages/mycobot_pro450_interfaces/msg/_mycobot_coords_s.c
[31.730s] -- Up-to-date: /home/meta/Documents/robotics_workspace_new/install/mycobot_pro450_interfaces/lib/python3.12/site-packages/mycobot_pro450_interfaces/msg/_mycobot_set_angles.py
[31.731s] -- Up-to-date: /home/meta/Documents/robotics_workspace_new/install/mycobot_pro450_interfaces/lib/python3.12/site-packages/mycobot_pro450_interfaces/msg/_mycobot_set_coords.py
[31.731s] -- Up-to-date: /home/meta/Documents/robotics_workspace_new/install/mycobot_pro450_interfaces/lib/python3.12/site-packages/mycobot_pro450_interfaces/msg/__init__.py
[31.731s] -- Up-to-date: /home/meta/Documents/robotics_workspace_new/install/mycobot_pro450_interfaces/lib/python3.12/site-packages/mycobot_pro450_interfaces/msg/_mycobot_angles.py
[31.732s] -- Up-to-date: /home/meta/Documents/robotics_workspace_new/install/mycobot_pro450_interfaces/lib/python3.12/site-packages/mycobot_pro450_interfaces/_mycobot_pro450_interfaces_s.ep.rosidl_typesupport_introspection_c.c
[31.732s] -- Up-to-date: /home/meta/Documents/robotics_workspace_new/install/mycobot_pro450_interfaces/lib/python3.12/site-packages/mycobot_pro450_interfaces/mycobot_pro450_interfaces_s__rosidl_typesupport_introspection_c.so
[31.737s] -- Installing: /home/meta/Documents/robotics_workspace_new/install/mycobot_pro450_interfaces/lib/python3.12/site-packages/mycobot_pro450_interfaces/__init__.py
[31.738s] -- Up-to-date: /home/meta/Documents/robotics_workspace_new/install/mycobot_pro450_interfaces/lib/python3.12/site-packages/mycobot_pro450_interfaces/mycobot_pro450_interfaces_s__rosidl_typesupport_fastrtps_c.so
[31.738s] -- Up-to-date: /home/meta/Documents/robotics_workspace_new/install/mycobot_pro450_interfaces/lib/python3.12/site-packages/mycobot_pro450_interfaces/_mycobot_pro450_interfaces_s.ep.rosidl_typesupport_c.c
[31.935s] Listing '/home/meta/Documents/robotics_workspace_new/install/mycobot_pro450_interfaces/lib/python3.12/site-packages/mycobot_pro450_interfaces'...
[31.935s] Compiling '/home/meta/Documents/robotics_workspace_new/install/mycobot_pro450_interfaces/lib/python3.12/site-packages/mycobot_pro450_interfaces/__init__.py'...
[31.936s] Listing '/home/meta/Documents/robotics_workspace_new/install/mycobot_pro450_interfaces/lib/python3.12/site-packages/mycobot_pro450_interfaces/msg'...
[31.936s] Listing '/home/meta/Documents/robotics_workspace_new/install/mycobot_pro450_interfaces/lib/python3.12/site-packages/mycobot_pro450_interfaces/srv'...
[31.990s] -- Up-to-date: /home/meta/Documents/robotics_workspace_new/install/mycobot_pro450_interfaces/lib/python3.12/site-packages/mycobot_pro450_interfaces/mycobot_pro450_interfaces_s__rosidl_typesupport_fastrtps_c.so
[31.991s] -- Up-to-date: /home/meta/Documents/robotics_workspace_new/install/mycobot_pro450_interfaces/lib/python3.12/site-packages/mycobot_pro450_interfaces/mycobot_pro450_interfaces_s__rosidl_typesupport_introspection_c.so
[32.003s] -- Up-to-date: /home/meta/Documents/robotics_workspace_new/install/mycobot_pro450_interfaces/lib/python3.12/site-packages/mycobot_pro450_interfaces/mycobot_pro450_interfaces_s__rosidl_typesupport_c.so
[32.003s] -- Up-to-date: /home/meta/Documents/robotics_workspace_new/install/mycobot_pro450_interfaces/lib/libmycobot_pro450_interfaces__rosidl_generator_py.so
[32.014s] -- Up-to-date: /home/meta/Documents/robotics_workspace_new/install/mycobot_pro450_interfaces/share/mycobot_pro450_interfaces/msg/MycobotAngles.idl
[32.020s] -- Up-to-date: /home/meta/Documents/robotics_workspace_new/install/mycobot_pro450_interfaces/share/mycobot_pro450_interfaces/msg/MycobotCoords.idl
[32.020s] -- Up-to-date: /home/meta/Documents/robotics_workspace_new/install/mycobot_pro450_interfaces/share/mycobot_pro450_interfaces/msg/MycobotSetAngles.idl
[32.021s] -- Up-to-date: /home/meta/Documents/robotics_workspace_new/install/mycobot_pro450_interfaces/share/mycobot_pro450_interfaces/msg/MycobotSetCoords.idl
[32.021s] -- Up-to-date: /home/meta/Documents/robotics_workspace_new/install/mycobot_pro450_interfaces/share/mycobot_pro450_interfaces/msg/MycobotGripperStatus.idl
[32.030s] -- Up-to-date: /home/meta/Documents/robotics_workspace_new/install/mycobot_pro450_interfaces/share/mycobot_pro450_interfaces/srv/GetAngles.idl
[32.031s] -- Up-to-date: /home/meta/Documents/robotics_workspace_new/install/mycobot_pro450_interfaces/share/mycobot_pro450_interfaces/srv/SetAngles.idl
[32.034s] -- Up-to-date: /home/meta/Documents/robotics_workspace_new/install/mycobot_pro450_interfaces/share/mycobot_pro450_interfaces/srv/GetCoords.idl
[32.035s] -- Up-to-date: /home/meta/Documents/robotics_workspace_new/install/mycobot_pro450_interfaces/share/mycobot_pro450_interfaces/srv/SetCoords.idl
[32.035s] -- Up-to-date: /home/meta/Documents/robotics_workspace_new/install/mycobot_pro450_interfaces/share/mycobot_pro450_interfaces/srv/GripperStatus.idl
[32.035s] -- Up-to-date: /home/meta/Documents/robotics_workspace_new/install/mycobot_pro450_interfaces/share/mycobot_pro450_interfaces/srv/GetGripperValue.idl
[32.036s] -- Up-to-date: /home/meta/Documents/robotics_workspace_new/install/mycobot_pro450_interfaces/share/mycobot_pro450_interfaces/msg/MycobotAngles.msg
[32.036s] -- Up-to-date: /home/meta/Documents/robotics_workspace_new/install/mycobot_pro450_interfaces/share/mycobot_pro450_interfaces/msg/MycobotCoords.msg
[32.039s] -- Up-to-date: /home/meta/Documents/robotics_workspace_new/install/mycobot_pro450_interfaces/share/mycobot_pro450_interfaces/msg/MycobotSetAngles.msg
[32.040s] -- Up-to-date: /home/meta/Documents/robotics_workspace_new/install/mycobot_pro450_interfaces/share/mycobot_pro450_interfaces/msg/MycobotSetCoords.msg
[32.040s] -- Up-to-date: /home/meta/Documents/robotics_workspace_new/install/mycobot_pro450_interfaces/share/mycobot_pro450_interfaces/msg/MycobotGripperStatus.msg
[32.040s] -- Up-to-date: /home/meta/Documents/robotics_workspace_new/install/mycobot_pro450_interfaces/share/mycobot_pro450_interfaces/srv/GetAngles.srv
[32.043s] -- Up-to-date: /home/meta/Documents/robotics_workspace_new/install/mycobot_pro450_interfaces/share/mycobot_pro450_interfaces/srv/SetAngles.srv
[32.043s] -- Up-to-date: /home/meta/Documents/robotics_workspace_new/install/mycobot_pro450_interfaces/share/mycobot_pro450_interfaces/srv/GetCoords.srv
[32.045s] -- Up-to-date: /home/meta/Documents/robotics_workspace_new/install/mycobot_pro450_interfaces/share/mycobot_pro450_interfaces/srv/SetCoords.srv
[32.046s] -- Up-to-date: /home/meta/Documents/robotics_workspace_new/install/mycobot_pro450_interfaces/share/mycobot_pro450_interfaces/srv/GripperStatus.srv
[32.046s] -- Up-to-date: /home/meta/Documents/robotics_workspace_new/install/mycobot_pro450_interfaces/share/mycobot_pro450_interfaces/srv/GetGripperValue.srv
[32.046s] -- Up-to-date: /home/meta/Documents/robotics_workspace_new/install/mycobot_pro450_interfaces/share/ament_index/resource_index/package_run_dependencies/mycobot_pro450_interfaces
[32.047s] -- Installing: /home/meta/Documents/robotics_workspace_new/install/mycobot_pro450_interfaces/share/ament_index/resource_index/parent_prefix_path/mycobot_pro450_interfaces
[32.049s] -- Up-to-date: /home/meta/Documents/robotics_workspace_new/install/mycobot_pro450_interfaces/share/mycobot_pro450_interfaces/environment/ament_prefix_path.sh
[32.050s] -- Up-to-date: /home/meta/Documents/robotics_workspace_new/install/mycobot_pro450_interfaces/share/mycobot_pro450_interfaces/environment/ament_prefix_path.dsv
[32.051s] -- Up-to-date: /home/meta/Documents/robotics_workspace_new/install/mycobot_pro450_interfaces/share/mycobot_pro450_interfaces/environment/path.sh
[32.051s] -- Up-to-date: /home/meta/Documents/robotics_workspace_new/install/mycobot_pro450_interfaces/share/mycobot_pro450_interfaces/environment/path.dsv
[32.052s] -- Up-to-date: /home/meta/Documents/robotics_workspace_new/install/mycobot_pro450_interfaces/share/mycobot_pro450_interfaces/local_setup.bash
[32.052s] -- Up-to-date: /home/meta/Documents/robotics_workspace_new/install/mycobot_pro450_interfaces/share/mycobot_pro450_interfaces/local_setup.sh
[32.052s] -- Up-to-date: /home/meta/Documents/robotics_workspace_new/install/mycobot_pro450_interfaces/share/mycobot_pro450_interfaces/local_setup.zsh
[32.056s] -- Up-to-date: /home/meta/Documents/robotics_workspace_new/install/mycobot_pro450_interfaces/share/mycobot_pro450_interfaces/local_setup.dsv
[32.056s] -- Installing: /home/meta/Documents/robotics_workspace_new/install/mycobot_pro450_interfaces/share/mycobot_pro450_interfaces/package.dsv
[32.057s] -- Up-to-date: /home/meta/Documents/robotics_workspace_new/install/mycobot_pro450_interfaces/share/ament_index/resource_index/packages/mycobot_pro450_interfaces
[32.057s] -- Up-to-date: /home/meta/Documents/robotics_workspace_new/install/mycobot_pro450_interfaces/share/mycobot_pro450_interfaces/cmake/export_mycobot_pro450_interfaces__rosidl_generator_cExport.cmake
[32.058s] -- Up-to-date: /home/meta/Documents/robotics_workspace_new/install/mycobot_pro450_interfaces/share/mycobot_pro450_interfaces/cmake/export_mycobot_pro450_interfaces__rosidl_generator_cExport-noconfig.cmake
[32.058s] -- Up-to-date: /home/meta/Documents/robotics_workspace_new/install/mycobot_pro450_interfaces/share/mycobot_pro450_interfaces/cmake/export_mycobot_pro450_interfaces__rosidl_typesupport_fastrtps_cExport.cmake
[32.058s] -- Up-to-date: /home/meta/Documents/robotics_workspace_new/install/mycobot_pro450_interfaces/share/mycobot_pro450_interfaces/cmake/export_mycobot_pro450_interfaces__rosidl_typesupport_fastrtps_cExport-noconfig.cmake
[32.059s] -- Up-to-date: /home/meta/Documents/robotics_workspace_new/install/mycobot_pro450_interfaces/share/mycobot_pro450_interfaces/cmake/mycobot_pro450_interfaces__rosidl_typesupport_introspection_cExport.cmake
[32.060s] -- Up-to-date: /home/meta/Documents/robotics_workspace_new/install/mycobot_pro450_interfaces/share/mycobot_pro450_interfaces/cmake/mycobot_pro450_interfaces__rosidl_typesupport_introspection_cExport-noconfig.cmake
[32.061s] -- Up-to-date: /home/meta/Documents/robotics_workspace_new/install/mycobot_pro450_interfaces/share/mycobot_pro450_interfaces/cmake/mycobot_pro450_interfaces__rosidl_typesupport_cExport.cmake
[32.061s] -- Up-to-date: /home/meta/Documents/robotics_workspace_new/install/mycobot_pro450_interfaces/share/mycobot_pro450_interfaces/cmake/mycobot_pro450_interfaces__rosidl_typesupport_cExport-noconfig.cmake
[32.061s] -- Up-to-date: /home/meta/Documents/robotics_workspace_new/install/mycobot_pro450_interfaces/share/mycobot_pro450_interfaces/cmake/export_mycobot_pro450_interfaces__rosidl_generator_cppExport.cmake
[32.063s] -- Up-to-date: /home/meta/Documents/robotics_workspace_new/install/mycobot_pro450_interfaces/share/mycobot_pro450_interfaces/cmake/export_mycobot_pro450_interfaces__rosidl_typesupport_fastrtps_cppExport.cmake
[32.065s] -- Up-to-date: /home/meta/Documents/robotics_workspace_new/install/mycobot_pro450_interfaces/share/mycobot_pro450_interfaces/cmake/export_mycobot_pro450_interfaces__rosidl_typesupport_fastrtps_cppExport-noconfig.cmake
[32.065s] -- Up-to-date: /home/meta/Documents/robotics_workspace_new/install/mycobot_pro450_interfaces/share/mycobot_pro450_interfaces/cmake/mycobot_pro450_interfaces__rosidl_typesupport_introspection_cppExport.cmake
[32.068s] -- Up-to-date: /home/meta/Documents/robotics_workspace_new/install/mycobot_pro450_interfaces/share/mycobot_pro450_interfaces/cmake/mycobot_pro450_interfaces__rosidl_typesupport_introspection_cppExport-noconfig.cmake
[32.068s] -- Up-to-date: /home/meta/Documents/robotics_workspace_new/install/mycobot_pro450_interfaces/share/mycobot_pro450_interfaces/cmake/mycobot_pro450_interfaces__rosidl_typesupport_cppExport.cmake
[32.069s] -- Up-to-date: /home/meta/Documents/robotics_workspace_new/install/mycobot_pro450_interfaces/share/mycobot_pro450_interfaces/cmake/mycobot_pro450_interfaces__rosidl_typesupport_cppExport-noconfig.cmake
[32.069s] -- Up-to-date: /home/meta/Documents/robotics_workspace_new/install/mycobot_pro450_interfaces/share/mycobot_pro450_interfaces/cmake/export_mycobot_pro450_interfaces__rosidl_generator_pyExport.cmake
[32.074s] -- Up-to-date: /home/meta/Documents/robotics_workspace_new/install/mycobot_pro450_interfaces/share/mycobot_pro450_interfaces/cmake/export_mycobot_pro450_interfaces__rosidl_generator_pyExport-noconfig.cmake
[32.074s] -- Up-to-date: /home/meta/Documents/robotics_workspace_new/install/mycobot_pro450_interfaces/share/mycobot_pro450_interfaces/cmake/rosidl_cmake-extras.cmake
[32.075s] -- Up-to-date: /home/meta/Documents/robotics_workspace_new/install/mycobot_pro450_interfaces/share/mycobot_pro450_interfaces/cmake/ament_cmake_export_dependencies-extras.cmake
[32.075s] -- Up-to-date: /home/meta/Documents/robotics_workspace_new/install/mycobot_pro450_interfaces/share/mycobot_pro450_interfaces/cmake/ament_cmake_export_include_directories-extras.cmake
[32.075s] -- Up-to-date: /home/meta/Documents/robotics_workspace_new/install/mycobot_pro450_interfaces/share/mycobot_pro450_interfaces/cmake/ament_cmake_export_libraries-extras.cmake
[32.076s] -- Up-to-date: /home/meta/Documents/robotics_workspace_new/install/mycobot_pro450_interfaces/share/mycobot_pro450_interfaces/cmake/ament_cmake_export_targets-extras.cmake
[32.076s] -- Up-to-date: /home/meta/Documents/robotics_workspace_new/install/mycobot_pro450_interfaces/share/mycobot_pro450_interfaces/cmake/rosidl_cmake_export_typesupport_targets-extras.cmake
[32.076s] -- Up-to-date: /home/meta/Documents/robotics_workspace_new/install/mycobot_pro450_interfaces/share/mycobot_pro450_interfaces/cmake/rosidl_cmake_export_typesupport_libraries-extras.cmake
[32.077s] -- Up-to-date: /home/meta/Documents/robotics_workspace_new/install/mycobot_pro450_interfaces/share/mycobot_pro450_interfaces/cmake/mycobot_pro450_interfacesConfig.cmake
[32.077s] -- Up-to-date: /home/meta/Documents/robotics_workspace_new/install/mycobot_pro450_interfaces/share/mycobot_pro450_interfaces/cmake/mycobot_pro450_interfacesConfig-version.cmake
[32.077s] -- Up-to-date: /home/meta/Documents/robotics_workspace_new/install/mycobot_pro450_interfaces/share/mycobot_pro450_interfaces/package.xml
[33.364s] Invoked command in '/home/meta/Documents/robotics_workspace_new/build/mycobot_pro450_interfaces' returned '0': CMAKE_PREFIX_PATH=${CMAKE_PREFIX_PATH}:/home/meta/Documents/robotics_workspace_new/install/mycobot_280_pi_motus:/home/meta/Documents/robotics_workspace_new/install/ur5e_test_motus:/home/meta/Documents/robotics_workspace_new/install/ultraarm:/home/meta/Documents/robotics_workspace_new/install/mycobot_pi_motus:/home/meta/Documents/robotics_workspace_new/install/robokpy_controller:/home/meta/Documents/robotics_workspace_new/install/robokpy:/home/meta/Documents/robotics_workspace_new/install/pro450_moveit2_control:/home/meta/Documents/robotics_workspace_new/install/mypalletizer_communication:/home/meta/Documents/robotics_workspace_new/install/mypalletizer_260_pi:/home/meta/Documents/robotics_workspace_new/install/mypalletizer_260:/home/meta/Documents/robotics_workspace_new/install/mycobot_pro_450:/home/meta/Documents/robotics_workspace_new/install/myarm_m750:/home/meta/Documents/robotics_workspace_new/install/myarm_c650:/home/meta/Documents/robotics_workspace_new/install/mycobot_communication:/home/meta/Documents/robotics_workspace_new/install/mecharm_communication:/home/meta/Documents/robotics_workspace_new/install/mycobot_630:/home/meta/Documents/robotics_workspace_new/install/mycobot_600:/home/meta/Documents/robotics_workspace_new/install/mycobot_320pi:/home/meta/Documents/robotics_workspace_new/install/mycobot_320_riscv:/home/meta/Documents/robotics_workspace_new/install/mycobot_320:/home/meta/Documents/robotics_workspace_new/install/mycobot_280pi:/home/meta/Documents/robotics_workspace_new/install/mycobot_280jn:/home/meta/Documents/robotics_workspace_new/install/mycobot_280_x3pi:/home/meta/Documents/robotics_workspace_new/install/mycobot_280_riscv:/home/meta/Documents/robotics_workspace_new/install/mycobot_280_rdkx5:/home/meta/Documents/robotics_workspace_new/install/mycobot_280_moveit2_control:/home/meta/Documents/robotics_workspace_new/install/mycobot_280_arduino:/home/meta/Documents/robotics_workspace_new/install/mycobot_280:/home/meta/Documents/robotics_workspace_new/install/mybuddy:/home/meta/Documents/robotics_workspace_new/install/myarm_300:/home/meta/Documents/robotics_workspace_new/install/mecharm_pi:/home/meta/Documents/robotics_workspace_new/install/mecharm:/home/meta/Documents/robotics_workspace_new/install/mycobot_description:/home/meta/Documents/robotics_workspace_new/mycobot_pi/install/mycobot_pi_motus:/opt/ros/jazzy DEBUGINFOD_URLS=https://debuginfod.ubuntu.com /bin/cmake --install /home/meta/Documents/robotics_workspace_new/build/mycobot_pro450_interfaces
