[2.642s] Invoking command in '/home/meta/Documents/robotics_workspace_new/src/robokpy_controller': AMENT_PREFIX_PATH=/home/meta/Documents/robotics_workspace_new/install/robokpy_interfaces:${AMENT_PREFIX_PATH} CMAKE_PREFIX_PATH=/home/meta/Documents/robotics_workspace_new/install/robokpy_interfaces:${CMAKE_PREFIX_PATH} DEBUGINFOD_URLS=https://debuginfod.ubuntu.com LD_LIBRARY_PATH=/home/meta/Documents/robotics_workspace_new/install/robokpy_interfaces/lib:${LD_LIBRARY_PATH} PYTHONPATH=/home/meta/Documents/robotics_workspace_new/build/robokpy_controller/prefix_override:/usr/lib/python3/dist-packages/colcon_core/task/python/colcon_distutils_commands:/home/meta/Documents/robotics_workspace_new/install/robokpy_controller/lib/python3.12/site-packages:/home/meta/Documents/robotics_workspace_new/install/robokpy_interfaces/lib/python3.12/site-packages:${PYTHONPATH} /usr/bin/python3 -W ignore:setup.py install is deprecated setup.py egg_info --egg-base ../../build/robokpy_controller build --build-base /home/meta/Documents/robotics_workspace_new/build/robokpy_controller/build install --record /home/meta/Documents/robotics_workspace_new/build/robokpy_controller/install.log --single-version-externally-managed install_data
[3.553s] running egg_info
[3.675s] writing ../../build/robokpy_controller/robokpy_controller.egg-info/PKG-INFO
[3.675s] writing dependency_links to ../../build/robokpy_controller/robokpy_controller.egg-info/dependency_links.txt
[3.676s] writing entry points to ../../build/robokpy_controller/robokpy_controller.egg-info/entry_points.txt
[3.676s] writing requirements to ../../build/robokpy_controller/robokpy_controller.egg-info/requires.txt
[3.677s] writing top-level names to ../../build/robokpy_controller/robokpy_controller.egg-info/top_level.txt
[3.917s] reading manifest file '../../build/robokpy_controller/robokpy_controller.egg-info/SOURCES.txt'
[3.922s] writing manifest file '../../build/robokpy_controller/robokpy_controller.egg-info/SOURCES.txt'
[3.923s] running build
[3.923s] running build_py
[3.924s] copying robokpy_controller/mp_window.py -> /home/meta/Documents/robotics_workspace_new/build/robokpy_controller/build/lib/robokpy_controller
[3.926s] running install
[3.939s] running install_lib
[4.018s] copying /home/meta/Documents/robotics_workspace_new/build/robokpy_controller/build/lib/robokpy_controller/mp_window.py -> /home/meta/Documents/robotics_workspace_new/install/robokpy_controller/lib/python3.12/site-packages/robokpy_controller
[4.021s] byte-compiling /home/meta/Documents/robotics_workspace_new/install/robokpy_controller/lib/python3.12/site-packages/robokpy_controller/mp_window.py to mp_window.cpython-312.pyc
[4.027s] running install_data
[4.031s] running install_egg_info
[4.111s] removing '/home/meta/Documents/robotics_workspace_new/install/robokpy_controller/lib/python3.12/site-packages/robokpy_controller-0.0.0-py3.12.egg-info' (and everything under it)
[4.112s] Copying ../../build/robokpy_controller/robokpy_controller.egg-info to /home/meta/Documents/robotics_workspace_new/install/robokpy_controller/lib/python3.12/site-packages/robokpy_controller-0.0.0-py3.12.egg-info
[4.114s] running install_scripts
[4.565s] Installing grasp_attach_bridge script to /home/meta/Documents/robotics_workspace_new/install/robokpy_controller/lib/robokpy_controller
[4.566s] Installing joint_jog_server script to /home/meta/Documents/robotics_workspace_new/install/robokpy_controller/lib/robokpy_controller
[4.566s] Installing kinematic_solver script to /home/meta/Documents/robotics_workspace_new/install/robokpy_controller/lib/robokpy_controller
[4.566s] Installing kinematics_server script to /home/meta/Documents/robotics_workspace_new/install/robokpy_controller/lib/robokpy_controller
[4.567s] Installing motion_planner script to /home/meta/Documents/robotics_workspace_new/install/robokpy_controller/lib/robokpy_controller
[4.567s] Installing object_pose_resolver script to /home/meta/Documents/robotics_workspace_new/install/robokpy_controller/lib/robokpy_controller
[4.567s] Installing object_spawner script to /home/meta/Documents/robotics_workspace_new/install/robokpy_controller/lib/robokpy_controller
[4.568s] Installing orchestrator script to /home/meta/Documents/robotics_workspace_new/install/robokpy_controller/lib/robokpy_controller
[4.568s] Installing pose_target_interface script to /home/meta/Documents/robotics_workspace_new/install/robokpy_controller/lib/robokpy_controller
[4.568s] Installing robot_command_server script to /home/meta/Documents/robotics_workspace_new/install/robokpy_controller/lib/robokpy_controller
[4.569s] Installing robot_description_viewer script to /home/meta/Documents/robotics_workspace_new/install/robokpy_controller/lib/robokpy_controller
[4.569s] Installing robot_state_interface_virtual script to /home/meta/Documents/robotics_workspace_new/install/robokpy_controller/lib/robokpy_controller
[4.569s] Installing robot_state_manager script to /home/meta/Documents/robotics_workspace_new/install/robokpy_controller/lib/robokpy_controller
[4.570s] Installing safety_bridge script to /home/meta/Documents/robotics_workspace_new/install/robokpy_controller/lib/robokpy_controller
[4.570s] Installing tool_action_server script to /home/meta/Documents/robotics_workspace_new/install/robokpy_controller/lib/robokpy_controller
[4.570s] Installing trajectory_plotter script to /home/meta/Documents/robotics_workspace_new/install/robokpy_controller/lib/robokpy_controller
[4.571s] Installing virtual_jog_relay script to /home/meta/Documents/robotics_workspace_new/install/robokpy_controller/lib/robokpy_controller
[4.572s] writing list of installed files to '/home/meta/Documents/robotics_workspace_new/build/robokpy_controller/install.log'
[4.636s] Invoked command in '/home/meta/Documents/robotics_workspace_new/src/robokpy_controller' returned '0': AMENT_PREFIX_PATH=/home/meta/Documents/robotics_workspace_new/install/robokpy_interfaces:${AMENT_PREFIX_PATH} CMAKE_PREFIX_PATH=/home/meta/Documents/robotics_workspace_new/install/robokpy_interfaces:${CMAKE_PREFIX_PATH} DEBUGINFOD_URLS=https://debuginfod.ubuntu.com LD_LIBRARY_PATH=/home/meta/Documents/robotics_workspace_new/install/robokpy_interfaces/lib:${LD_LIBRARY_PATH} PYTHONPATH=/home/meta/Documents/robotics_workspace_new/build/robokpy_controller/prefix_override:/usr/lib/python3/dist-packages/colcon_core/task/python/colcon_distutils_commands:/home/meta/Documents/robotics_workspace_new/install/robokpy_controller/lib/python3.12/site-packages:/home/meta/Documents/robotics_workspace_new/install/robokpy_interfaces/lib/python3.12/site-packages:${PYTHONPATH} /usr/bin/python3 -W ignore:setup.py install is deprecated setup.py egg_info --egg-base ../../build/robokpy_controller build --build-base /home/meta/Documents/robotics_workspace_new/build/robokpy_controller/build install --record /home/meta/Documents/robotics_workspace_new/build/robokpy_controller/install.log --single-version-externally-managed install_data
