[14.018s] Invoking command in '/home/meta/Documents/robotics_workspace_new/motus_cli': DEBUGINFOD_URLS=https://debuginfod.ubuntu.com PYTHONPATH=/home/meta/Documents/robotics_workspace_new/build/motus_cli/prefix_override:/usr/lib/python3/dist-packages/colcon_core/task/python/colcon_distutils_commands:/home/meta/Documents/robotics_workspace_new/install/motus_cli/lib/python3.12/site-packages:${PYTHONPATH} /usr/bin/python3 -W ignore:setup.py install is deprecated setup.py egg_info --egg-base ../build/motus_cli build --build-base /home/meta/Documents/robotics_workspace_new/build/motus_cli/build install --record /home/meta/Documents/robotics_workspace_new/build/motus_cli/install.log --single-version-externally-managed
[15.086s] running egg_info
[15.087s] creating ../build/motus_cli/motus_cli.egg-info
[15.179s] writing ../build/motus_cli/motus_cli.egg-info/PKG-INFO
[15.179s] writing dependency_links to ../build/motus_cli/motus_cli.egg-info/dependency_links.txt
[15.180s] writing entry points to ../build/motus_cli/motus_cli.egg-info/entry_points.txt
[15.180s] writing requirements to ../build/motus_cli/motus_cli.egg-info/requires.txt
[15.181s] writing top-level names to ../build/motus_cli/motus_cli.egg-info/top_level.txt
[15.181s] writing manifest file '../build/motus_cli/motus_cli.egg-info/SOURCES.txt'
[15.375s] reading manifest file '../build/motus_cli/motus_cli.egg-info/SOURCES.txt'
[15.376s] writing manifest file '../build/motus_cli/motus_cli.egg-info/SOURCES.txt'
[15.376s] running build
[15.377s] running build_py
[15.377s] creating /home/meta/Documents/robotics_workspace_new/build/motus_cli/build
[15.378s] creating /home/meta/Documents/robotics_workspace_new/build/motus_cli/build/lib
[15.378s] creating /home/meta/Documents/robotics_workspace_new/build/motus_cli/build/lib/motus_cli
[15.378s] copying motus_cli/__init__.py -> /home/meta/Documents/robotics_workspace_new/build/motus_cli/build/lib/motus_cli
[15.379s] copying motus_cli/cli.py -> /home/meta/Documents/robotics_workspace_new/build/motus_cli/build/lib/motus_cli
[15.379s] creating /home/meta/Documents/robotics_workspace_new/build/motus_cli/build/lib/motus_cli/builder
[15.379s] copying motus_cli/builder/build_cmd.py -> /home/meta/Documents/robotics_workspace_new/build/motus_cli/build/lib/motus_cli/builder
[15.397s] copying motus_cli/builder/ros2_control_injector.py -> /home/meta/Documents/robotics_workspace_new/build/motus_cli/build/lib/motus_cli/builder
[15.427s] copying motus_cli/builder/dependency_resolver.py -> /home/meta/Documents/robotics_workspace_new/build/motus_cli/build/lib/motus_cli/builder
[15.435s] copying motus_cli/builder/robot_add.py -> /home/meta/Documents/robotics_workspace_new/build/motus_cli/build/lib/motus_cli/builder
[15.450s] copying motus_cli/builder/doctor.py -> /home/meta/Documents/robotics_workspace_new/build/motus_cli/build/lib/motus_cli/builder
[15.450s] copying motus_cli/builder/kinematic_analyzer.py -> /home/meta/Documents/robotics_workspace_new/build/motus_cli/build/lib/motus_cli/builder
[15.451s] copying motus_cli/builder/resource_resolver.py -> /home/meta/Documents/robotics_workspace_new/build/motus_cli/build/lib/motus_cli/builder
[15.473s] copying motus_cli/builder/xacro_support.py -> /home/meta/Documents/robotics_workspace_new/build/motus_cli/build/lib/motus_cli/builder
[15.474s] copying motus_cli/builder/urdf_parser.py -> /home/meta/Documents/robotics_workspace_new/build/motus_cli/build/lib/motus_cli/builder
[15.475s] copying motus_cli/builder/launch_cmd.py -> /home/meta/Documents/robotics_workspace_new/build/motus_cli/build/lib/motus_cli/builder
[15.489s] copying motus_cli/builder/__init__.py -> /home/meta/Documents/robotics_workspace_new/build/motus_cli/build/lib/motus_cli/builder
[15.489s] copying motus_cli/builder/templates.py -> /home/meta/Documents/robotics_workspace_new/build/motus_cli/build/lib/motus_cli/builder
[15.505s] copying motus_cli/builder/package_generator.py -> /home/meta/Documents/robotics_workspace_new/build/motus_cli/build/lib/motus_cli/builder
[15.505s] copying motus_cli/builder/config_generator.py -> /home/meta/Documents/robotics_workspace_new/build/motus_cli/build/lib/motus_cli/builder
[15.507s] running install
[15.532s] running install_lib
[15.646s] creating /home/meta/Documents/robotics_workspace_new/install/motus_cli/lib/python3.12/site-packages/motus_cli
[15.646s] copying /home/meta/Documents/robotics_workspace_new/build/motus_cli/build/lib/motus_cli/__init__.py -> /home/meta/Documents/robotics_workspace_new/install/motus_cli/lib/python3.12/site-packages/motus_cli
[15.647s] creating /home/meta/Documents/robotics_workspace_new/install/motus_cli/lib/python3.12/site-packages/motus_cli/builder
[15.647s] copying /home/meta/Documents/robotics_workspace_new/build/motus_cli/build/lib/motus_cli/builder/build_cmd.py -> /home/meta/Documents/robotics_workspace_new/install/motus_cli/lib/python3.12/site-packages/motus_cli/builder
[15.647s] copying /home/meta/Documents/robotics_workspace_new/build/motus_cli/build/lib/motus_cli/builder/ros2_control_injector.py -> /home/meta/Documents/robotics_workspace_new/install/motus_cli/lib/python3.12/site-packages/motus_cli/builder
[15.651s] copying /home/meta/Documents/robotics_workspace_new/build/motus_cli/build/lib/motus_cli/builder/dependency_resolver.py -> /home/meta/Documents/robotics_workspace_new/install/motus_cli/lib/python3.12/site-packages/motus_cli/builder
[15.651s] copying /home/meta/Documents/robotics_workspace_new/build/motus_cli/build/lib/motus_cli/builder/robot_add.py -> /home/meta/Documents/robotics_workspace_new/install/motus_cli/lib/python3.12/site-packages/motus_cli/builder
[15.652s] copying /home/meta/Documents/robotics_workspace_new/build/motus_cli/build/lib/motus_cli/builder/doctor.py -> /home/meta/Documents/robotics_workspace_new/install/motus_cli/lib/python3.12/site-packages/motus_cli/builder
[15.652s] copying /home/meta/Documents/robotics_workspace_new/build/motus_cli/build/lib/motus_cli/builder/kinematic_analyzer.py -> /home/meta/Documents/robotics_workspace_new/install/motus_cli/lib/python3.12/site-packages/motus_cli/builder
[15.652s] copying /home/meta/Documents/robotics_workspace_new/build/motus_cli/build/lib/motus_cli/builder/resource_resolver.py -> /home/meta/Documents/robotics_workspace_new/install/motus_cli/lib/python3.12/site-packages/motus_cli/builder
[15.654s] copying /home/meta/Documents/robotics_workspace_new/build/motus_cli/build/lib/motus_cli/builder/xacro_support.py -> /home/meta/Documents/robotics_workspace_new/install/motus_cli/lib/python3.12/site-packages/motus_cli/builder
[15.654s] copying /home/meta/Documents/robotics_workspace_new/build/motus_cli/build/lib/motus_cli/builder/urdf_parser.py -> /home/meta/Documents/robotics_workspace_new/install/motus_cli/lib/python3.12/site-packages/motus_cli/builder
[15.655s] copying /home/meta/Documents/robotics_workspace_new/build/motus_cli/build/lib/motus_cli/builder/launch_cmd.py -> /home/meta/Documents/robotics_workspace_new/install/motus_cli/lib/python3.12/site-packages/motus_cli/builder
[15.655s] copying /home/meta/Documents/robotics_workspace_new/build/motus_cli/build/lib/motus_cli/builder/__init__.py -> /home/meta/Documents/robotics_workspace_new/install/motus_cli/lib/python3.12/site-packages/motus_cli/builder
[15.655s] copying /home/meta/Documents/robotics_workspace_new/build/motus_cli/build/lib/motus_cli/builder/templates.py -> /home/meta/Documents/robotics_workspace_new/install/motus_cli/lib/python3.12/site-packages/motus_cli/builder
[15.656s] copying /home/meta/Documents/robotics_workspace_new/build/motus_cli/build/lib/motus_cli/builder/package_generator.py -> /home/meta/Documents/robotics_workspace_new/install/motus_cli/lib/python3.12/site-packages/motus_cli/builder
[15.656s] copying /home/meta/Documents/robotics_workspace_new/build/motus_cli/build/lib/motus_cli/builder/config_generator.py -> /home/meta/Documents/robotics_workspace_new/install/motus_cli/lib/python3.12/site-packages/motus_cli/builder
[15.656s] copying /home/meta/Documents/robotics_workspace_new/build/motus_cli/build/lib/motus_cli/cli.py -> /home/meta/Documents/robotics_workspace_new/install/motus_cli/lib/python3.12/site-packages/motus_cli
[15.657s] byte-compiling /home/meta/Documents/robotics_workspace_new/install/motus_cli/lib/python3.12/site-packages/motus_cli/__init__.py to __init__.cpython-312.pyc
[15.657s] byte-compiling /home/meta/Documents/robotics_workspace_new/install/motus_cli/lib/python3.12/site-packages/motus_cli/builder/build_cmd.py to build_cmd.cpython-312.pyc
[15.657s] byte-compiling /home/meta/Documents/robotics_workspace_new/install/motus_cli/lib/python3.12/site-packages/motus_cli/builder/ros2_control_injector.py to ros2_control_injector.cpython-312.pyc
[15.661s] byte-compiling /home/meta/Documents/robotics_workspace_new/install/motus_cli/lib/python3.12/site-packages/motus_cli/builder/dependency_resolver.py to dependency_resolver.cpython-312.pyc
[15.664s] byte-compiling /home/meta/Documents/robotics_workspace_new/install/motus_cli/lib/python3.12/site-packages/motus_cli/builder/robot_add.py to robot_add.cpython-312.pyc
[15.674s] byte-compiling /home/meta/Documents/robotics_workspace_new/install/motus_cli/lib/python3.12/site-packages/motus_cli/builder/doctor.py to doctor.cpython-312.pyc
[15.678s] byte-compiling /home/meta/Documents/robotics_workspace_new/install/motus_cli/lib/python3.12/site-packages/motus_cli/builder/kinematic_analyzer.py to kinematic_analyzer.cpython-312.pyc
[15.684s] byte-compiling /home/meta/Documents/robotics_workspace_new/install/motus_cli/lib/python3.12/site-packages/motus_cli/builder/resource_resolver.py to resource_resolver.cpython-312.pyc
[15.687s] byte-compiling /home/meta/Documents/robotics_workspace_new/install/motus_cli/lib/python3.12/site-packages/motus_cli/builder/xacro_support.py to xacro_support.cpython-312.pyc
[15.691s] byte-compiling /home/meta/Documents/robotics_workspace_new/install/motus_cli/lib/python3.12/site-packages/motus_cli/builder/urdf_parser.py to urdf_parser.cpython-312.pyc
[15.697s] byte-compiling /home/meta/Documents/robotics_workspace_new/install/motus_cli/lib/python3.12/site-packages/motus_cli/builder/launch_cmd.py to launch_cmd.cpython-312.pyc
[15.698s] byte-compiling /home/meta/Documents/robotics_workspace_new/install/motus_cli/lib/python3.12/site-packages/motus_cli/builder/__init__.py to __init__.cpython-312.pyc
[15.698s] byte-compiling /home/meta/Documents/robotics_workspace_new/install/motus_cli/lib/python3.12/site-packages/motus_cli/builder/templates.py to templates.cpython-312.pyc
[15.700s] byte-compiling /home/meta/Documents/robotics_workspace_new/install/motus_cli/lib/python3.12/site-packages/motus_cli/builder/package_generator.py to package_generator.cpython-312.pyc
[15.703s] byte-compiling /home/meta/Documents/robotics_workspace_new/install/motus_cli/lib/python3.12/site-packages/motus_cli/builder/config_generator.py to config_generator.cpython-312.pyc
[15.707s] byte-compiling /home/meta/Documents/robotics_workspace_new/install/motus_cli/lib/python3.12/site-packages/motus_cli/cli.py to cli.cpython-312.pyc
[15.711s] running install_egg_info
[15.810s] Copying ../build/motus_cli/motus_cli.egg-info to /home/meta/Documents/robotics_workspace_new/install/motus_cli/lib/python3.12/site-packages/motus_cli-0.1.0-py3.12.egg-info
[15.812s] running install_scripts
[16.399s] Installing motus script to /home/meta/Documents/robotics_workspace_new/install/motus_cli/bin
[16.400s] writing list of installed files to '/home/meta/Documents/robotics_workspace_new/build/motus_cli/install.log'
[16.469s] Invoked command in '/home/meta/Documents/robotics_workspace_new/motus_cli' returned '0': DEBUGINFOD_URLS=https://debuginfod.ubuntu.com PYTHONPATH=/home/meta/Documents/robotics_workspace_new/build/motus_cli/prefix_override:/usr/lib/python3/dist-packages/colcon_core/task/python/colcon_distutils_commands:/home/meta/Documents/robotics_workspace_new/install/motus_cli/lib/python3.12/site-packages:${PYTHONPATH} /usr/bin/python3 -W ignore:setup.py install is deprecated setup.py egg_info --egg-base ../build/motus_cli build --build-base /home/meta/Documents/robotics_workspace_new/build/motus_cli/build install --record /home/meta/Documents/robotics_workspace_new/build/motus_cli/install.log --single-version-externally-managed
