[0.524s] DEBUG:colcon:Command line arguments: ['/bin/colcon', 'build']
[0.524s] DEBUG:colcon:Parsed command line arguments: Namespace(log_base=None, log_level=None, verb_name='build', build_base='build', install_base='install', merge_install=False, symlink_install=False, test_result_base=None, continue_on_error=False, executor='parallel', parallel_workers=4, event_handlers=None, ignore_user_meta=False, metas=['./colcon.meta'], base_paths=['.'], packages_ignore=None, packages_ignore_regex=None, paths=None, packages_up_to=None, packages_up_to_regex=None, packages_above=None, packages_above_and_dependencies=None, packages_above_depth=None, packages_select_by_dep=None, packages_skip_by_dep=None, packages_skip_up_to=None, packages_select_build_failed=False, packages_skip_build_finished=False, packages_select_test_failures=False, packages_skip_test_passed=False, packages_select=None, packages_skip=None, packages_select_regex=None, packages_skip_regex=None, packages_start=None, packages_end=None, allow_overriding=[], cmake_args=None, cmake_target=None, cmake_target_skip_unavailable=False, cmake_clean_cache=False, cmake_clean_first=False, cmake_force_configure=False, ament_cmake_args=None, catkin_cmake_args=None, catkin_skip_building_tests=False, mixin_files=None, mixin=None, verb_parser=<colcon_mixin.mixin.mixin_argument.MixinArgumentDecorator object at 0x7c00098085c0>, verb_extension=<colcon_core.verb.build.BuildVerb object at 0x7c0009808320>, main=<bound method BuildVerb.main of <colcon_core.verb.build.BuildVerb object at 0x7c0009808320>>, mixin_verb=('build',))
[0.708s] Level 1:colcon.colcon_core.package_discovery:discover_packages(colcon_meta) check parameters
[0.708s] Level 1:colcon.colcon_core.package_discovery:discover_packages(recursive) check parameters
[0.708s] Level 1:colcon.colcon_core.package_discovery:discover_packages(ignore) check parameters
[0.708s] Level 1:colcon.colcon_core.package_discovery:discover_packages(path) check parameters
[0.708s] Level 1:colcon.colcon_core.package_discovery:discover_packages(colcon_meta) discover
[0.709s] Level 1:colcon.colcon_core.package_discovery:discover_packages(recursive) discover
[0.709s] INFO:colcon.colcon_core.package_discovery:Crawling recursively for packages in '/home/meta/Documents/robotics_workspace_new'
[0.709s] Level 1:colcon.colcon_core.package_identification:_identify(.) by extensions ['ignore', 'ignore_ament_install']
[0.709s] Level 1:colcon.colcon_core.package_identification:_identify(.) by extension 'ignore'
[0.709s] Level 1:colcon.colcon_core.package_identification:_identify(.) by extension 'ignore_ament_install'
[0.710s] Level 1:colcon.colcon_core.package_identification:_identify(.) by extensions ['colcon_pkg']
[0.710s] Level 1:colcon.colcon_core.package_identification:_identify(.) by extension 'colcon_pkg'
[0.710s] Level 1:colcon.colcon_core.package_identification:_identify(.) by extensions ['colcon_meta']
[0.710s] Level 1:colcon.colcon_core.package_identification:_identify(.) by extension 'colcon_meta'
[0.710s] Level 1:colcon.colcon_core.package_identification:_identify(.) by extensions ['ros']
[0.710s] Level 1:colcon.colcon_core.package_identification:_identify(.) by extension 'ros'
[0.792s] Level 1:colcon.colcon_core.package_identification:_identify(.) by extensions ['cmake', 'python']
[0.793s] Level 1:colcon.colcon_core.package_identification:_identify(.) by extension 'cmake'
[0.793s] Level 1:colcon.colcon_core.package_identification:_identify(.) by extension 'python'
[0.793s] Level 1:colcon.colcon_core.package_identification:_identify(.) by extensions ['python_setup_py']
[0.793s] Level 1:colcon.colcon_core.package_identification:_identify(.) by extension 'python_setup_py'
[0.793s] Level 1:colcon.colcon_core.package_identification:_identify(Docs) by extensions ['ignore', 'ignore_ament_install']
[0.793s] Level 1:colcon.colcon_core.package_identification:_identify(Docs) by extension 'ignore'
[0.793s] Level 1:colcon.colcon_core.package_identification:_identify(Docs) by extension 'ignore_ament_install'
[0.794s] Level 1:colcon.colcon_core.package_identification:_identify(Docs) by extensions ['colcon_pkg']
[0.794s] Level 1:colcon.colcon_core.package_identification:_identify(Docs) by extension 'colcon_pkg'
[0.794s] Level 1:colcon.colcon_core.package_identification:_identify(Docs) by extensions ['colcon_meta']
[0.794s] Level 1:colcon.colcon_core.package_identification:_identify(Docs) by extension 'colcon_meta'
[0.794s] Level 1:colcon.colcon_core.package_identification:_identify(Docs) by extensions ['ros']
[0.794s] Level 1:colcon.colcon_core.package_identification:_identify(Docs) by extension 'ros'
[0.794s] Level 1:colcon.colcon_core.package_identification:_identify(Docs) by extensions ['cmake', 'python']
[0.794s] Level 1:colcon.colcon_core.package_identification:_identify(Docs) by extension 'cmake'
[0.794s] Level 1:colcon.colcon_core.package_identification:_identify(Docs) by extension 'python'
[0.795s] Level 1:colcon.colcon_core.package_identification:_identify(Docs) by extensions ['python_setup_py']
[0.795s] Level 1:colcon.colcon_core.package_identification:_identify(Docs) by extension 'python_setup_py'
[0.795s] Level 1:colcon.colcon_core.package_identification:_identify(build) by extensions ['ignore', 'ignore_ament_install']
[0.795s] Level 1:colcon.colcon_core.package_identification:_identify(build) by extension 'ignore'
[0.795s] Level 1:colcon.colcon_core.package_identification:_identify(build) ignored
[0.795s] Level 1:colcon.colcon_core.package_identification:_identify(install) by extensions ['ignore', 'ignore_ament_install']
[0.796s] Level 1:colcon.colcon_core.package_identification:_identify(install) by extension 'ignore'
[0.796s] Level 1:colcon.colcon_core.package_identification:_identify(install) ignored
[0.796s] Level 1:colcon.colcon_core.package_identification:_identify(log) by extensions ['ignore', 'ignore_ament_install']
[0.796s] Level 1:colcon.colcon_core.package_identification:_identify(log) by extension 'ignore'
[0.796s] Level 1:colcon.colcon_core.package_identification:_identify(log) ignored
[0.797s] Level 1:colcon.colcon_core.package_identification:_identify(src) by extensions ['ignore', 'ignore_ament_install']
[0.797s] Level 1:colcon.colcon_core.package_identification:_identify(src) by extension 'ignore'
[0.797s] Level 1:colcon.colcon_core.package_identification:_identify(src) by extension 'ignore_ament_install'
[0.797s] Level 1:colcon.colcon_core.package_identification:_identify(src) by extensions ['colcon_pkg']
[0.797s] Level 1:colcon.colcon_core.package_identification:_identify(src) by extension 'colcon_pkg'
[0.797s] Level 1:colcon.colcon_core.package_identification:_identify(src) by extensions ['colcon_meta']
[0.797s] Level 1:colcon.colcon_core.package_identification:_identify(src) by extension 'colcon_meta'
[0.797s] Level 1:colcon.colcon_core.package_identification:_identify(src) by extensions ['ros']
[0.797s] Level 1:colcon.colcon_core.package_identification:_identify(src) by extension 'ros'
[0.798s] Level 1:colcon.colcon_core.package_identification:_identify(src) by extensions ['cmake', 'python']
[0.798s] Level 1:colcon.colcon_core.package_identification:_identify(src) by extension 'cmake'
[0.798s] Level 1:colcon.colcon_core.package_identification:_identify(src) by extension 'python'
[0.798s] Level 1:colcon.colcon_core.package_identification:_identify(src) by extensions ['python_setup_py']
[0.798s] Level 1:colcon.colcon_core.package_identification:_identify(src) by extension 'python_setup_py'
[0.799s] Level 1:colcon.colcon_core.package_identification:_identify(src/robokpy) by extensions ['ignore', 'ignore_ament_install']
[0.799s] Level 1:colcon.colcon_core.package_identification:_identify(src/robokpy) by extension 'ignore'
[0.799s] Level 1:colcon.colcon_core.package_identification:_identify(src/robokpy) by extension 'ignore_ament_install'
[0.799s] Level 1:colcon.colcon_core.package_identification:_identify(src/robokpy) by extensions ['colcon_pkg']
[0.799s] Level 1:colcon.colcon_core.package_identification:_identify(src/robokpy) by extension 'colcon_pkg'
[0.800s] Level 1:colcon.colcon_core.package_identification:_identify(src/robokpy) by extensions ['colcon_meta']
[0.800s] Level 1:colcon.colcon_core.package_identification:_identify(src/robokpy) by extension 'colcon_meta'
[0.800s] Level 1:colcon.colcon_core.package_identification:_identify(src/robokpy) by extensions ['ros']
[0.800s] Level 1:colcon.colcon_core.package_identification:_identify(src/robokpy) by extension 'ros'
[0.862s] DEBUG:colcon.colcon_core.package_identification:Package 'src/robokpy' with type 'ros.ament_python' and name 'robokpy'
[0.863s] Level 1:colcon.colcon_core.package_identification:_identify(src/robokpy_controller) by extensions ['ignore', 'ignore_ament_install']
[0.863s] Level 1:colcon.colcon_core.package_identification:_identify(src/robokpy_controller) by extension 'ignore'
[0.863s] Level 1:colcon.colcon_core.package_identification:_identify(src/robokpy_controller) by extension 'ignore_ament_install'
[0.863s] Level 1:colcon.colcon_core.package_identification:_identify(src/robokpy_controller) by extensions ['colcon_pkg']
[0.863s] Level 1:colcon.colcon_core.package_identification:_identify(src/robokpy_controller) by extension 'colcon_pkg'
[0.864s] Level 1:colcon.colcon_core.package_identification:_identify(src/robokpy_controller) by extensions ['colcon_meta']
[0.864s] Level 1:colcon.colcon_core.package_identification:_identify(src/robokpy_controller) by extension 'colcon_meta'
[0.864s] Level 1:colcon.colcon_core.package_identification:_identify(src/robokpy_controller) by extensions ['ros']
[0.864s] Level 1:colcon.colcon_core.package_identification:_identify(src/robokpy_controller) by extension 'ros'
[0.898s] DEBUG:colcon.colcon_core.package_identification:Package 'src/robokpy_controller' with type 'ros.ament_python' and name 'robokpy_controller'
[0.899s] Level 1:colcon.colcon_core.package_identification:_identify(src/robokpy_interfaces) by extensions ['ignore', 'ignore_ament_install']
[0.899s] Level 1:colcon.colcon_core.package_identification:_identify(src/robokpy_interfaces) by extension 'ignore'
[0.900s] Level 1:colcon.colcon_core.package_identification:_identify(src/robokpy_interfaces) by extension 'ignore_ament_install'
[0.900s] Level 1:colcon.colcon_core.package_identification:_identify(src/robokpy_interfaces) by extensions ['colcon_pkg']
[0.900s] Level 1:colcon.colcon_core.package_identification:_identify(src/robokpy_interfaces) by extension 'colcon_pkg'
[0.900s] Level 1:colcon.colcon_core.package_identification:_identify(src/robokpy_interfaces) by extensions ['colcon_meta']
[0.900s] Level 1:colcon.colcon_core.package_identification:_identify(src/robokpy_interfaces) by extension 'colcon_meta'
[0.900s] Level 1:colcon.colcon_core.package_identification:_identify(src/robokpy_interfaces) by extensions ['ros']
[0.900s] Level 1:colcon.colcon_core.package_identification:_identify(src/robokpy_interfaces) by extension 'ros'
[0.920s] DEBUG:colcon.colcon_core.package_identification:Package 'src/robokpy_interfaces' with type 'ros.ament_cmake' and name 'robokpy_interfaces'
[0.921s] Level 1:colcon.colcon_core.package_discovery:discover_packages(recursive) using defaults
[0.922s] Level 1:colcon.colcon_core.package_discovery:discover_packages(ignore) discover
[0.922s] Level 1:colcon.colcon_core.package_discovery:discover_packages(ignore) using defaults
[0.922s] Level 1:colcon.colcon_core.package_discovery:discover_packages(path) discover
[0.924s] Level 1:colcon.colcon_core.package_discovery:discover_packages(path) using defaults
[1.060s] Level 1:colcon.colcon_core.package_discovery:discover_packages(prefix_path) check parameters
[1.060s] Level 1:colcon.colcon_core.package_discovery:discover_packages(prefix_path) discover
[1.154s] DEBUG:colcon.colcon_installed_package_information.package_discovery:Found 3 installed packages in /home/meta/Documents/robotics_workspace_new/install
[1.159s] DEBUG:colcon.colcon_installed_package_information.package_discovery:Found 429 installed packages in /opt/ros/jazzy
[1.161s] Level 1:colcon.colcon_core.package_discovery:discover_packages(prefix_path) using defaults
[6.476s] Level 5:colcon.colcon_core.verb:set package 'robokpy' build argument 'cmake_args' from command line to 'None'
[6.477s] Level 5:colcon.colcon_core.verb:set package 'robokpy' build argument 'cmake_target' from command line to 'None'
[6.477s] Level 5:colcon.colcon_core.verb:set package 'robokpy' build argument 'cmake_target_skip_unavailable' from command line to 'False'
[6.477s] Level 5:colcon.colcon_core.verb:set package 'robokpy' build argument 'cmake_clean_cache' from command line to 'False'
[6.477s] Level 5:colcon.colcon_core.verb:set package 'robokpy' build argument 'cmake_clean_first' from command line to 'False'
[6.477s] Level 5:colcon.colcon_core.verb:set package 'robokpy' build argument 'cmake_force_configure' from command line to 'False'
[6.477s] Level 5:colcon.colcon_core.verb:set package 'robokpy' build argument 'ament_cmake_args' from command line to 'None'
[6.477s] Level 5:colcon.colcon_core.verb:set package 'robokpy' build argument 'catkin_cmake_args' from command line to 'None'
[6.477s] Level 5:colcon.colcon_core.verb:set package 'robokpy' build argument 'catkin_skip_building_tests' from command line to 'False'
[6.477s] DEBUG:colcon.colcon_core.verb:Building package 'robokpy' with the following arguments: {'ament_cmake_args': None, 'build_base': '/home/meta/Documents/robotics_workspace_new/build/robokpy', 'catkin_cmake_args': None, 'catkin_skip_building_tests': False, 'cmake_args': None, 'cmake_clean_cache': False, 'cmake_clean_first': False, 'cmake_force_configure': False, 'cmake_target': None, 'cmake_target_skip_unavailable': False, 'install_base': '/home/meta/Documents/robotics_workspace_new/install/robokpy', 'merge_install': False, 'path': '/home/meta/Documents/robotics_workspace_new/src/robokpy', 'symlink_install': False, 'test_result_base': None}
[6.478s] Level 5:colcon.colcon_core.verb:set package 'robokpy_interfaces' build argument 'cmake_args' from command line to 'None'
[6.478s] Level 5:colcon.colcon_core.verb:set package 'robokpy_interfaces' build argument 'cmake_target' from command line to 'None'
[6.478s] Level 5:colcon.colcon_core.verb:set package 'robokpy_interfaces' build argument 'cmake_target_skip_unavailable' from command line to 'False'
[6.478s] Level 5:colcon.colcon_core.verb:set package 'robokpy_interfaces' build argument 'cmake_clean_cache' from command line to 'False'
[6.478s] Level 5:colcon.colcon_core.verb:set package 'robokpy_interfaces' build argument 'cmake_clean_first' from command line to 'False'
[6.478s] Level 5:colcon.colcon_core.verb:set package 'robokpy_interfaces' build argument 'cmake_force_configure' from command line to 'False'
[6.478s] Level 5:colcon.colcon_core.verb:set package 'robokpy_interfaces' build argument 'ament_cmake_args' from command line to 'None'
[6.478s] Level 5:colcon.colcon_core.verb:set package 'robokpy_interfaces' build argument 'catkin_cmake_args' from command line to 'None'
[6.478s] Level 5:colcon.colcon_core.verb:set package 'robokpy_interfaces' build argument 'catkin_skip_building_tests' from command line to 'False'
[6.478s] DEBUG:colcon.colcon_core.verb:Building package 'robokpy_interfaces' with the following arguments: {'ament_cmake_args': None, 'build_base': '/home/meta/Documents/robotics_workspace_new/build/robokpy_interfaces', 'catkin_cmake_args': None, 'catkin_skip_building_tests': False, 'cmake_args': None, 'cmake_clean_cache': False, 'cmake_clean_first': False, 'cmake_force_configure': False, 'cmake_target': None, 'cmake_target_skip_unavailable': False, 'install_base': '/home/meta/Documents/robotics_workspace_new/install/robokpy_interfaces', 'merge_install': False, 'path': '/home/meta/Documents/robotics_workspace_new/src/robokpy_interfaces', 'symlink_install': False, 'test_result_base': None}
[6.479s] Level 5:colcon.colcon_core.verb:set package 'robokpy_controller' build argument 'cmake_args' from command line to 'None'
[6.479s] Level 5:colcon.colcon_core.verb:set package 'robokpy_controller' build argument 'cmake_target' from command line to 'None'
[6.479s] Level 5:colcon.colcon_core.verb:set package 'robokpy_controller' build argument 'cmake_target_skip_unavailable' from command line to 'False'
[6.479s] Level 5:colcon.colcon_core.verb:set package 'robokpy_controller' build argument 'cmake_clean_cache' from command line to 'False'
[6.479s] Level 5:colcon.colcon_core.verb:set package 'robokpy_controller' build argument 'cmake_clean_first' from command line to 'False'
[6.479s] Level 5:colcon.colcon_core.verb:set package 'robokpy_controller' build argument 'cmake_force_configure' from command line to 'False'
[6.479s] Level 5:colcon.colcon_core.verb:set package 'robokpy_controller' build argument 'ament_cmake_args' from command line to 'None'
[6.479s] Level 5:colcon.colcon_core.verb:set package 'robokpy_controller' build argument 'catkin_cmake_args' from command line to 'None'
[6.479s] Level 5:colcon.colcon_core.verb:set package 'robokpy_controller' build argument 'catkin_skip_building_tests' from command line to 'False'
[6.479s] DEBUG:colcon.colcon_core.verb:Building package 'robokpy_controller' with the following arguments: {'ament_cmake_args': None, 'build_base': '/home/meta/Documents/robotics_workspace_new/build/robokpy_controller', 'catkin_cmake_args': None, 'catkin_skip_building_tests': False, 'cmake_args': None, 'cmake_clean_cache': False, 'cmake_clean_first': False, 'cmake_force_configure': False, 'cmake_target': None, 'cmake_target_skip_unavailable': False, 'install_base': '/home/meta/Documents/robotics_workspace_new/install/robokpy_controller', 'merge_install': False, 'path': '/home/meta/Documents/robotics_workspace_new/src/robokpy_controller', 'symlink_install': False, 'test_result_base': None}
[6.480s] INFO:colcon.colcon_core.executor:Executing jobs using 'parallel' executor
[6.482s] DEBUG:colcon.colcon_parallel_executor.executor.parallel:run_until_complete
[6.482s] INFO:colcon.colcon_ros.task.ament_cmake.build:Building ROS package in '/home/meta/Documents/robotics_workspace_new/src/robokpy_interfaces' with build type 'ament_cmake'
[6.483s] INFO:colcon.colcon_cmake.task.cmake.build:Building CMake package in '/home/meta/Documents/robotics_workspace_new/src/robokpy_interfaces'
[6.565s] INFO:colcon.colcon_core.plugin_system:Skipping extension 'colcon_core.shell.bat': Not used on non-Windows systems
[6.565s] INFO:colcon.colcon_core.shell:Skip shell extension 'powershell' for command environment: Not usable outside of PowerShell
[6.565s] DEBUG:colcon.colcon_core.shell:Skip shell extension 'dsv' for command environment
[6.599s] INFO:colcon.colcon_ros.task.ament_python.build:Building ROS package in '/home/meta/Documents/robotics_workspace_new/src/robokpy' with build type 'ament_python'
[6.600s] Level 1:colcon.colcon_core.shell:create_environment_hook('robokpy', 'ament_prefix_path')
[6.600s] INFO:colcon.colcon_core.shell:Creating environment hook '/home/meta/Documents/robotics_workspace_new/install/robokpy/share/robokpy/hook/ament_prefix_path.ps1'
[6.629s] INFO:colcon.colcon_core.shell:Creating environment descriptor '/home/meta/Documents/robotics_workspace_new/install/robokpy/share/robokpy/hook/ament_prefix_path.dsv'
[6.630s] INFO:colcon.colcon_core.shell:Creating environment hook '/home/meta/Documents/robotics_workspace_new/install/robokpy/share/robokpy/hook/ament_prefix_path.sh'
[6.661s] INFO:colcon.colcon_core.shell:Skip shell extension 'powershell' for command environment: Not usable outside of PowerShell
[6.661s] DEBUG:colcon.colcon_core.shell:Skip shell extension 'dsv' for command environment
[6.676s] DEBUG:colcon.colcon_core.event_handler.log_command:Invoking command in '/home/meta/Documents/robotics_workspace_new/build/robokpy_interfaces': CMAKE_PREFIX_PATH=${CMAKE_PREFIX_PATH}:/home/meta/Documents/robotics_workspace_new/install/robokpy_controller:/home/meta/Documents/robotics_workspace_new/install/robokpy:/opt/ros/jazzy DEBUGINFOD_URLS=https://debuginfod.ubuntu.com /bin/cmake --build /home/meta/Documents/robotics_workspace_new/build/robokpy_interfaces -- -j4 -l4
[7.551s] INFO:colcon.colcon_core.task.python.build:Building Python package in '/home/meta/Documents/robotics_workspace_new/src/robokpy'
[7.551s] INFO:colcon.colcon_core.shell:Skip shell extension 'powershell' for command environment: Not usable outside of PowerShell
[7.551s] DEBUG:colcon.colcon_core.shell:Skip shell extension 'dsv' for command environment
[11.951s] DEBUG:colcon.colcon_core.event_handler.log_command:Invoked command in '/home/meta/Documents/robotics_workspace_new/build/robokpy_interfaces' returned '0': CMAKE_PREFIX_PATH=${CMAKE_PREFIX_PATH}:/home/meta/Documents/robotics_workspace_new/install/robokpy_controller:/home/meta/Documents/robotics_workspace_new/install/robokpy:/opt/ros/jazzy DEBUGINFOD_URLS=https://debuginfod.ubuntu.com /bin/cmake --build /home/meta/Documents/robotics_workspace_new/build/robokpy_interfaces -- -j4 -l4
[12.254s] DEBUG:colcon.colcon_core.event_handler.log_command:Invoking command in '/home/meta/Documents/robotics_workspace_new/src/robokpy': DEBUGINFOD_URLS=https://debuginfod.ubuntu.com PYTHONPATH=/home/meta/Documents/robotics_workspace_new/build/robokpy/prefix_override:/usr/lib/python3/dist-packages/colcon_core/task/python/colcon_distutils_commands:/home/meta/Documents/robotics_workspace_new/install/robokpy/lib/python3.12/site-packages:${PYTHONPATH} /usr/bin/python3 -W ignore:setup.py install is deprecated setup.py egg_info --egg-base ../../build/robokpy build --build-base /home/meta/Documents/robotics_workspace_new/build/robokpy/build install --record /home/meta/Documents/robotics_workspace_new/build/robokpy/install.log --single-version-externally-managed install_data
[13.372s] DEBUG:colcon.colcon_core.event_handler.log_command:Invoking command in '/home/meta/Documents/robotics_workspace_new/build/robokpy_interfaces': CMAKE_PREFIX_PATH=${CMAKE_PREFIX_PATH}:/home/meta/Documents/robotics_workspace_new/install/robokpy_controller:/home/meta/Documents/robotics_workspace_new/install/robokpy:/opt/ros/jazzy DEBUGINFOD_URLS=https://debuginfod.ubuntu.com /bin/cmake --install /home/meta/Documents/robotics_workspace_new/build/robokpy_interfaces
[14.106s] Level 1:colcon.colcon_core.environment:create_environment_scripts_only(robokpy_interfaces)
[14.107s] DEBUG:colcon.colcon_core.event_handler.log_command:Invoked command in '/home/meta/Documents/robotics_workspace_new/build/robokpy_interfaces' returned '0': CMAKE_PREFIX_PATH=${CMAKE_PREFIX_PATH}:/home/meta/Documents/robotics_workspace_new/install/robokpy_controller:/home/meta/Documents/robotics_workspace_new/install/robokpy:/opt/ros/jazzy DEBUGINFOD_URLS=https://debuginfod.ubuntu.com /bin/cmake --install /home/meta/Documents/robotics_workspace_new/build/robokpy_interfaces
[14.167s] Level 1:colcon.colcon_core.environment:checking '/home/meta/Documents/robotics_workspace_new/install/robokpy_interfaces' for CMake module files
[14.169s] Level 1:colcon.colcon_core.environment:checking '/home/meta/Documents/robotics_workspace_new/install/robokpy_interfaces' for CMake config files
[14.173s] Level 1:colcon.colcon_core.shell:create_environment_hook('robokpy_interfaces', 'cmake_prefix_path')
[14.174s] INFO:colcon.colcon_core.shell:Creating environment hook '/home/meta/Documents/robotics_workspace_new/install/robokpy_interfaces/share/robokpy_interfaces/hook/cmake_prefix_path.ps1'
[14.175s] INFO:colcon.colcon_core.shell:Creating environment descriptor '/home/meta/Documents/robotics_workspace_new/install/robokpy_interfaces/share/robokpy_interfaces/hook/cmake_prefix_path.dsv'
[14.176s] INFO:colcon.colcon_core.shell:Creating environment hook '/home/meta/Documents/robotics_workspace_new/install/robokpy_interfaces/share/robokpy_interfaces/hook/cmake_prefix_path.sh'
[14.179s] Level 1:colcon.colcon_core.environment:checking '/home/meta/Documents/robotics_workspace_new/install/robokpy_interfaces/lib'
[14.180s] Level 1:colcon.colcon_core.shell:create_environment_hook('robokpy_interfaces', 'ld_library_path_lib')
[14.180s] INFO:colcon.colcon_core.shell:Creating environment hook '/home/meta/Documents/robotics_workspace_new/install/robokpy_interfaces/share/robokpy_interfaces/hook/ld_library_path_lib.ps1'
[14.181s] INFO:colcon.colcon_core.shell:Creating environment descriptor '/home/meta/Documents/robotics_workspace_new/install/robokpy_interfaces/share/robokpy_interfaces/hook/ld_library_path_lib.dsv'
[14.182s] INFO:colcon.colcon_core.shell:Creating environment hook '/home/meta/Documents/robotics_workspace_new/install/robokpy_interfaces/share/robokpy_interfaces/hook/ld_library_path_lib.sh'
[14.183s] Level 1:colcon.colcon_core.environment:checking '/home/meta/Documents/robotics_workspace_new/install/robokpy_interfaces/bin'
[14.183s] Level 1:colcon.colcon_core.environment:checking '/home/meta/Documents/robotics_workspace_new/install/robokpy_interfaces/lib/pkgconfig/robokpy_interfaces.pc'
[14.184s] Level 1:colcon.colcon_core.environment:checking '/home/meta/Documents/robotics_workspace_new/install/robokpy_interfaces/lib/python3.12/site-packages'
[14.184s] Level 1:colcon.colcon_core.shell:create_environment_hook('robokpy_interfaces', 'pythonpath')
[14.185s] INFO:colcon.colcon_core.shell:Creating environment hook '/home/meta/Documents/robotics_workspace_new/install/robokpy_interfaces/share/robokpy_interfaces/hook/pythonpath.ps1'
[14.186s] INFO:colcon.colcon_core.shell:Creating environment descriptor '/home/meta/Documents/robotics_workspace_new/install/robokpy_interfaces/share/robokpy_interfaces/hook/pythonpath.dsv'
[14.187s] INFO:colcon.colcon_core.shell:Creating environment hook '/home/meta/Documents/robotics_workspace_new/install/robokpy_interfaces/share/robokpy_interfaces/hook/pythonpath.sh'
[14.188s] Level 1:colcon.colcon_core.environment:checking '/home/meta/Documents/robotics_workspace_new/install/robokpy_interfaces/bin'
[14.189s] INFO:colcon.colcon_core.shell:Creating package script '/home/meta/Documents/robotics_workspace_new/install/robokpy_interfaces/share/robokpy_interfaces/package.ps1'
[14.191s] INFO:colcon.colcon_core.shell:Creating package descriptor '/home/meta/Documents/robotics_workspace_new/install/robokpy_interfaces/share/robokpy_interfaces/package.dsv'
[14.192s] INFO:colcon.colcon_core.shell:Creating package script '/home/meta/Documents/robotics_workspace_new/install/robokpy_interfaces/share/robokpy_interfaces/package.sh'
[14.194s] INFO:colcon.colcon_core.shell:Creating package script '/home/meta/Documents/robotics_workspace_new/install/robokpy_interfaces/share/robokpy_interfaces/package.bash'
[14.196s] INFO:colcon.colcon_core.shell:Creating package script '/home/meta/Documents/robotics_workspace_new/install/robokpy_interfaces/share/robokpy_interfaces/package.zsh'
[14.198s] Level 1:colcon.colcon_core.environment:create_file_with_runtime_dependencies(/home/meta/Documents/robotics_workspace_new/install/robokpy_interfaces/share/colcon-core/packages/robokpy_interfaces)
[14.977s] Level 1:colcon.colcon_core.environment:checking '/home/meta/Documents/robotics_workspace_new/install/robokpy' for CMake module files
[14.979s] DEBUG:colcon.colcon_core.event_handler.log_command:Invoked command in '/home/meta/Documents/robotics_workspace_new/src/robokpy' returned '0': DEBUGINFOD_URLS=https://debuginfod.ubuntu.com PYTHONPATH=/home/meta/Documents/robotics_workspace_new/build/robokpy/prefix_override:/usr/lib/python3/dist-packages/colcon_core/task/python/colcon_distutils_commands:/home/meta/Documents/robotics_workspace_new/install/robokpy/lib/python3.12/site-packages:${PYTHONPATH} /usr/bin/python3 -W ignore:setup.py install is deprecated setup.py egg_info --egg-base ../../build/robokpy build --build-base /home/meta/Documents/robotics_workspace_new/build/robokpy/build install --record /home/meta/Documents/robotics_workspace_new/build/robokpy/install.log --single-version-externally-managed install_data
[14.980s] Level 1:colcon.colcon_core.environment:checking '/home/meta/Documents/robotics_workspace_new/install/robokpy' for CMake config files
[14.981s] Level 1:colcon.colcon_core.environment:checking '/home/meta/Documents/robotics_workspace_new/install/robokpy/lib'
[14.981s] Level 1:colcon.colcon_core.environment:checking '/home/meta/Documents/robotics_workspace_new/install/robokpy/bin'
[14.982s] Level 1:colcon.colcon_core.environment:checking '/home/meta/Documents/robotics_workspace_new/install/robokpy/lib/pkgconfig/robokpy.pc'
[14.982s] Level 1:colcon.colcon_core.environment:checking '/home/meta/Documents/robotics_workspace_new/install/robokpy/lib/python3.12/site-packages'
[14.982s] Level 1:colcon.colcon_core.shell:create_environment_hook('robokpy', 'pythonpath')
[14.983s] INFO:colcon.colcon_core.shell:Creating environment hook '/home/meta/Documents/robotics_workspace_new/install/robokpy/share/robokpy/hook/pythonpath.ps1'
[14.983s] INFO:colcon.colcon_core.shell:Creating environment descriptor '/home/meta/Documents/robotics_workspace_new/install/robokpy/share/robokpy/hook/pythonpath.dsv'
[14.984s] INFO:colcon.colcon_core.shell:Creating environment hook '/home/meta/Documents/robotics_workspace_new/install/robokpy/share/robokpy/hook/pythonpath.sh'
[14.985s] Level 1:colcon.colcon_core.environment:checking '/home/meta/Documents/robotics_workspace_new/install/robokpy/bin'
[14.985s] Level 1:colcon.colcon_core.environment:create_environment_scripts_only(robokpy)
[14.986s] INFO:colcon.colcon_core.shell:Creating package script '/home/meta/Documents/robotics_workspace_new/install/robokpy/share/robokpy/package.ps1'
[14.987s] INFO:colcon.colcon_core.shell:Creating package descriptor '/home/meta/Documents/robotics_workspace_new/install/robokpy/share/robokpy/package.dsv'
[14.988s] INFO:colcon.colcon_core.shell:Creating package script '/home/meta/Documents/robotics_workspace_new/install/robokpy/share/robokpy/package.sh'
[14.988s] INFO:colcon.colcon_core.shell:Creating package script '/home/meta/Documents/robotics_workspace_new/install/robokpy/share/robokpy/package.bash'
[14.989s] INFO:colcon.colcon_core.shell:Creating package script '/home/meta/Documents/robotics_workspace_new/install/robokpy/share/robokpy/package.zsh'
[14.990s] Level 1:colcon.colcon_core.environment:create_file_with_runtime_dependencies(/home/meta/Documents/robotics_workspace_new/install/robokpy/share/colcon-core/packages/robokpy)
[15.242s] Level 1:colcon.colcon_core.environment:create_environment_scripts_only(robokpy_interfaces)
[15.243s] Level 1:colcon.colcon_core.environment:checking '/home/meta/Documents/robotics_workspace_new/install/robokpy_interfaces' for CMake module files
[15.245s] Level 1:colcon.colcon_core.environment:checking '/home/meta/Documents/robotics_workspace_new/install/robokpy_interfaces' for CMake config files
[15.247s] Level 1:colcon.colcon_core.shell:create_environment_hook('robokpy_interfaces', 'cmake_prefix_path')
[15.248s] INFO:colcon.colcon_core.shell:Creating environment hook '/home/meta/Documents/robotics_workspace_new/install/robokpy_interfaces/share/robokpy_interfaces/hook/cmake_prefix_path.ps1'
[15.248s] INFO:colcon.colcon_core.shell:Creating environment descriptor '/home/meta/Documents/robotics_workspace_new/install/robokpy_interfaces/share/robokpy_interfaces/hook/cmake_prefix_path.dsv'
[15.249s] INFO:colcon.colcon_core.shell:Creating environment hook '/home/meta/Documents/robotics_workspace_new/install/robokpy_interfaces/share/robokpy_interfaces/hook/cmake_prefix_path.sh'
[15.251s] Level 1:colcon.colcon_core.environment:checking '/home/meta/Documents/robotics_workspace_new/install/robokpy_interfaces/lib'
[15.251s] Level 1:colcon.colcon_core.shell:create_environment_hook('robokpy_interfaces', 'ld_library_path_lib')
[15.251s] INFO:colcon.colcon_core.shell:Creating environment hook '/home/meta/Documents/robotics_workspace_new/install/robokpy_interfaces/share/robokpy_interfaces/hook/ld_library_path_lib.ps1'
[15.252s] INFO:colcon.colcon_core.shell:Creating environment descriptor '/home/meta/Documents/robotics_workspace_new/install/robokpy_interfaces/share/robokpy_interfaces/hook/ld_library_path_lib.dsv'
[15.253s] INFO:colcon.colcon_core.shell:Creating environment hook '/home/meta/Documents/robotics_workspace_new/install/robokpy_interfaces/share/robokpy_interfaces/hook/ld_library_path_lib.sh'
[15.254s] Level 1:colcon.colcon_core.environment:checking '/home/meta/Documents/robotics_workspace_new/install/robokpy_interfaces/bin'
[15.254s] Level 1:colcon.colcon_core.environment:checking '/home/meta/Documents/robotics_workspace_new/install/robokpy_interfaces/lib/pkgconfig/robokpy_interfaces.pc'
[15.255s] Level 1:colcon.colcon_core.environment:checking '/home/meta/Documents/robotics_workspace_new/install/robokpy_interfaces/lib/python3.12/site-packages'
[15.255s] Level 1:colcon.colcon_core.shell:create_environment_hook('robokpy_interfaces', 'pythonpath')
[15.256s] INFO:colcon.colcon_core.shell:Creating environment hook '/home/meta/Documents/robotics_workspace_new/install/robokpy_interfaces/share/robokpy_interfaces/hook/pythonpath.ps1'
[15.256s] INFO:colcon.colcon_core.shell:Creating environment descriptor '/home/meta/Documents/robotics_workspace_new/install/robokpy_interfaces/share/robokpy_interfaces/hook/pythonpath.dsv'
[15.257s] INFO:colcon.colcon_core.shell:Creating environment hook '/home/meta/Documents/robotics_workspace_new/install/robokpy_interfaces/share/robokpy_interfaces/hook/pythonpath.sh'
[15.259s] Level 1:colcon.colcon_core.environment:checking '/home/meta/Documents/robotics_workspace_new/install/robokpy_interfaces/bin'
[15.259s] INFO:colcon.colcon_core.shell:Creating package script '/home/meta/Documents/robotics_workspace_new/install/robokpy_interfaces/share/robokpy_interfaces/package.ps1'
[15.275s] INFO:colcon.colcon_core.shell:Creating package descriptor '/home/meta/Documents/robotics_workspace_new/install/robokpy_interfaces/share/robokpy_interfaces/package.dsv'
[15.276s] INFO:colcon.colcon_core.shell:Creating package script '/home/meta/Documents/robotics_workspace_new/install/robokpy_interfaces/share/robokpy_interfaces/package.sh'
[15.278s] INFO:colcon.colcon_core.shell:Creating package script '/home/meta/Documents/robotics_workspace_new/install/robokpy_interfaces/share/robokpy_interfaces/package.bash'
[15.279s] INFO:colcon.colcon_core.shell:Creating package script '/home/meta/Documents/robotics_workspace_new/install/robokpy_interfaces/share/robokpy_interfaces/package.zsh'
[15.302s] Level 1:colcon.colcon_core.environment:create_file_with_runtime_dependencies(/home/meta/Documents/robotics_workspace_new/install/robokpy_interfaces/share/colcon-core/packages/robokpy_interfaces)
[15.302s] INFO:colcon.colcon_ros.task.ament_python.build:Building ROS package in '/home/meta/Documents/robotics_workspace_new/src/robokpy_controller' with build type 'ament_python'
[15.303s] Level 1:colcon.colcon_core.shell:create_environment_hook('robokpy_controller', 'ament_prefix_path')
[15.303s] INFO:colcon.colcon_core.shell:Creating environment hook '/home/meta/Documents/robotics_workspace_new/install/robokpy_controller/share/robokpy_controller/hook/ament_prefix_path.ps1'
[15.305s] INFO:colcon.colcon_core.shell:Creating environment descriptor '/home/meta/Documents/robotics_workspace_new/install/robokpy_controller/share/robokpy_controller/hook/ament_prefix_path.dsv'
[15.306s] INFO:colcon.colcon_core.shell:Creating environment hook '/home/meta/Documents/robotics_workspace_new/install/robokpy_controller/share/robokpy_controller/hook/ament_prefix_path.sh'
[15.308s] INFO:colcon.colcon_core.shell:Skip shell extension 'powershell' for command environment: Not usable outside of PowerShell
[15.308s] DEBUG:colcon.colcon_core.shell:Skip shell extension 'dsv' for command environment
[15.989s] INFO:colcon.colcon_core.task.python.build:Building Python package in '/home/meta/Documents/robotics_workspace_new/src/robokpy_controller'
[15.989s] INFO:colcon.colcon_core.shell:Skip shell extension 'powershell' for command environment: Not usable outside of PowerShell
[15.989s] DEBUG:colcon.colcon_core.shell:Skip shell extension 'dsv' for command environment
[17.960s] DEBUG:colcon.colcon_core.event_handler.log_command:Invoking command in '/home/meta/Documents/robotics_workspace_new/src/robokpy_controller': DEBUGINFOD_URLS=https://debuginfod.ubuntu.com PYTHONPATH=/home/meta/Documents/robotics_workspace_new/build/robokpy_controller/prefix_override:/usr/lib/python3/dist-packages/colcon_core/task/python/colcon_distutils_commands:/home/meta/Documents/robotics_workspace_new/install/robokpy_controller/lib/python3.12/site-packages:/home/meta/Documents/robotics_workspace_new/install/robokpy_interfaces/lib/python3.12/site-packages:/home/meta/Documents/robotics_workspace_new/install/robokpy_controller/lib/python3.12/site-packages:/home/meta/Documents/robotics_workspace_new/install/robokpy/lib/python3.12/site-packages:/opt/ros/jazzy/lib/python3.12/site-packages /usr/bin/python3 -W ignore:setup.py install is deprecated setup.py egg_info --egg-base ../../build/robokpy_controller build --build-base /home/meta/Documents/robotics_workspace_new/build/robokpy_controller/build install --record /home/meta/Documents/robotics_workspace_new/build/robokpy_controller/install.log --single-version-externally-managed install_data
[19.890s] Level 1:colcon.colcon_core.environment:checking '/home/meta/Documents/robotics_workspace_new/install/robokpy_controller' for CMake module files
[19.891s] DEBUG:colcon.colcon_core.event_handler.log_command:Invoked command in '/home/meta/Documents/robotics_workspace_new/src/robokpy_controller' returned '0': DEBUGINFOD_URLS=https://debuginfod.ubuntu.com PYTHONPATH=/home/meta/Documents/robotics_workspace_new/build/robokpy_controller/prefix_override:/usr/lib/python3/dist-packages/colcon_core/task/python/colcon_distutils_commands:/home/meta/Documents/robotics_workspace_new/install/robokpy_controller/lib/python3.12/site-packages:/home/meta/Documents/robotics_workspace_new/install/robokpy_interfaces/lib/python3.12/site-packages:/home/meta/Documents/robotics_workspace_new/install/robokpy_controller/lib/python3.12/site-packages:/home/meta/Documents/robotics_workspace_new/install/robokpy/lib/python3.12/site-packages:/opt/ros/jazzy/lib/python3.12/site-packages /usr/bin/python3 -W ignore:setup.py install is deprecated setup.py egg_info --egg-base ../../build/robokpy_controller build --build-base /home/meta/Documents/robotics_workspace_new/build/robokpy_controller/build install --record /home/meta/Documents/robotics_workspace_new/build/robokpy_controller/install.log --single-version-externally-managed install_data
[19.893s] Level 1:colcon.colcon_core.environment:checking '/home/meta/Documents/robotics_workspace_new/install/robokpy_controller' for CMake config files
[19.894s] Level 1:colcon.colcon_core.environment:checking '/home/meta/Documents/robotics_workspace_new/install/robokpy_controller/lib'
[19.895s] Level 1:colcon.colcon_core.environment:checking '/home/meta/Documents/robotics_workspace_new/install/robokpy_controller/bin'
[19.895s] Level 1:colcon.colcon_core.environment:checking '/home/meta/Documents/robotics_workspace_new/install/robokpy_controller/lib/pkgconfig/robokpy_controller.pc'
[19.895s] Level 1:colcon.colcon_core.environment:checking '/home/meta/Documents/robotics_workspace_new/install/robokpy_controller/lib/python3.12/site-packages'
[19.896s] Level 1:colcon.colcon_core.shell:create_environment_hook('robokpy_controller', 'pythonpath')
[19.896s] INFO:colcon.colcon_core.shell:Creating environment hook '/home/meta/Documents/robotics_workspace_new/install/robokpy_controller/share/robokpy_controller/hook/pythonpath.ps1'
[19.897s] INFO:colcon.colcon_core.shell:Creating environment descriptor '/home/meta/Documents/robotics_workspace_new/install/robokpy_controller/share/robokpy_controller/hook/pythonpath.dsv'
[19.898s] INFO:colcon.colcon_core.shell:Creating environment hook '/home/meta/Documents/robotics_workspace_new/install/robokpy_controller/share/robokpy_controller/hook/pythonpath.sh'
[19.899s] Level 1:colcon.colcon_core.environment:checking '/home/meta/Documents/robotics_workspace_new/install/robokpy_controller/bin'
[19.900s] Level 1:colcon.colcon_core.environment:create_environment_scripts_only(robokpy_controller)
[19.900s] INFO:colcon.colcon_core.shell:Creating package script '/home/meta/Documents/robotics_workspace_new/install/robokpy_controller/share/robokpy_controller/package.ps1'
[19.901s] INFO:colcon.colcon_core.shell:Creating package descriptor '/home/meta/Documents/robotics_workspace_new/install/robokpy_controller/share/robokpy_controller/package.dsv'
[19.902s] INFO:colcon.colcon_core.shell:Creating package script '/home/meta/Documents/robotics_workspace_new/install/robokpy_controller/share/robokpy_controller/package.sh'
[19.903s] INFO:colcon.colcon_core.shell:Creating package script '/home/meta/Documents/robotics_workspace_new/install/robokpy_controller/share/robokpy_controller/package.bash'
[19.904s] INFO:colcon.colcon_core.shell:Creating package script '/home/meta/Documents/robotics_workspace_new/install/robokpy_controller/share/robokpy_controller/package.zsh'
[19.905s] Level 1:colcon.colcon_core.environment:create_file_with_runtime_dependencies(/home/meta/Documents/robotics_workspace_new/install/robokpy_controller/share/colcon-core/packages/robokpy_controller)
[19.906s] DEBUG:colcon.colcon_parallel_executor.executor.parallel:closing loop
[19.906s] DEBUG:colcon.colcon_parallel_executor.executor.parallel:loop closed
[19.906s] DEBUG:colcon.colcon_parallel_executor.executor.parallel:run_until_complete finished with '0'
[19.906s] DEBUG:colcon.colcon_core.event_reactor:joining thread
[20.016s] INFO:colcon.colcon_core.plugin_system:Skipping extension 'colcon_notification.desktop_notification.terminal_notifier': Not used on non-Darwin systems
[20.017s] INFO:colcon.colcon_core.plugin_system:Skipping extension 'colcon_notification.desktop_notification.win32': Not used on non-Windows systems
[20.017s] INFO:colcon.colcon_notification.desktop_notification:Sending desktop notification using 'notify2'
[20.061s] DEBUG:colcon.colcon_core.event_reactor:joined thread
[20.062s] INFO:colcon.colcon_core.shell:Creating prefix script '/home/meta/Documents/robotics_workspace_new/install/local_setup.ps1'
[20.087s] INFO:colcon.colcon_core.shell:Creating prefix util module '/home/meta/Documents/robotics_workspace_new/install/_local_setup_util_ps1.py'
[20.109s] INFO:colcon.colcon_core.shell:Creating prefix chain script '/home/meta/Documents/robotics_workspace_new/install/setup.ps1'
[20.111s] INFO:colcon.colcon_core.shell:Creating prefix script '/home/meta/Documents/robotics_workspace_new/install/local_setup.sh'
[20.112s] INFO:colcon.colcon_core.shell:Creating prefix util module '/home/meta/Documents/robotics_workspace_new/install/_local_setup_util_sh.py'
[20.113s] INFO:colcon.colcon_core.shell:Creating prefix chain script '/home/meta/Documents/robotics_workspace_new/install/setup.sh'
[20.115s] INFO:colcon.colcon_core.shell:Creating prefix script '/home/meta/Documents/robotics_workspace_new/install/local_setup.bash'
[20.129s] INFO:colcon.colcon_core.shell:Creating prefix chain script '/home/meta/Documents/robotics_workspace_new/install/setup.bash'
[20.131s] INFO:colcon.colcon_core.shell:Creating prefix script '/home/meta/Documents/robotics_workspace_new/install/local_setup.zsh'
[20.150s] INFO:colcon.colcon_core.shell:Creating prefix chain script '/home/meta/Documents/robotics_workspace_new/install/setup.zsh'
