running egg_info
creating ../../../build/mycobot_pi_motus/mycobot_pi_motus.egg-info
writing ../../../build/mycobot_pi_motus/mycobot_pi_motus.egg-info/PKG-INFO
writing dependency_links to ../../../build/mycobot_pi_motus/mycobot_pi_motus.egg-info/dependency_links.txt
writing requirements to ../../../build/mycobot_pi_motus/mycobot_pi_motus.egg-info/requires.txt
writing top-level names to ../../../build/mycobot_pi_motus/mycobot_pi_motus.egg-info/top_level.txt
writing manifest file '../../../build/mycobot_pi_motus/mycobot_pi_motus.egg-info/SOURCES.txt'
reading manifest file '../../../build/mycobot_pi_motus/mycobot_pi_motus.egg-info/SOURCES.txt'
writing manifest file '../../../build/mycobot_pi_motus/mycobot_pi_motus.egg-info/SOURCES.txt'
running build
running build_py
creating /home/meta/Documents/robotics_workspace_new/build/mycobot_pi_motus/build
creating /home/meta/Documents/robotics_workspace_new/build/mycobot_pi_motus/build/lib
creating /home/meta/Documents/robotics_workspace_new/build/mycobot_pi_motus/build/lib/mycobot_pi_motus
copying mycobot_pi_motus/__init__.py -> /home/meta/Documents/robotics_workspace_new/build/mycobot_pi_motus/build/lib/mycobot_pi_motus
running install
running install_lib
creating /home/meta/Documents/robotics_workspace_new/install/mycobot_pi_motus/lib/python3.12/site-packages/mycobot_pi_motus
copying /home/meta/Documents/robotics_workspace_new/build/mycobot_pi_motus/build/lib/mycobot_pi_motus/__init__.py -> /home/meta/Documents/robotics_workspace_new/install/mycobot_pi_motus/lib/python3.12/site-packages/mycobot_pi_motus
byte-compiling /home/meta/Documents/robotics_workspace_new/install/mycobot_pi_motus/lib/python3.12/site-packages/mycobot_pi_motus/__init__.py to __init__.cpython-312.pyc
running install_data
creating /home/meta/Documents/robotics_workspace_new/install/mycobot_pi_motus/share/ament_index
creating /home/meta/Documents/robotics_workspace_new/install/mycobot_pi_motus/share/ament_index/resource_index
creating /home/meta/Documents/robotics_workspace_new/install/mycobot_pi_motus/share/ament_index/resource_index/packages
copying resource/mycobot_pi_motus -> /home/meta/Documents/robotics_workspace_new/install/mycobot_pi_motus/share/ament_index/resource_index/packages
copying package.xml -> /home/meta/Documents/robotics_workspace_new/install/mycobot_pi_motus/share/mycobot_pi_motus
creating /home/meta/Documents/robotics_workspace_new/install/mycobot_pi_motus/share/mycobot_pi_motus/resource
copying ./resource/mycobot_pi_motus -> /home/meta/Documents/robotics_workspace_new/install/mycobot_pi_motus/share/mycobot_pi_motus/resource
creating /home/meta/Documents/robotics_workspace_new/install/mycobot_pi_motus/share/mycobot_pi_motus/urdf
copying ./urdf/mycobot_pi.urdf.xacro -> /home/meta/Documents/robotics_workspace_new/install/mycobot_pi_motus/share/mycobot_pi_motus/urdf
creating /home/meta/Documents/robotics_workspace_new/install/mycobot_pi_motus/share/mycobot_pi_motus/config
copying ./config/controllers.yaml -> /home/meta/Documents/robotics_workspace_new/install/mycobot_pi_motus/share/mycobot_pi_motus/config
copying ./config/robot.yaml -> /home/meta/Documents/robotics_workspace_new/install/mycobot_pi_motus/share/mycobot_pi_motus/config
creating /home/meta/Documents/robotics_workspace_new/install/mycobot_pi_motus/share/mycobot_pi_motus/launch
copying ./launch/mycobot_pi.launch.py -> /home/meta/Documents/robotics_workspace_new/install/mycobot_pi_motus/share/mycobot_pi_motus/launch
creating /home/meta/Documents/robotics_workspace_new/install/mycobot_pi_motus/share/mycobot_pi_motus/meshes
copying ./meshes/camera_flange.dae -> /home/meta/Documents/robotics_workspace_new/install/mycobot_pi_motus/share/mycobot_pi_motus/meshes
copying ./meshes/joint1_pi.dae -> /home/meta/Documents/robotics_workspace_new/install/mycobot_pi_motus/share/mycobot_pi_motus/meshes
copying ./meshes/joint2.dae -> /home/meta/Documents/robotics_workspace_new/install/mycobot_pi_motus/share/mycobot_pi_motus/meshes
copying ./meshes/joint3.dae -> /home/meta/Documents/robotics_workspace_new/install/mycobot_pi_motus/share/mycobot_pi_motus/meshes
copying ./meshes/joint4.dae -> /home/meta/Documents/robotics_workspace_new/install/mycobot_pi_motus/share/mycobot_pi_motus/meshes
copying ./meshes/joint5.dae -> /home/meta/Documents/robotics_workspace_new/install/mycobot_pi_motus/share/mycobot_pi_motus/meshes
copying ./meshes/G_base.dae -> /home/meta/Documents/robotics_workspace_new/install/mycobot_pi_motus/share/mycobot_pi_motus/meshes
copying ./meshes/joint7.dae -> /home/meta/Documents/robotics_workspace_new/install/mycobot_pi_motus/share/mycobot_pi_motus/meshes
copying ./meshes/joint6.dae -> /home/meta/Documents/robotics_workspace_new/install/mycobot_pi_motus/share/mycobot_pi_motus/meshes
running install_egg_info
Copying ../../../build/mycobot_pi_motus/mycobot_pi_motus.egg-info to /home/meta/Documents/robotics_workspace_new/install/mycobot_pi_motus/lib/python3.12/site-packages/mycobot_pi_motus-0.0.0-py3.12.egg-info
running install_scripts
writing list of installed files to '/home/meta/Documents/robotics_workspace_new/build/mycobot_pi_motus/install.log'
