[15.809s] Invoking command in '/home/meta/Documents/robotics_workspace_new/motus_cli': DEBUGINFOD_URLS=https://debuginfod.ubuntu.com PYTHONPATH=/home/meta/Documents/robotics_workspace_new/build/motus_cli/prefix_override:/usr/lib/python3/dist-packages/colcon_core/task/python/colcon_distutils_commands:/home/meta/Documents/robotics_workspace_new/install/motus_cli/lib/python3.12/site-packages:${PYTHONPATH} /usr/bin/python3 -W ignore:setup.py install is deprecated setup.py egg_info --egg-base ../build/motus_cli build --build-base /home/meta/Documents/robotics_workspace_new/build/motus_cli/build install --record /home/meta/Documents/robotics_workspace_new/build/motus_cli/install.log --single-version-externally-managed
[16.827s] running egg_info
[16.827s] creating ../build/motus_cli/motus_cli.egg-info
[16.920s] writing ../build/motus_cli/motus_cli.egg-info/PKG-INFO
[16.921s] writing dependency_links to ../build/motus_cli/motus_cli.egg-info/dependency_links.txt
[16.922s] writing entry points to ../build/motus_cli/motus_cli.egg-info/entry_points.txt
[16.922s] writing requirements to ../build/motus_cli/motus_cli.egg-info/requires.txt
[16.922s] writing top-level names to ../build/motus_cli/motus_cli.egg-info/top_level.txt
[16.923s] writing manifest file '../build/motus_cli/motus_cli.egg-info/SOURCES.txt'
[17.122s] reading manifest file '../build/motus_cli/motus_cli.egg-info/SOURCES.txt'
[17.124s] writing manifest file '../build/motus_cli/motus_cli.egg-info/SOURCES.txt'
[17.125s] running build
[17.125s] running build_py
[17.126s] creating /home/meta/Documents/robotics_workspace_new/build/motus_cli/build
[17.126s] creating /home/meta/Documents/robotics_workspace_new/build/motus_cli/build/lib
[17.126s] creating /home/meta/Documents/robotics_workspace_new/build/motus_cli/build/lib/motus_cli
[17.127s] copying motus_cli/__init__.py -> /home/meta/Documents/robotics_workspace_new/build/motus_cli/build/lib/motus_cli
[17.127s] copying motus_cli/cli.py -> /home/meta/Documents/robotics_workspace_new/build/motus_cli/build/lib/motus_cli
[17.127s] creating /home/meta/Documents/robotics_workspace_new/build/motus_cli/build/lib/motus_cli/builder
[17.128s] copying motus_cli/builder/build_cmd.py -> /home/meta/Documents/robotics_workspace_new/build/motus_cli/build/lib/motus_cli/builder
[17.171s] copying motus_cli/builder/ros2_control_injector.py -> /home/meta/Documents/robotics_workspace_new/build/motus_cli/build/lib/motus_cli/builder
[17.200s] copying motus_cli/builder/dependency_resolver.py -> /home/meta/Documents/robotics_workspace_new/build/motus_cli/build/lib/motus_cli/builder
[17.209s] copying motus_cli/builder/robot_add.py -> /home/meta/Documents/robotics_workspace_new/build/motus_cli/build/lib/motus_cli/builder
[17.224s] copying motus_cli/builder/doctor.py -> /home/meta/Documents/robotics_workspace_new/build/motus_cli/build/lib/motus_cli/builder
[17.224s] copying motus_cli/builder/kinematic_analyzer.py -> /home/meta/Documents/robotics_workspace_new/build/motus_cli/build/lib/motus_cli/builder
[17.224s] copying motus_cli/builder/resource_resolver.py -> /home/meta/Documents/robotics_workspace_new/build/motus_cli/build/lib/motus_cli/builder
[17.246s] copying motus_cli/builder/xacro_support.py -> /home/meta/Documents/robotics_workspace_new/build/motus_cli/build/lib/motus_cli/builder
[17.247s] copying motus_cli/builder/urdf_parser.py -> /home/meta/Documents/robotics_workspace_new/build/motus_cli/build/lib/motus_cli/builder
[17.248s] copying motus_cli/builder/launch_cmd.py -> /home/meta/Documents/robotics_workspace_new/build/motus_cli/build/lib/motus_cli/builder
[17.262s] copying motus_cli/builder/__init__.py -> /home/meta/Documents/robotics_workspace_new/build/motus_cli/build/lib/motus_cli/builder
[17.263s] copying motus_cli/builder/templates.py -> /home/meta/Documents/robotics_workspace_new/build/motus_cli/build/lib/motus_cli/builder
[17.289s] copying motus_cli/builder/package_generator.py -> /home/meta/Documents/robotics_workspace_new/build/motus_cli/build/lib/motus_cli/builder
[17.289s] copying motus_cli/builder/config_generator.py -> /home/meta/Documents/robotics_workspace_new/build/motus_cli/build/lib/motus_cli/builder
[17.314s] running install
[17.328s] running install_lib
[17.464s] creating /home/meta/Documents/robotics_workspace_new/install/motus_cli/lib/python3.12/site-packages/motus_cli
[17.465s] copying /home/meta/Documents/robotics_workspace_new/build/motus_cli/build/lib/motus_cli/__init__.py -> /home/meta/Documents/robotics_workspace_new/install/motus_cli/lib/python3.12/site-packages/motus_cli
[17.466s] creating /home/meta/Documents/robotics_workspace_new/install/motus_cli/lib/python3.12/site-packages/motus_cli/builder
[17.467s] copying /home/meta/Documents/robotics_workspace_new/build/motus_cli/build/lib/motus_cli/builder/build_cmd.py -> /home/meta/Documents/robotics_workspace_new/install/motus_cli/lib/python3.12/site-packages/motus_cli/builder
[17.467s] copying /home/meta/Documents/robotics_workspace_new/build/motus_cli/build/lib/motus_cli/builder/ros2_control_injector.py -> /home/meta/Documents/robotics_workspace_new/install/motus_cli/lib/python3.12/site-packages/motus_cli/builder
[17.467s] copying /home/meta/Documents/robotics_workspace_new/build/motus_cli/build/lib/motus_cli/builder/dependency_resolver.py -> /home/meta/Documents/robotics_workspace_new/install/motus_cli/lib/python3.12/site-packages/motus_cli/builder
[17.468s] copying /home/meta/Documents/robotics_workspace_new/build/motus_cli/build/lib/motus_cli/builder/robot_add.py -> /home/meta/Documents/robotics_workspace_new/install/motus_cli/lib/python3.12/site-packages/motus_cli/builder
[17.468s] copying /home/meta/Documents/robotics_workspace_new/build/motus_cli/build/lib/motus_cli/builder/doctor.py -> /home/meta/Documents/robotics_workspace_new/install/motus_cli/lib/python3.12/site-packages/motus_cli/builder
[17.469s] copying /home/meta/Documents/robotics_workspace_new/build/motus_cli/build/lib/motus_cli/builder/kinematic_analyzer.py -> /home/meta/Documents/robotics_workspace_new/install/motus_cli/lib/python3.12/site-packages/motus_cli/builder
[17.469s] copying /home/meta/Documents/robotics_workspace_new/build/motus_cli/build/lib/motus_cli/builder/resource_resolver.py -> /home/meta/Documents/robotics_workspace_new/install/motus_cli/lib/python3.12/site-packages/motus_cli/builder
[17.470s] copying /home/meta/Documents/robotics_workspace_new/build/motus_cli/build/lib/motus_cli/builder/xacro_support.py -> /home/meta/Documents/robotics_workspace_new/install/motus_cli/lib/python3.12/site-packages/motus_cli/builder
[17.470s] copying /home/meta/Documents/robotics_workspace_new/build/motus_cli/build/lib/motus_cli/builder/urdf_parser.py -> /home/meta/Documents/robotics_workspace_new/install/motus_cli/lib/python3.12/site-packages/motus_cli/builder
[17.470s] copying /home/meta/Documents/robotics_workspace_new/build/motus_cli/build/lib/motus_cli/builder/launch_cmd.py -> /home/meta/Documents/robotics_workspace_new/install/motus_cli/lib/python3.12/site-packages/motus_cli/builder
[17.471s] copying /home/meta/Documents/robotics_workspace_new/build/motus_cli/build/lib/motus_cli/builder/__init__.py -> /home/meta/Documents/robotics_workspace_new/install/motus_cli/lib/python3.12/site-packages/motus_cli/builder
[17.471s] copying /home/meta/Documents/robotics_workspace_new/build/motus_cli/build/lib/motus_cli/builder/templates.py -> /home/meta/Documents/robotics_workspace_new/install/motus_cli/lib/python3.12/site-packages/motus_cli/builder
[17.472s] copying /home/meta/Documents/robotics_workspace_new/build/motus_cli/build/lib/motus_cli/builder/package_generator.py -> /home/meta/Documents/robotics_workspace_new/install/motus_cli/lib/python3.12/site-packages/motus_cli/builder
[17.472s] copying /home/meta/Documents/robotics_workspace_new/build/motus_cli/build/lib/motus_cli/builder/config_generator.py -> /home/meta/Documents/robotics_workspace_new/install/motus_cli/lib/python3.12/site-packages/motus_cli/builder
[17.472s] copying /home/meta/Documents/robotics_workspace_new/build/motus_cli/build/lib/motus_cli/cli.py -> /home/meta/Documents/robotics_workspace_new/install/motus_cli/lib/python3.12/site-packages/motus_cli
[17.474s] byte-compiling /home/meta/Documents/robotics_workspace_new/install/motus_cli/lib/python3.12/site-packages/motus_cli/__init__.py to __init__.cpython-312.pyc
[17.474s] byte-compiling /home/meta/Documents/robotics_workspace_new/install/motus_cli/lib/python3.12/site-packages/motus_cli/builder/build_cmd.py to build_cmd.cpython-312.pyc
[17.477s] byte-compiling /home/meta/Documents/robotics_workspace_new/install/motus_cli/lib/python3.12/site-packages/motus_cli/builder/ros2_control_injector.py to ros2_control_injector.cpython-312.pyc
[17.480s] byte-compiling /home/meta/Documents/robotics_workspace_new/install/motus_cli/lib/python3.12/site-packages/motus_cli/builder/dependency_resolver.py to dependency_resolver.cpython-312.pyc
[17.483s] byte-compiling /home/meta/Documents/robotics_workspace_new/install/motus_cli/lib/python3.12/site-packages/motus_cli/builder/robot_add.py to robot_add.cpython-312.pyc
[17.487s] byte-compiling /home/meta/Documents/robotics_workspace_new/install/motus_cli/lib/python3.12/site-packages/motus_cli/builder/doctor.py to doctor.cpython-312.pyc
[17.491s] byte-compiling /home/meta/Documents/robotics_workspace_new/install/motus_cli/lib/python3.12/site-packages/motus_cli/builder/kinematic_analyzer.py to kinematic_analyzer.cpython-312.pyc
[17.495s] byte-compiling /home/meta/Documents/robotics_workspace_new/install/motus_cli/lib/python3.12/site-packages/motus_cli/builder/resource_resolver.py to resource_resolver.cpython-312.pyc
[17.497s] byte-compiling /home/meta/Documents/robotics_workspace_new/install/motus_cli/lib/python3.12/site-packages/motus_cli/builder/xacro_support.py to xacro_support.cpython-312.pyc
[17.499s] byte-compiling /home/meta/Documents/robotics_workspace_new/install/motus_cli/lib/python3.12/site-packages/motus_cli/builder/urdf_parser.py to urdf_parser.cpython-312.pyc
[17.503s] byte-compiling /home/meta/Documents/robotics_workspace_new/install/motus_cli/lib/python3.12/site-packages/motus_cli/builder/launch_cmd.py to launch_cmd.cpython-312.pyc
[17.504s] byte-compiling /home/meta/Documents/robotics_workspace_new/install/motus_cli/lib/python3.12/site-packages/motus_cli/builder/__init__.py to __init__.cpython-312.pyc
[17.505s] byte-compiling /home/meta/Documents/robotics_workspace_new/install/motus_cli/lib/python3.12/site-packages/motus_cli/builder/templates.py to templates.cpython-312.pyc
[17.505s] byte-compiling /home/meta/Documents/robotics_workspace_new/install/motus_cli/lib/python3.12/site-packages/motus_cli/builder/package_generator.py to package_generator.cpython-312.pyc
[17.508s] byte-compiling /home/meta/Documents/robotics_workspace_new/install/motus_cli/lib/python3.12/site-packages/motus_cli/builder/config_generator.py to config_generator.cpython-312.pyc
[17.510s] byte-compiling /home/meta/Documents/robotics_workspace_new/install/motus_cli/lib/python3.12/site-packages/motus_cli/cli.py to cli.cpython-312.pyc
[17.514s] running install_egg_info
[17.619s] Copying ../build/motus_cli/motus_cli.egg-info to /home/meta/Documents/robotics_workspace_new/install/motus_cli/lib/python3.12/site-packages/motus_cli-0.1.0-py3.12.egg-info
[17.620s] running install_scripts
[18.181s] Installing motus script to /home/meta/Documents/robotics_workspace_new/install/motus_cli/bin
[18.183s] writing list of installed files to '/home/meta/Documents/robotics_workspace_new/build/motus_cli/install.log'
[18.258s] Invoked command in '/home/meta/Documents/robotics_workspace_new/motus_cli' returned '0': DEBUGINFOD_URLS=https://debuginfod.ubuntu.com PYTHONPATH=/home/meta/Documents/robotics_workspace_new/build/motus_cli/prefix_override:/usr/lib/python3/dist-packages/colcon_core/task/python/colcon_distutils_commands:/home/meta/Documents/robotics_workspace_new/install/motus_cli/lib/python3.12/site-packages:${PYTHONPATH} /usr/bin/python3 -W ignore:setup.py install is deprecated setup.py egg_info --egg-base ../build/motus_cli build --build-base /home/meta/Documents/robotics_workspace_new/build/motus_cli/build install --record /home/meta/Documents/robotics_workspace_new/build/motus_cli/install.log --single-version-externally-managed
