[0.883s] Invoking command in '/home/meta/Documents/robotics_workspace_new/build/mycobot_interfaces': CMAKE_PREFIX_PATH=${CMAKE_PREFIX_PATH}:/home/meta/Documents/robotics_workspace_new/install/mycobot_280_pi_motus:/home/meta/Documents/robotics_workspace_new/install/ur5e_test_motus:/home/meta/Documents/robotics_workspace_new/install/ultraarm:/home/meta/Documents/robotics_workspace_new/install/mycobot_pi_motus:/home/meta/Documents/robotics_workspace_new/install/robokpy_controller:/home/meta/Documents/robotics_workspace_new/install/robokpy:/home/meta/Documents/robotics_workspace_new/install/pro450_moveit2_control:/home/meta/Documents/robotics_workspace_new/install/mypalletizer_communication:/home/meta/Documents/robotics_workspace_new/install/mypalletizer_260_pi:/home/meta/Documents/robotics_workspace_new/install/mypalletizer_260:/home/meta/Documents/robotics_workspace_new/install/mycobot_pro_450:/home/meta/Documents/robotics_workspace_new/install/myarm_m750:/home/meta/Documents/robotics_workspace_new/install/myarm_c650:/home/meta/Documents/robotics_workspace_new/install/mycobot_communication:/home/meta/Documents/robotics_workspace_new/install/mecharm_communication:/home/meta/Documents/robotics_workspace_new/install/mycobot_630:/home/meta/Documents/robotics_workspace_new/install/mycobot_600:/home/meta/Documents/robotics_workspace_new/install/mycobot_320pi:/home/meta/Documents/robotics_workspace_new/install/mycobot_320_riscv:/home/meta/Documents/robotics_workspace_new/install/mycobot_320:/home/meta/Documents/robotics_workspace_new/install/mycobot_280pi:/home/meta/Documents/robotics_workspace_new/install/mycobot_280jn:/home/meta/Documents/robotics_workspace_new/install/mycobot_280_x3pi:/home/meta/Documents/robotics_workspace_new/install/mycobot_280_riscv:/home/meta/Documents/robotics_workspace_new/install/mycobot_280_rdkx5:/home/meta/Documents/robotics_workspace_new/install/mycobot_280_moveit2_control:/home/meta/Documents/robotics_workspace_new/install/mycobot_280_arduino:/home/meta/Documents/robotics_workspace_new/install/mycobot_280:/home/meta/Documents/robotics_workspace_new/install/mybuddy:/home/meta/Documents/robotics_workspace_new/install/myarm_300:/home/meta/Documents/robotics_workspace_new/install/mecharm_pi:/home/meta/Documents/robotics_workspace_new/install/mecharm:/home/meta/Documents/robotics_workspace_new/install/mycobot_description:/home/meta/Documents/robotics_workspace_new/mycobot_pi/install/mycobot_pi_motus:/opt/ros/jazzy DEBUGINFOD_URLS=https://debuginfod.ubuntu.com /bin/cmake /home/meta/Documents/robotics_workspace_new/mycobot_ros2/mycobot_280/mycobot_interfaces -DCMAKE_INSTALL_PREFIX=/home/meta/Documents/robotics_workspace_new/install/mycobot_interfaces
[3.445s] -- The C compiler identification is GNU 13.2.0
[5.740s] -- The CXX compiler identification is GNU 13.2.0
[6.105s] -- Detecting C compiler ABI info
[6.942s] -- Detecting C compiler ABI info - done
[6.984s] -- Check for working C compiler: /bin/cc - skipped
[6.985s] -- Detecting C compile features
[6.997s] -- Detecting C compile features - done
[7.110s] -- Detecting CXX compiler ABI info
[7.496s] -- Detecting CXX compiler ABI info - done
[7.544s] -- Check for working CXX compiler: /bin/c++ - skipped
[7.545s] -- Detecting CXX compile features
[7.547s] -- Detecting CXX compile features - done
[7.747s] -- Found ament_cmake: 2.5.2 (/opt/ros/jazzy/share/ament_cmake/cmake)
[9.261s] -- Found Python3: /bin/python3 (found version "3.12.3") found components: Interpreter 
[10.352s] -- Found rosidl_default_generators: 1.6.0 (/opt/ros/jazzy/share/rosidl_default_generators/cmake)
[10.486s] -- Using all available rosidl_typesupport_c: rosidl_typesupport_fastrtps_c;rosidl_typesupport_introspection_c
[11.062s] -- Using all available rosidl_typesupport_cpp: rosidl_typesupport_fastrtps_cpp;rosidl_typesupport_introspection_cpp
[11.457s] -- Found rosidl_adapter: 4.6.3 (/opt/ros/jazzy/share/rosidl_adapter/cmake)
[11.534s] -- Found rclpy: 7.1.11 (/opt/ros/jazzy/share/rclpy/cmake)
[11.590s] -- Found std_msgs: 5.3.5 (/opt/ros/jazzy/share/std_msgs/cmake)
[16.412s] -- Found ament_cmake_ros: 0.12.0 (/opt/ros/jazzy/share/ament_cmake_ros/cmake)
[19.820s] -- Using all available rosidl_typesupport_c: rosidl_typesupport_fastrtps_c;rosidl_typesupport_introspection_c
[24.116s] -- Using all available rosidl_typesupport_cpp: rosidl_typesupport_fastrtps_cpp;rosidl_typesupport_introspection_cpp
[24.159s] -- Found python_cmake_module: 0.11.1 (/opt/ros/jazzy/share/python_cmake_module/cmake)
[25.158s] -- Found PythonExtra: /bin/python3  
[27.968s] -- Found Python3: /bin/python3 (found version "3.12.3") found components: Interpreter Development NumPy Development.Module Development.Embed 
[28.499s] -- Found ament_lint_auto: 0.17.1 (/opt/ros/jazzy/share/ament_lint_auto/cmake)
[29.300s] -- Added test 'copyright' to check source files copyright and LICENSE
[29.379s] -- Added test 'lint_cmake' to check CMake code style
[29.403s] -- Added test 'xmllint' to check XML markup files
[29.426s] -- Configuring done (28.2s)
[30.520s] -- Generating done (1.0s)
[30.548s] -- Build files have been written to: /home/meta/Documents/robotics_workspace_new/build/mycobot_interfaces
[30.612s] Invoked command in '/home/meta/Documents/robotics_workspace_new/build/mycobot_interfaces' returned '0': CMAKE_PREFIX_PATH=${CMAKE_PREFIX_PATH}:/home/meta/Documents/robotics_workspace_new/install/mycobot_280_pi_motus:/home/meta/Documents/robotics_workspace_new/install/ur5e_test_motus:/home/meta/Documents/robotics_workspace_new/install/ultraarm:/home/meta/Documents/robotics_workspace_new/install/mycobot_pi_motus:/home/meta/Documents/robotics_workspace_new/install/robokpy_controller:/home/meta/Documents/robotics_workspace_new/install/robokpy:/home/meta/Documents/robotics_workspace_new/install/pro450_moveit2_control:/home/meta/Documents/robotics_workspace_new/install/mypalletizer_communication:/home/meta/Documents/robotics_workspace_new/install/mypalletizer_260_pi:/home/meta/Documents/robotics_workspace_new/install/mypalletizer_260:/home/meta/Documents/robotics_workspace_new/install/mycobot_pro_450:/home/meta/Documents/robotics_workspace_new/install/myarm_m750:/home/meta/Documents/robotics_workspace_new/install/myarm_c650:/home/meta/Documents/robotics_workspace_new/install/mycobot_communication:/home/meta/Documents/robotics_workspace_new/install/mecharm_communication:/home/meta/Documents/robotics_workspace_new/install/mycobot_630:/home/meta/Documents/robotics_workspace_new/install/mycobot_600:/home/meta/Documents/robotics_workspace_new/install/mycobot_320pi:/home/meta/Documents/robotics_workspace_new/install/mycobot_320_riscv:/home/meta/Documents/robotics_workspace_new/install/mycobot_320:/home/meta/Documents/robotics_workspace_new/install/mycobot_280pi:/home/meta/Documents/robotics_workspace_new/install/mycobot_280jn:/home/meta/Documents/robotics_workspace_new/install/mycobot_280_x3pi:/home/meta/Documents/robotics_workspace_new/install/mycobot_280_riscv:/home/meta/Documents/robotics_workspace_new/install/mycobot_280_rdkx5:/home/meta/Documents/robotics_workspace_new/install/mycobot_280_moveit2_control:/home/meta/Documents/robotics_workspace_new/install/mycobot_280_arduino:/home/meta/Documents/robotics_workspace_new/install/mycobot_280:/home/meta/Documents/robotics_workspace_new/install/mybuddy:/home/meta/Documents/robotics_workspace_new/install/myarm_300:/home/meta/Documents/robotics_workspace_new/install/mecharm_pi:/home/meta/Documents/robotics_workspace_new/install/mecharm:/home/meta/Documents/robotics_workspace_new/install/mycobot_description:/home/meta/Documents/robotics_workspace_new/mycobot_pi/install/mycobot_pi_motus:/opt/ros/jazzy DEBUGINFOD_URLS=https://debuginfod.ubuntu.com /bin/cmake /home/meta/Documents/robotics_workspace_new/mycobot_ros2/mycobot_280/mycobot_interfaces -DCMAKE_INSTALL_PREFIX=/home/meta/Documents/robotics_workspace_new/install/mycobot_interfaces
[30.615s] Invoking command in '/home/meta/Documents/robotics_workspace_new/build/mycobot_interfaces': CMAKE_PREFIX_PATH=${CMAKE_PREFIX_PATH}:/home/meta/Documents/robotics_workspace_new/install/mycobot_280_pi_motus:/home/meta/Documents/robotics_workspace_new/install/ur5e_test_motus:/home/meta/Documents/robotics_workspace_new/install/ultraarm:/home/meta/Documents/robotics_workspace_new/install/mycobot_pi_motus:/home/meta/Documents/robotics_workspace_new/install/robokpy_controller:/home/meta/Documents/robotics_workspace_new/install/robokpy:/home/meta/Documents/robotics_workspace_new/install/pro450_moveit2_control:/home/meta/Documents/robotics_workspace_new/install/mypalletizer_communication:/home/meta/Documents/robotics_workspace_new/install/mypalletizer_260_pi:/home/meta/Documents/robotics_workspace_new/install/mypalletizer_260:/home/meta/Documents/robotics_workspace_new/install/mycobot_pro_450:/home/meta/Documents/robotics_workspace_new/install/myarm_m750:/home/meta/Documents/robotics_workspace_new/install/myarm_c650:/home/meta/Documents/robotics_workspace_new/install/mycobot_communication:/home/meta/Documents/robotics_workspace_new/install/mecharm_communication:/home/meta/Documents/robotics_workspace_new/install/mycobot_630:/home/meta/Documents/robotics_workspace_new/install/mycobot_600:/home/meta/Documents/robotics_workspace_new/install/mycobot_320pi:/home/meta/Documents/robotics_workspace_new/install/mycobot_320_riscv:/home/meta/Documents/robotics_workspace_new/install/mycobot_320:/home/meta/Documents/robotics_workspace_new/install/mycobot_280pi:/home/meta/Documents/robotics_workspace_new/install/mycobot_280jn:/home/meta/Documents/robotics_workspace_new/install/mycobot_280_x3pi:/home/meta/Documents/robotics_workspace_new/install/mycobot_280_riscv:/home/meta/Documents/robotics_workspace_new/install/mycobot_280_rdkx5:/home/meta/Documents/robotics_workspace_new/install/mycobot_280_moveit2_control:/home/meta/Documents/robotics_workspace_new/install/mycobot_280_arduino:/home/meta/Documents/robotics_workspace_new/install/mycobot_280:/home/meta/Documents/robotics_workspace_new/install/mybuddy:/home/meta/Documents/robotics_workspace_new/install/myarm_300:/home/meta/Documents/robotics_workspace_new/install/mecharm_pi:/home/meta/Documents/robotics_workspace_new/install/mecharm:/home/meta/Documents/robotics_workspace_new/install/mycobot_description:/home/meta/Documents/robotics_workspace_new/mycobot_pi/install/mycobot_pi_motus:/opt/ros/jazzy DEBUGINFOD_URLS=https://debuginfod.ubuntu.com /bin/cmake --build /home/meta/Documents/robotics_workspace_new/build/mycobot_interfaces -- -j4 -l4
[30.876s] [  1%] Built target mycobot_interfaces__rosidl_generator_type_description
[31.610s] [  1%] Built target ament_cmake_python_copy_mycobot_interfaces
[32.762s] [ 27%] Built target mycobot_interfaces__rosidl_generator_c
[34.499s] running egg_info
[34.684s] writing mycobot_interfaces.egg-info/PKG-INFO
[34.709s] writing dependency_links to mycobot_interfaces.egg-info/dependency_links.txt
[34.710s] writing top-level names to mycobot_interfaces.egg-info/top_level.txt
[35.254s] reading manifest file 'mycobot_interfaces.egg-info/SOURCES.txt'
[35.266s] writing manifest file 'mycobot_interfaces.egg-info/SOURCES.txt'
[35.380s] [ 27%] Built target ament_cmake_python_build_mycobot_interfaces_egg
[35.543s] [ 37%] Built target mycobot_interfaces__rosidl_typesupport_introspection_c
[35.681s] [ 47%] Built target mycobot_interfaces__rosidl_typesupport_c
[35.989s] [ 57%] Built target mycobot_interfaces__rosidl_typesupport_fastrtps_c
[36.060s] [ 57%] Built target mycobot_interfaces__cpp
[36.486s] [ 66%] Built target mycobot_interfaces__rosidl_typesupport_cpp
[36.648s] [ 75%] Built target mycobot_interfaces__rosidl_typesupport_introspection_cpp
[36.992s] [ 85%] Built target mycobot_interfaces__rosidl_typesupport_fastrtps_cpp
[37.046s] [ 85%] Built target mycobot_interfaces
[37.116s] [ 86%] Built target mycobot_interfaces__py
[37.322s] [ 95%] Built target mycobot_interfaces__rosidl_generator_py
[37.444s] [ 96%] Built target mycobot_interfaces_s__rosidl_typesupport_fastrtps_c
[37.609s] [ 98%] Built target mycobot_interfaces_s__rosidl_typesupport_c
[37.728s] [100%] Built target mycobot_interfaces_s__rosidl_typesupport_introspection_c
[37.767s] Invoked command in '/home/meta/Documents/robotics_workspace_new/build/mycobot_interfaces' returned '0': CMAKE_PREFIX_PATH=${CMAKE_PREFIX_PATH}:/home/meta/Documents/robotics_workspace_new/install/mycobot_280_pi_motus:/home/meta/Documents/robotics_workspace_new/install/ur5e_test_motus:/home/meta/Documents/robotics_workspace_new/install/ultraarm:/home/meta/Documents/robotics_workspace_new/install/mycobot_pi_motus:/home/meta/Documents/robotics_workspace_new/install/robokpy_controller:/home/meta/Documents/robotics_workspace_new/install/robokpy:/home/meta/Documents/robotics_workspace_new/install/pro450_moveit2_control:/home/meta/Documents/robotics_workspace_new/install/mypalletizer_communication:/home/meta/Documents/robotics_workspace_new/install/mypalletizer_260_pi:/home/meta/Documents/robotics_workspace_new/install/mypalletizer_260:/home/meta/Documents/robotics_workspace_new/install/mycobot_pro_450:/home/meta/Documents/robotics_workspace_new/install/myarm_m750:/home/meta/Documents/robotics_workspace_new/install/myarm_c650:/home/meta/Documents/robotics_workspace_new/install/mycobot_communication:/home/meta/Documents/robotics_workspace_new/install/mecharm_communication:/home/meta/Documents/robotics_workspace_new/install/mycobot_630:/home/meta/Documents/robotics_workspace_new/install/mycobot_600:/home/meta/Documents/robotics_workspace_new/install/mycobot_320pi:/home/meta/Documents/robotics_workspace_new/install/mycobot_320_riscv:/home/meta/Documents/robotics_workspace_new/install/mycobot_320:/home/meta/Documents/robotics_workspace_new/install/mycobot_280pi:/home/meta/Documents/robotics_workspace_new/install/mycobot_280jn:/home/meta/Documents/robotics_workspace_new/install/mycobot_280_x3pi:/home/meta/Documents/robotics_workspace_new/install/mycobot_280_riscv:/home/meta/Documents/robotics_workspace_new/install/mycobot_280_rdkx5:/home/meta/Documents/robotics_workspace_new/install/mycobot_280_moveit2_control:/home/meta/Documents/robotics_workspace_new/install/mycobot_280_arduino:/home/meta/Documents/robotics_workspace_new/install/mycobot_280:/home/meta/Documents/robotics_workspace_new/install/mybuddy:/home/meta/Documents/robotics_workspace_new/install/myarm_300:/home/meta/Documents/robotics_workspace_new/install/mecharm_pi:/home/meta/Documents/robotics_workspace_new/install/mecharm:/home/meta/Documents/robotics_workspace_new/install/mycobot_description:/home/meta/Documents/robotics_workspace_new/mycobot_pi/install/mycobot_pi_motus:/opt/ros/jazzy DEBUGINFOD_URLS=https://debuginfod.ubuntu.com /bin/cmake --build /home/meta/Documents/robotics_workspace_new/build/mycobot_interfaces -- -j4 -l4
[39.147s] Invoking command in '/home/meta/Documents/robotics_workspace_new/build/mycobot_interfaces': CMAKE_PREFIX_PATH=${CMAKE_PREFIX_PATH}:/home/meta/Documents/robotics_workspace_new/install/mycobot_280_pi_motus:/home/meta/Documents/robotics_workspace_new/install/ur5e_test_motus:/home/meta/Documents/robotics_workspace_new/install/ultraarm:/home/meta/Documents/robotics_workspace_new/install/mycobot_pi_motus:/home/meta/Documents/robotics_workspace_new/install/robokpy_controller:/home/meta/Documents/robotics_workspace_new/install/robokpy:/home/meta/Documents/robotics_workspace_new/install/pro450_moveit2_control:/home/meta/Documents/robotics_workspace_new/install/mypalletizer_communication:/home/meta/Documents/robotics_workspace_new/install/mypalletizer_260_pi:/home/meta/Documents/robotics_workspace_new/install/mypalletizer_260:/home/meta/Documents/robotics_workspace_new/install/mycobot_pro_450:/home/meta/Documents/robotics_workspace_new/install/myarm_m750:/home/meta/Documents/robotics_workspace_new/install/myarm_c650:/home/meta/Documents/robotics_workspace_new/install/mycobot_communication:/home/meta/Documents/robotics_workspace_new/install/mecharm_communication:/home/meta/Documents/robotics_workspace_new/install/mycobot_630:/home/meta/Documents/robotics_workspace_new/install/mycobot_600:/home/meta/Documents/robotics_workspace_new/install/mycobot_320pi:/home/meta/Documents/robotics_workspace_new/install/mycobot_320_riscv:/home/meta/Documents/robotics_workspace_new/install/mycobot_320:/home/meta/Documents/robotics_workspace_new/install/mycobot_280pi:/home/meta/Documents/robotics_workspace_new/install/mycobot_280jn:/home/meta/Documents/robotics_workspace_new/install/mycobot_280_x3pi:/home/meta/Documents/robotics_workspace_new/install/mycobot_280_riscv:/home/meta/Documents/robotics_workspace_new/install/mycobot_280_rdkx5:/home/meta/Documents/robotics_workspace_new/install/mycobot_280_moveit2_control:/home/meta/Documents/robotics_workspace_new/install/mycobot_280_arduino:/home/meta/Documents/robotics_workspace_new/install/mycobot_280:/home/meta/Documents/robotics_workspace_new/install/mybuddy:/home/meta/Documents/robotics_workspace_new/install/myarm_300:/home/meta/Documents/robotics_workspace_new/install/mecharm_pi:/home/meta/Documents/robotics_workspace_new/install/mecharm:/home/meta/Documents/robotics_workspace_new/install/mycobot_description:/home/meta/Documents/robotics_workspace_new/mycobot_pi/install/mycobot_pi_motus:/opt/ros/jazzy DEBUGINFOD_URLS=https://debuginfod.ubuntu.com /bin/cmake --install /home/meta/Documents/robotics_workspace_new/build/mycobot_interfaces
[39.192s] -- Install configuration: ""
[39.192s] -- Up-to-date: /home/meta/Documents/robotics_workspace_new/install/mycobot_interfaces/share/ament_index/resource_index/rosidl_interfaces/mycobot_interfaces
[39.192s] -- Up-to-date: /home/meta/Documents/robotics_workspace_new/install/mycobot_interfaces/share/mycobot_interfaces/msg/MycobotAngles.json
[39.192s] -- Up-to-date: /home/meta/Documents/robotics_workspace_new/install/mycobot_interfaces/share/mycobot_interfaces/msg/MycobotCoords.json
[39.193s] -- Up-to-date: /home/meta/Documents/robotics_workspace_new/install/mycobot_interfaces/share/mycobot_interfaces/msg/MycobotSetAngles.json
[39.193s] -- Up-to-date: /home/meta/Documents/robotics_workspace_new/install/mycobot_interfaces/share/mycobot_interfaces/msg/MycobotSetCoords.json
[39.193s] -- Up-to-date: /home/meta/Documents/robotics_workspace_new/install/mycobot_interfaces/share/mycobot_interfaces/msg/MycobotGripperStatus.json
[39.194s] -- Up-to-date: /home/meta/Documents/robotics_workspace_new/install/mycobot_interfaces/share/mycobot_interfaces/msg/MycobotPumpStatus.json
[39.194s] -- Up-to-date: /home/meta/Documents/robotics_workspace_new/install/mycobot_interfaces/share/mycobot_interfaces/srv/GetAngles.json
[39.194s] -- Up-to-date: /home/meta/Documents/robotics_workspace_new/install/mycobot_interfaces/share/mycobot_interfaces/srv/SetAngles.json
[39.194s] -- Up-to-date: /home/meta/Documents/robotics_workspace_new/install/mycobot_interfaces/share/mycobot_interfaces/srv/GetCoords.json
[39.195s] -- Up-to-date: /home/meta/Documents/robotics_workspace_new/install/mycobot_interfaces/share/mycobot_interfaces/srv/SetCoords.json
[39.195s] -- Up-to-date: /home/meta/Documents/robotics_workspace_new/install/mycobot_interfaces/share/mycobot_interfaces/srv/GripperStatus.json
[39.195s] -- Up-to-date: /home/meta/Documents/robotics_workspace_new/install/mycobot_interfaces/share/mycobot_interfaces/srv/PumpStatus.json
[39.195s] -- Up-to-date: /home/meta/Documents/robotics_workspace_new/install/mycobot_interfaces/include/mycobot_interfaces/mycobot_interfaces
[39.196s] -- Up-to-date: /home/meta/Documents/robotics_workspace_new/install/mycobot_interfaces/include/mycobot_interfaces/mycobot_interfaces/srv
[39.196s] -- Up-to-date: /home/meta/Documents/robotics_workspace_new/install/mycobot_interfaces/include/mycobot_interfaces/mycobot_interfaces/srv/pump_status.h
[39.197s] -- Up-to-date: /home/meta/Documents/robotics_workspace_new/install/mycobot_interfaces/include/mycobot_interfaces/mycobot_interfaces/srv/detail
[39.197s] -- Up-to-date: /home/meta/Documents/robotics_workspace_new/install/mycobot_interfaces/include/mycobot_interfaces/mycobot_interfaces/srv/detail/get_coords__functions.h
[39.197s] -- Installing: /home/meta/Documents/robotics_workspace_new/install/mycobot_interfaces/include/mycobot_interfaces/mycobot_interfaces/srv/detail/get_coords__type_support.c
[39.198s] -- Up-to-date: /home/meta/Documents/robotics_workspace_new/install/mycobot_interfaces/include/mycobot_interfaces/mycobot_interfaces/srv/detail/get_angles__type_support.h
[39.198s] -- Up-to-date: /home/meta/Documents/robotics_workspace_new/install/mycobot_interfaces/include/mycobot_interfaces/mycobot_interfaces/srv/detail/get_coords__type_support.h
[39.198s] -- Up-to-date: /home/meta/Documents/robotics_workspace_new/install/mycobot_interfaces/include/mycobot_interfaces/mycobot_interfaces/srv/detail/gripper_status__functions.c
[39.199s] -- Up-to-date: /home/meta/Documents/robotics_workspace_new/install/mycobot_interfaces/include/mycobot_interfaces/mycobot_interfaces/srv/detail/set_angles__struct.h
[39.199s] -- Up-to-date: /home/meta/Documents/robotics_workspace_new/install/mycobot_interfaces/include/mycobot_interfaces/mycobot_interfaces/srv/detail/gripper_status__description.c
[39.199s] -- Up-to-date: /home/meta/Documents/robotics_workspace_new/install/mycobot_interfaces/include/mycobot_interfaces/mycobot_interfaces/srv/detail/get_angles__functions.c
[39.200s] -- Installing: /home/meta/Documents/robotics_workspace_new/install/mycobot_interfaces/include/mycobot_interfaces/mycobot_interfaces/srv/detail/get_angles__type_support.c
[39.200s] -- Up-to-date: /home/meta/Documents/robotics_workspace_new/install/mycobot_interfaces/include/mycobot_interfaces/mycobot_interfaces/srv/detail/gripper_status__type_support.h
[39.201s] -- Up-to-date: /home/meta/Documents/robotics_workspace_new/install/mycobot_interfaces/include/mycobot_interfaces/mycobot_interfaces/srv/detail/get_coords__functions.c
[39.201s] -- Installing: /home/meta/Documents/robotics_workspace_new/install/mycobot_interfaces/include/mycobot_interfaces/mycobot_interfaces/srv/detail/set_angles__type_support.c
[39.221s] -- Up-to-date: /home/meta/Documents/robotics_workspace_new/install/mycobot_interfaces/include/mycobot_interfaces/mycobot_interfaces/srv/detail/pump_status__description.c
[39.221s] -- Up-to-date: /home/meta/Documents/robotics_workspace_new/install/mycobot_interfaces/include/mycobot_interfaces/mycobot_interfaces/srv/detail/get_angles__description.c
[39.222s] -- Installing: /home/meta/Documents/robotics_workspace_new/install/mycobot_interfaces/include/mycobot_interfaces/mycobot_interfaces/srv/detail/set_coords__type_support.c
[39.222s] -- Up-to-date: /home/meta/Documents/robotics_workspace_new/install/mycobot_interfaces/include/mycobot_interfaces/mycobot_interfaces/srv/detail/get_angles__functions.h
[39.223s] -- Up-to-date: /home/meta/Documents/robotics_workspace_new/install/mycobot_interfaces/include/mycobot_interfaces/mycobot_interfaces/srv/detail/set_coords__functions.h
[39.223s] -- Up-to-date: /home/meta/Documents/robotics_workspace_new/install/mycobot_interfaces/include/mycobot_interfaces/mycobot_interfaces/srv/detail/get_coords__description.c
[39.226s] -- Up-to-date: /home/meta/Documents/robotics_workspace_new/install/mycobot_interfaces/include/mycobot_interfaces/mycobot_interfaces/srv/detail/set_angles__functions.h
[39.226s] -- Up-to-date: /home/meta/Documents/robotics_workspace_new/install/mycobot_interfaces/include/mycobot_interfaces/mycobot_interfaces/srv/detail/set_angles__description.c
[39.227s] -- Up-to-date: /home/meta/Documents/robotics_workspace_new/install/mycobot_interfaces/include/mycobot_interfaces/mycobot_interfaces/srv/detail/gripper_status__struct.h
[39.227s] -- Installing: /home/meta/Documents/robotics_workspace_new/install/mycobot_interfaces/include/mycobot_interfaces/mycobot_interfaces/srv/detail/pump_status__type_support.c
[39.244s] -- Up-to-date: /home/meta/Documents/robotics_workspace_new/install/mycobot_interfaces/include/mycobot_interfaces/mycobot_interfaces/srv/detail/get_coords__struct.h
[39.245s] -- Installing: /home/meta/Documents/robotics_workspace_new/install/mycobot_interfaces/include/mycobot_interfaces/mycobot_interfaces/srv/detail/gripper_status__type_support.c
[39.245s] -- Up-to-date: /home/meta/Documents/robotics_workspace_new/install/mycobot_interfaces/include/mycobot_interfaces/mycobot_interfaces/srv/detail/set_angles__type_support.h
[39.246s] -- Up-to-date: /home/meta/Documents/robotics_workspace_new/install/mycobot_interfaces/include/mycobot_interfaces/mycobot_interfaces/srv/detail/set_angles__functions.c
[39.246s] -- Up-to-date: /home/meta/Documents/robotics_workspace_new/install/mycobot_interfaces/include/mycobot_interfaces/mycobot_interfaces/srv/detail/get_angles__struct.h
[39.246s] -- Up-to-date: /home/meta/Documents/robotics_workspace_new/install/mycobot_interfaces/include/mycobot_interfaces/mycobot_interfaces/srv/detail/set_coords__type_support.h
[39.250s] -- Up-to-date: /home/meta/Documents/robotics_workspace_new/install/mycobot_interfaces/include/mycobot_interfaces/mycobot_interfaces/srv/detail/gripper_status__functions.h
[39.250s] -- Up-to-date: /home/meta/Documents/robotics_workspace_new/install/mycobot_interfaces/include/mycobot_interfaces/mycobot_interfaces/srv/detail/set_coords__description.c
[39.250s] -- Up-to-date: /home/meta/Documents/robotics_workspace_new/install/mycobot_interfaces/include/mycobot_interfaces/mycobot_interfaces/srv/detail/pump_status__functions.h
[39.251s] -- Up-to-date: /home/meta/Documents/robotics_workspace_new/install/mycobot_interfaces/include/mycobot_interfaces/mycobot_interfaces/srv/detail/pump_status__struct.h
[39.251s] -- Up-to-date: /home/meta/Documents/robotics_workspace_new/install/mycobot_interfaces/include/mycobot_interfaces/mycobot_interfaces/srv/detail/pump_status__type_support.h
[39.251s] -- Up-to-date: /home/meta/Documents/robotics_workspace_new/install/mycobot_interfaces/include/mycobot_interfaces/mycobot_interfaces/srv/detail/set_coords__functions.c
[39.253s] -- Up-to-date: /home/meta/Documents/robotics_workspace_new/install/mycobot_interfaces/include/mycobot_interfaces/mycobot_interfaces/srv/detail/pump_status__functions.c
[39.256s] -- Up-to-date: /home/meta/Documents/robotics_workspace_new/install/mycobot_interfaces/include/mycobot_interfaces/mycobot_interfaces/srv/detail/set_coords__struct.h
[39.258s] -- Up-to-date: /home/meta/Documents/robotics_workspace_new/install/mycobot_interfaces/include/mycobot_interfaces/mycobot_interfaces/srv/gripper_status.h
[39.258s] -- Up-to-date: /home/meta/Documents/robotics_workspace_new/install/mycobot_interfaces/include/mycobot_interfaces/mycobot_interfaces/srv/get_angles.h
[39.259s] -- Up-to-date: /home/meta/Documents/robotics_workspace_new/install/mycobot_interfaces/include/mycobot_interfaces/mycobot_interfaces/srv/set_angles.h
[39.259s] -- Up-to-date: /home/meta/Documents/robotics_workspace_new/install/mycobot_interfaces/include/mycobot_interfaces/mycobot_interfaces/srv/get_coords.h
[39.260s] -- Up-to-date: /home/meta/Documents/robotics_workspace_new/install/mycobot_interfaces/include/mycobot_interfaces/mycobot_interfaces/srv/set_coords.h
[39.260s] -- Up-to-date: /home/meta/Documents/robotics_workspace_new/install/mycobot_interfaces/include/mycobot_interfaces/mycobot_interfaces/msg
[39.261s] -- Up-to-date: /home/meta/Documents/robotics_workspace_new/install/mycobot_interfaces/include/mycobot_interfaces/mycobot_interfaces/msg/mycobot_pump_status.h
[39.261s] -- Up-to-date: /home/meta/Documents/robotics_workspace_new/install/mycobot_interfaces/include/mycobot_interfaces/mycobot_interfaces/msg/mycobot_angles.h
[39.261s] -- Up-to-date: /home/meta/Documents/robotics_workspace_new/install/mycobot_interfaces/include/mycobot_interfaces/mycobot_interfaces/msg/mycobot_set_angles.h
[39.261s] -- Up-to-date: /home/meta/Documents/robotics_workspace_new/install/mycobot_interfaces/include/mycobot_interfaces/mycobot_interfaces/msg/detail
[39.262s] -- Up-to-date: /home/meta/Documents/robotics_workspace_new/install/mycobot_interfaces/include/mycobot_interfaces/mycobot_interfaces/msg/detail/mycobot_set_coords__description.c
[39.264s] -- Up-to-date: /home/meta/Documents/robotics_workspace_new/install/mycobot_interfaces/include/mycobot_interfaces/mycobot_interfaces/msg/detail/mycobot_gripper_status__functions.c
[39.265s] -- Installing: /home/meta/Documents/robotics_workspace_new/install/mycobot_interfaces/include/mycobot_interfaces/mycobot_interfaces/msg/detail/mycobot_set_angles__type_support.c
[39.266s] -- Up-to-date: /home/meta/Documents/robotics_workspace_new/install/mycobot_interfaces/include/mycobot_interfaces/mycobot_interfaces/msg/detail/mycobot_coords__description.c
[39.267s] -- Up-to-date: /home/meta/Documents/robotics_workspace_new/install/mycobot_interfaces/include/mycobot_interfaces/mycobot_interfaces/msg/detail/mycobot_pump_status__struct.h
[39.267s] -- Up-to-date: /home/meta/Documents/robotics_workspace_new/install/mycobot_interfaces/include/mycobot_interfaces/mycobot_interfaces/msg/detail/mycobot_set_angles__type_support.h
[39.267s] -- Up-to-date: /home/meta/Documents/robotics_workspace_new/install/mycobot_interfaces/include/mycobot_interfaces/mycobot_interfaces/msg/detail/mycobot_pump_status__description.c
[39.268s] -- Up-to-date: /home/meta/Documents/robotics_workspace_new/install/mycobot_interfaces/include/mycobot_interfaces/mycobot_interfaces/msg/detail/mycobot_set_angles__functions.h
[39.269s] -- Up-to-date: /home/meta/Documents/robotics_workspace_new/install/mycobot_interfaces/include/mycobot_interfaces/mycobot_interfaces/msg/detail/mycobot_pump_status__functions.c
[39.269s] -- Up-to-date: /home/meta/Documents/robotics_workspace_new/install/mycobot_interfaces/include/mycobot_interfaces/mycobot_interfaces/msg/detail/mycobot_set_angles__functions.c
[39.269s] -- Up-to-date: /home/meta/Documents/robotics_workspace_new/install/mycobot_interfaces/include/mycobot_interfaces/mycobot_interfaces/msg/detail/mycobot_angles__functions.c
[39.272s] -- Installing: /home/meta/Documents/robotics_workspace_new/install/mycobot_interfaces/include/mycobot_interfaces/mycobot_interfaces/msg/detail/mycobot_coords__type_support.c
[39.273s] -- Up-to-date: /home/meta/Documents/robotics_workspace_new/install/mycobot_interfaces/include/mycobot_interfaces/mycobot_interfaces/msg/detail/mycobot_coords__struct.h
[39.274s] -- Up-to-date: /home/meta/Documents/robotics_workspace_new/install/mycobot_interfaces/include/mycobot_interfaces/mycobot_interfaces/msg/detail/mycobot_set_coords__struct.h
[39.274s] -- Installing: /home/meta/Documents/robotics_workspace_new/install/mycobot_interfaces/include/mycobot_interfaces/mycobot_interfaces/msg/detail/mycobot_gripper_status__type_support.c
[39.287s] -- Up-to-date: /home/meta/Documents/robotics_workspace_new/install/mycobot_interfaces/include/mycobot_interfaces/mycobot_interfaces/msg/detail/mycobot_coords__type_support.h
[39.287s] -- Installing: /home/meta/Documents/robotics_workspace_new/install/mycobot_interfaces/include/mycobot_interfaces/mycobot_interfaces/msg/detail/mycobot_set_coords__type_support.c
[39.305s] -- Up-to-date: /home/meta/Documents/robotics_workspace_new/install/mycobot_interfaces/include/mycobot_interfaces/mycobot_interfaces/msg/detail/mycobot_gripper_status__type_support.h
[39.305s] -- Up-to-date: /home/meta/Documents/robotics_workspace_new/install/mycobot_interfaces/include/mycobot_interfaces/mycobot_interfaces/msg/detail/mycobot_coords__functions.c
[39.306s] -- Up-to-date: /home/meta/Documents/robotics_workspace_new/install/mycobot_interfaces/include/mycobot_interfaces/mycobot_interfaces/msg/detail/mycobot_set_coords__functions.h
[39.306s] -- Up-to-date: /home/meta/Documents/robotics_workspace_new/install/mycobot_interfaces/include/mycobot_interfaces/mycobot_interfaces/msg/detail/mycobot_set_coords__functions.c
[39.307s] -- Up-to-date: /home/meta/Documents/robotics_workspace_new/install/mycobot_interfaces/include/mycobot_interfaces/mycobot_interfaces/msg/detail/mycobot_angles__functions.h
[39.309s] -- Up-to-date: /home/meta/Documents/robotics_workspace_new/install/mycobot_interfaces/include/mycobot_interfaces/mycobot_interfaces/msg/detail/mycobot_set_angles__description.c
[39.309s] -- Up-to-date: /home/meta/Documents/robotics_workspace_new/install/mycobot_interfaces/include/mycobot_interfaces/mycobot_interfaces/msg/detail/mycobot_set_coords__type_support.h
[39.310s] -- Up-to-date: /home/meta/Documents/robotics_workspace_new/install/mycobot_interfaces/include/mycobot_interfaces/mycobot_interfaces/msg/detail/mycobot_angles__struct.h
[39.311s] -- Up-to-date: /home/meta/Documents/robotics_workspace_new/install/mycobot_interfaces/include/mycobot_interfaces/mycobot_interfaces/msg/detail/mycobot_angles__description.c
[39.311s] -- Up-to-date: /home/meta/Documents/robotics_workspace_new/install/mycobot_interfaces/include/mycobot_interfaces/mycobot_interfaces/msg/detail/mycobot_pump_status__functions.h
[39.312s] -- Up-to-date: /home/meta/Documents/robotics_workspace_new/install/mycobot_interfaces/include/mycobot_interfaces/mycobot_interfaces/msg/detail/mycobot_gripper_status__functions.h
[39.312s] -- Up-to-date: /home/meta/Documents/robotics_workspace_new/install/mycobot_interfaces/include/mycobot_interfaces/mycobot_interfaces/msg/detail/mycobot_gripper_status__struct.h
[39.313s] -- Installing: /home/meta/Documents/robotics_workspace_new/install/mycobot_interfaces/include/mycobot_interfaces/mycobot_interfaces/msg/detail/mycobot_pump_status__type_support.c
[39.353s] -- Up-to-date: /home/meta/Documents/robotics_workspace_new/install/mycobot_interfaces/include/mycobot_interfaces/mycobot_interfaces/msg/detail/mycobot_gripper_status__description.c
[39.353s] -- Up-to-date: /home/meta/Documents/robotics_workspace_new/install/mycobot_interfaces/include/mycobot_interfaces/mycobot_interfaces/msg/detail/mycobot_angles__type_support.h
[39.354s] -- Up-to-date: /home/meta/Documents/robotics_workspace_new/install/mycobot_interfaces/include/mycobot_interfaces/mycobot_interfaces/msg/detail/mycobot_pump_status__type_support.h
[39.354s] -- Installing: /home/meta/Documents/robotics_workspace_new/install/mycobot_interfaces/include/mycobot_interfaces/mycobot_interfaces/msg/detail/mycobot_angles__type_support.c
[39.405s] -- Up-to-date: /home/meta/Documents/robotics_workspace_new/install/mycobot_interfaces/include/mycobot_interfaces/mycobot_interfaces/msg/detail/mycobot_set_angles__struct.h
[39.406s] -- Up-to-date: /home/meta/Documents/robotics_workspace_new/install/mycobot_interfaces/include/mycobot_interfaces/mycobot_interfaces/msg/detail/mycobot_coords__functions.h
[39.406s] -- Up-to-date: /home/meta/Documents/robotics_workspace_new/install/mycobot_interfaces/include/mycobot_interfaces/mycobot_interfaces/msg/mycobot_set_coords.h
[39.406s] -- Up-to-date: /home/meta/Documents/robotics_workspace_new/install/mycobot_interfaces/include/mycobot_interfaces/mycobot_interfaces/msg/mycobot_gripper_status.h
[39.407s] -- Up-to-date: /home/meta/Documents/robotics_workspace_new/install/mycobot_interfaces/include/mycobot_interfaces/mycobot_interfaces/msg/mycobot_coords.h
[39.407s] -- Up-to-date: /home/meta/Documents/robotics_workspace_new/install/mycobot_interfaces/include/mycobot_interfaces/mycobot_interfaces/msg/rosidl_generator_c__visibility_control.h
[39.407s] -- Up-to-date: /home/meta/Documents/robotics_workspace_new/install/mycobot_interfaces/share/mycobot_interfaces/environment/library_path.sh
[39.410s] -- Up-to-date: /home/meta/Documents/robotics_workspace_new/install/mycobot_interfaces/share/mycobot_interfaces/environment/library_path.dsv
[39.411s] -- Up-to-date: /home/meta/Documents/robotics_workspace_new/install/mycobot_interfaces/lib/libmycobot_interfaces__rosidl_generator_c.so
[39.413s] -- Up-to-date: /home/meta/Documents/robotics_workspace_new/install/mycobot_interfaces/include/mycobot_interfaces/mycobot_interfaces
[39.414s] -- Up-to-date: /home/meta/Documents/robotics_workspace_new/install/mycobot_interfaces/include/mycobot_interfaces/mycobot_interfaces/srv
[39.414s] -- Up-to-date: /home/meta/Documents/robotics_workspace_new/install/mycobot_interfaces/include/mycobot_interfaces/mycobot_interfaces/srv/detail
[39.414s] -- Up-to-date: /home/meta/Documents/robotics_workspace_new/install/mycobot_interfaces/include/mycobot_interfaces/mycobot_interfaces/srv/detail/gripper_status__rosidl_typesupport_fastrtps_c.h
[39.415s] -- Up-to-date: /home/meta/Documents/robotics_workspace_new/install/mycobot_interfaces/include/mycobot_interfaces/mycobot_interfaces/srv/detail/get_angles__rosidl_typesupport_fastrtps_c.h
[39.415s] -- Up-to-date: /home/meta/Documents/robotics_workspace_new/install/mycobot_interfaces/include/mycobot_interfaces/mycobot_interfaces/srv/detail/set_coords__rosidl_typesupport_fastrtps_c.h
[39.419s] -- Up-to-date: /home/meta/Documents/robotics_workspace_new/install/mycobot_interfaces/include/mycobot_interfaces/mycobot_interfaces/srv/detail/set_angles__rosidl_typesupport_fastrtps_c.h
[39.419s] -- Up-to-date: /home/meta/Documents/robotics_workspace_new/install/mycobot_interfaces/include/mycobot_interfaces/mycobot_interfaces/srv/detail/pump_status__rosidl_typesupport_fastrtps_c.h
[39.420s] -- Up-to-date: /home/meta/Documents/robotics_workspace_new/install/mycobot_interfaces/include/mycobot_interfaces/mycobot_interfaces/srv/detail/get_coords__rosidl_typesupport_fastrtps_c.h
[39.420s] -- Up-to-date: /home/meta/Documents/robotics_workspace_new/install/mycobot_interfaces/include/mycobot_interfaces/mycobot_interfaces/msg
[39.420s] -- Up-to-date: /home/meta/Documents/robotics_workspace_new/install/mycobot_interfaces/include/mycobot_interfaces/mycobot_interfaces/msg/detail
[39.421s] -- Up-to-date: /home/meta/Documents/robotics_workspace_new/install/mycobot_interfaces/include/mycobot_interfaces/mycobot_interfaces/msg/detail/mycobot_coords__rosidl_typesupport_fastrtps_c.h
[39.421s] -- Up-to-date: /home/meta/Documents/robotics_workspace_new/install/mycobot_interfaces/include/mycobot_interfaces/mycobot_interfaces/msg/detail/mycobot_angles__rosidl_typesupport_fastrtps_c.h
[39.422s] -- Up-to-date: /home/meta/Documents/robotics_workspace_new/install/mycobot_interfaces/include/mycobot_interfaces/mycobot_interfaces/msg/detail/mycobot_set_coords__rosidl_typesupport_fastrtps_c.h
[39.422s] -- Up-to-date: /home/meta/Documents/robotics_workspace_new/install/mycobot_interfaces/include/mycobot_interfaces/mycobot_interfaces/msg/detail/mycobot_set_angles__rosidl_typesupport_fastrtps_c.h
[39.422s] -- Up-to-date: /home/meta/Documents/robotics_workspace_new/install/mycobot_interfaces/include/mycobot_interfaces/mycobot_interfaces/msg/detail/mycobot_gripper_status__rosidl_typesupport_fastrtps_c.h
[39.422s] -- Up-to-date: /home/meta/Documents/robotics_workspace_new/install/mycobot_interfaces/include/mycobot_interfaces/mycobot_interfaces/msg/detail/mycobot_pump_status__rosidl_typesupport_fastrtps_c.h
[39.423s] -- Up-to-date: /home/meta/Documents/robotics_workspace_new/install/mycobot_interfaces/include/mycobot_interfaces/mycobot_interfaces/msg/rosidl_typesupport_fastrtps_c__visibility_control.h
[39.423s] -- Up-to-date: /home/meta/Documents/robotics_workspace_new/install/mycobot_interfaces/lib/libmycobot_interfaces__rosidl_typesupport_fastrtps_c.so
[39.423s] -- Up-to-date: /home/meta/Documents/robotics_workspace_new/install/mycobot_interfaces/include/mycobot_interfaces/mycobot_interfaces
[39.424s] -- Up-to-date: /home/meta/Documents/robotics_workspace_new/install/mycobot_interfaces/include/mycobot_interfaces/mycobot_interfaces/srv
[39.425s] -- Up-to-date: /home/meta/Documents/robotics_workspace_new/install/mycobot_interfaces/include/mycobot_interfaces/mycobot_interfaces/srv/detail
[39.425s] -- Installing: /home/meta/Documents/robotics_workspace_new/install/mycobot_interfaces/include/mycobot_interfaces/mycobot_interfaces/srv/detail/get_coords__type_support.c
[39.460s] -- Up-to-date: /home/meta/Documents/robotics_workspace_new/install/mycobot_interfaces/include/mycobot_interfaces/mycobot_interfaces/srv/detail/gripper_status__rosidl_typesupport_introspection_c.h
[39.460s] -- Installing: /home/meta/Documents/robotics_workspace_new/install/mycobot_interfaces/include/mycobot_interfaces/mycobot_interfaces/srv/detail/get_angles__type_support.c
[39.502s] -- Installing: /home/meta/Documents/robotics_workspace_new/install/mycobot_interfaces/include/mycobot_interfaces/mycobot_interfaces/srv/detail/set_angles__type_support.c
[39.511s] -- Up-to-date: /home/meta/Documents/robotics_workspace_new/install/mycobot_interfaces/include/mycobot_interfaces/mycobot_interfaces/srv/detail/set_coords__rosidl_typesupport_introspection_c.h
[39.512s] -- Installing: /home/meta/Documents/robotics_workspace_new/install/mycobot_interfaces/include/mycobot_interfaces/mycobot_interfaces/srv/detail/set_coords__type_support.c
[39.536s] -- Up-to-date: /home/meta/Documents/robotics_workspace_new/install/mycobot_interfaces/include/mycobot_interfaces/mycobot_interfaces/srv/detail/pump_status__rosidl_typesupport_introspection_c.h
[39.536s] -- Installing: /home/meta/Documents/robotics_workspace_new/install/mycobot_interfaces/include/mycobot_interfaces/mycobot_interfaces/srv/detail/pump_status__type_support.c
[39.560s] -- Installing: /home/meta/Documents/robotics_workspace_new/install/mycobot_interfaces/include/mycobot_interfaces/mycobot_interfaces/srv/detail/gripper_status__type_support.c
[39.565s] -- Up-to-date: /home/meta/Documents/robotics_workspace_new/install/mycobot_interfaces/include/mycobot_interfaces/mycobot_interfaces/srv/detail/set_angles__rosidl_typesupport_introspection_c.h
[39.565s] -- Up-to-date: /home/meta/Documents/robotics_workspace_new/install/mycobot_interfaces/include/mycobot_interfaces/mycobot_interfaces/srv/detail/get_coords__rosidl_typesupport_introspection_c.h
[39.565s] -- Up-to-date: /home/meta/Documents/robotics_workspace_new/install/mycobot_interfaces/include/mycobot_interfaces/mycobot_interfaces/srv/detail/get_angles__rosidl_typesupport_introspection_c.h
[39.569s] -- Up-to-date: /home/meta/Documents/robotics_workspace_new/install/mycobot_interfaces/include/mycobot_interfaces/mycobot_interfaces/msg
[39.570s] -- Up-to-date: /home/meta/Documents/robotics_workspace_new/install/mycobot_interfaces/include/mycobot_interfaces/mycobot_interfaces/msg/detail
[39.570s] -- Installing: /home/meta/Documents/robotics_workspace_new/install/mycobot_interfaces/include/mycobot_interfaces/mycobot_interfaces/msg/detail/mycobot_set_angles__type_support.c
[39.605s] -- Up-to-date: /home/meta/Documents/robotics_workspace_new/install/mycobot_interfaces/include/mycobot_interfaces/mycobot_interfaces/msg/detail/mycobot_pump_status__rosidl_typesupport_introspection_c.h
[39.605s] -- Up-to-date: /home/meta/Documents/robotics_workspace_new/install/mycobot_interfaces/include/mycobot_interfaces/mycobot_interfaces/msg/detail/mycobot_coords__rosidl_typesupport_introspection_c.h
[39.605s] -- Up-to-date: /home/meta/Documents/robotics_workspace_new/install/mycobot_interfaces/include/mycobot_interfaces/mycobot_interfaces/msg/detail/mycobot_set_coords__rosidl_typesupport_introspection_c.h
[39.606s] -- Up-to-date: /home/meta/Documents/robotics_workspace_new/install/mycobot_interfaces/include/mycobot_interfaces/mycobot_interfaces/msg/detail/mycobot_set_angles__rosidl_typesupport_introspection_c.h
[39.606s] -- Up-to-date: /home/meta/Documents/robotics_workspace_new/install/mycobot_interfaces/include/mycobot_interfaces/mycobot_interfaces/msg/detail/mycobot_gripper_status__rosidl_typesupport_introspection_c.h
[39.606s] -- Installing: /home/meta/Documents/robotics_workspace_new/install/mycobot_interfaces/include/mycobot_interfaces/mycobot_interfaces/msg/detail/mycobot_coords__type_support.c
[39.626s] -- Installing: /home/meta/Documents/robotics_workspace_new/install/mycobot_interfaces/include/mycobot_interfaces/mycobot_interfaces/msg/detail/mycobot_gripper_status__type_support.c
[39.663s] -- Installing: /home/meta/Documents/robotics_workspace_new/install/mycobot_interfaces/include/mycobot_interfaces/mycobot_interfaces/msg/detail/mycobot_set_coords__type_support.c
[39.672s] -- Up-to-date: /home/meta/Documents/robotics_workspace_new/install/mycobot_interfaces/include/mycobot_interfaces/mycobot_interfaces/msg/detail/mycobot_angles__rosidl_typesupport_introspection_c.h
[39.673s] -- Installing: /home/meta/Documents/robotics_workspace_new/install/mycobot_interfaces/include/mycobot_interfaces/mycobot_interfaces/msg/detail/mycobot_pump_status__type_support.c
[39.704s] -- Installing: /home/meta/Documents/robotics_workspace_new/install/mycobot_interfaces/include/mycobot_interfaces/mycobot_interfaces/msg/detail/mycobot_angles__type_support.c
[39.707s] -- Up-to-date: /home/meta/Documents/robotics_workspace_new/install/mycobot_interfaces/include/mycobot_interfaces/mycobot_interfaces/msg/rosidl_typesupport_introspection_c__visibility_control.h
[39.708s] -- Up-to-date: /home/meta/Documents/robotics_workspace_new/install/mycobot_interfaces/lib/libmycobot_interfaces__rosidl_typesupport_introspection_c.so
[39.708s] -- Up-to-date: /home/meta/Documents/robotics_workspace_new/install/mycobot_interfaces/lib/libmycobot_interfaces__rosidl_typesupport_c.so
[39.708s] -- Up-to-date: /home/meta/Documents/robotics_workspace_new/install/mycobot_interfaces/include/mycobot_interfaces/mycobot_interfaces
[39.709s] -- Up-to-date: /home/meta/Documents/robotics_workspace_new/install/mycobot_interfaces/include/mycobot_interfaces/mycobot_interfaces/srv
[39.709s] -- Up-to-date: /home/meta/Documents/robotics_workspace_new/install/mycobot_interfaces/include/mycobot_interfaces/mycobot_interfaces/srv/set_coords.hpp
[39.709s] -- Up-to-date: /home/meta/Documents/robotics_workspace_new/install/mycobot_interfaces/include/mycobot_interfaces/mycobot_interfaces/srv/set_angles.hpp
[39.709s] -- Up-to-date: /home/meta/Documents/robotics_workspace_new/install/mycobot_interfaces/include/mycobot_interfaces/mycobot_interfaces/srv/get_angles.hpp
[39.710s] -- Up-to-date: /home/meta/Documents/robotics_workspace_new/install/mycobot_interfaces/include/mycobot_interfaces/mycobot_interfaces/srv/detail
[39.722s] -- Up-to-date: /home/meta/Documents/robotics_workspace_new/install/mycobot_interfaces/include/mycobot_interfaces/mycobot_interfaces/srv/detail/set_angles__type_support.hpp
[39.722s] -- Up-to-date: /home/meta/Documents/robotics_workspace_new/install/mycobot_interfaces/include/mycobot_interfaces/mycobot_interfaces/srv/detail/get_coords__traits.hpp
[39.723s] -- Up-to-date: /home/meta/Documents/robotics_workspace_new/install/mycobot_interfaces/include/mycobot_interfaces/mycobot_interfaces/srv/detail/gripper_status__struct.hpp
[39.725s] -- Up-to-date: /home/meta/Documents/robotics_workspace_new/install/mycobot_interfaces/include/mycobot_interfaces/mycobot_interfaces/srv/detail/set_coords__struct.hpp
[39.725s] -- Up-to-date: /home/meta/Documents/robotics_workspace_new/install/mycobot_interfaces/include/mycobot_interfaces/mycobot_interfaces/srv/detail/gripper_status__traits.hpp
[39.731s] -- Up-to-date: /home/meta/Documents/robotics_workspace_new/install/mycobot_interfaces/include/mycobot_interfaces/mycobot_interfaces/srv/detail/gripper_status__type_support.hpp
[39.732s] -- Up-to-date: /home/meta/Documents/robotics_workspace_new/install/mycobot_interfaces/include/mycobot_interfaces/mycobot_interfaces/srv/detail/get_coords__builder.hpp
[39.732s] -- Up-to-date: /home/meta/Documents/robotics_workspace_new/install/mycobot_interfaces/include/mycobot_interfaces/mycobot_interfaces/srv/detail/get_coords__struct.hpp
[39.732s] -- Up-to-date: /home/meta/Documents/robotics_workspace_new/install/mycobot_interfaces/include/mycobot_interfaces/mycobot_interfaces/srv/detail/set_coords__builder.hpp
[39.732s] -- Up-to-date: /home/meta/Documents/robotics_workspace_new/install/mycobot_interfaces/include/mycobot_interfaces/mycobot_interfaces/srv/detail/get_angles__type_support.hpp
[39.733s] -- Up-to-date: /home/meta/Documents/robotics_workspace_new/install/mycobot_interfaces/include/mycobot_interfaces/mycobot_interfaces/srv/detail/pump_status__struct.hpp
[39.736s] -- Up-to-date: /home/meta/Documents/robotics_workspace_new/install/mycobot_interfaces/include/mycobot_interfaces/mycobot_interfaces/srv/detail/get_angles__traits.hpp
[39.737s] -- Up-to-date: /home/meta/Documents/robotics_workspace_new/install/mycobot_interfaces/include/mycobot_interfaces/mycobot_interfaces/srv/detail/pump_status__traits.hpp
[39.737s] -- Up-to-date: /home/meta/Documents/robotics_workspace_new/install/mycobot_interfaces/include/mycobot_interfaces/mycobot_interfaces/srv/detail/get_angles__struct.hpp
[39.737s] -- Up-to-date: /home/meta/Documents/robotics_workspace_new/install/mycobot_interfaces/include/mycobot_interfaces/mycobot_interfaces/srv/detail/set_coords__traits.hpp
[39.737s] -- Up-to-date: /home/meta/Documents/robotics_workspace_new/install/mycobot_interfaces/include/mycobot_interfaces/mycobot_interfaces/srv/detail/gripper_status__builder.hpp
[39.738s] -- Up-to-date: /home/meta/Documents/robotics_workspace_new/install/mycobot_interfaces/include/mycobot_interfaces/mycobot_interfaces/srv/detail/get_angles__builder.hpp
[39.738s] -- Up-to-date: /home/meta/Documents/robotics_workspace_new/install/mycobot_interfaces/include/mycobot_interfaces/mycobot_interfaces/srv/detail/pump_status__type_support.hpp
[39.738s] -- Up-to-date: /home/meta/Documents/robotics_workspace_new/install/mycobot_interfaces/include/mycobot_interfaces/mycobot_interfaces/srv/detail/set_angles__struct.hpp
[39.739s] -- Up-to-date: /home/meta/Documents/robotics_workspace_new/install/mycobot_interfaces/include/mycobot_interfaces/mycobot_interfaces/srv/detail/set_angles__traits.hpp
[39.741s] -- Up-to-date: /home/meta/Documents/robotics_workspace_new/install/mycobot_interfaces/include/mycobot_interfaces/mycobot_interfaces/srv/detail/set_coords__type_support.hpp
[39.741s] -- Up-to-date: /home/meta/Documents/robotics_workspace_new/install/mycobot_interfaces/include/mycobot_interfaces/mycobot_interfaces/srv/detail/get_coords__type_support.hpp
[39.741s] -- Up-to-date: /home/meta/Documents/robotics_workspace_new/install/mycobot_interfaces/include/mycobot_interfaces/mycobot_interfaces/srv/detail/pump_status__builder.hpp
[39.742s] -- Up-to-date: /home/meta/Documents/robotics_workspace_new/install/mycobot_interfaces/include/mycobot_interfaces/mycobot_interfaces/srv/detail/set_angles__builder.hpp
[39.744s] -- Up-to-date: /home/meta/Documents/robotics_workspace_new/install/mycobot_interfaces/include/mycobot_interfaces/mycobot_interfaces/srv/get_coords.hpp
[39.745s] -- Up-to-date: /home/meta/Documents/robotics_workspace_new/install/mycobot_interfaces/include/mycobot_interfaces/mycobot_interfaces/srv/gripper_status.hpp
[39.746s] -- Up-to-date: /home/meta/Documents/robotics_workspace_new/install/mycobot_interfaces/include/mycobot_interfaces/mycobot_interfaces/srv/pump_status.hpp
[39.746s] -- Up-to-date: /home/meta/Documents/robotics_workspace_new/install/mycobot_interfaces/include/mycobot_interfaces/mycobot_interfaces/msg
[39.746s] -- Up-to-date: /home/meta/Documents/robotics_workspace_new/install/mycobot_interfaces/include/mycobot_interfaces/mycobot_interfaces/msg/rosidl_generator_cpp__visibility_control.hpp
[39.746s] -- Up-to-date: /home/meta/Documents/robotics_workspace_new/install/mycobot_interfaces/include/mycobot_interfaces/mycobot_interfaces/msg/mycobot_angles.hpp
[39.747s] -- Up-to-date: /home/meta/Documents/robotics_workspace_new/install/mycobot_interfaces/include/mycobot_interfaces/mycobot_interfaces/msg/mycobot_coords.hpp
[39.750s] -- Up-to-date: /home/meta/Documents/robotics_workspace_new/install/mycobot_interfaces/include/mycobot_interfaces/mycobot_interfaces/msg/detail
[39.750s] -- Up-to-date: /home/meta/Documents/robotics_workspace_new/install/mycobot_interfaces/include/mycobot_interfaces/mycobot_interfaces/msg/detail/mycobot_set_coords__struct.hpp
[39.751s] -- Up-to-date: /home/meta/Documents/robotics_workspace_new/install/mycobot_interfaces/include/mycobot_interfaces/mycobot_interfaces/msg/detail/mycobot_angles__traits.hpp
[39.751s] -- Up-to-date: /home/meta/Documents/robotics_workspace_new/install/mycobot_interfaces/include/mycobot_interfaces/mycobot_interfaces/msg/detail/mycobot_gripper_status__traits.hpp
[39.756s] -- Up-to-date: /home/meta/Documents/robotics_workspace_new/install/mycobot_interfaces/include/mycobot_interfaces/mycobot_interfaces/msg/detail/mycobot_pump_status__struct.hpp
[39.757s] -- Up-to-date: /home/meta/Documents/robotics_workspace_new/install/mycobot_interfaces/include/mycobot_interfaces/mycobot_interfaces/msg/detail/mycobot_coords__struct.hpp
[39.757s] -- Up-to-date: /home/meta/Documents/robotics_workspace_new/install/mycobot_interfaces/include/mycobot_interfaces/mycobot_interfaces/msg/detail/mycobot_set_angles__struct.hpp
[39.758s] -- Up-to-date: /home/meta/Documents/robotics_workspace_new/install/mycobot_interfaces/include/mycobot_interfaces/mycobot_interfaces/msg/detail/mycobot_coords__type_support.hpp
[39.761s] -- Up-to-date: /home/meta/Documents/robotics_workspace_new/install/mycobot_interfaces/include/mycobot_interfaces/mycobot_interfaces/msg/detail/mycobot_gripper_status__struct.hpp
[39.762s] -- Up-to-date: /home/meta/Documents/robotics_workspace_new/install/mycobot_interfaces/include/mycobot_interfaces/mycobot_interfaces/msg/detail/mycobot_pump_status__builder.hpp
[39.762s] -- Up-to-date: /home/meta/Documents/robotics_workspace_new/install/mycobot_interfaces/include/mycobot_interfaces/mycobot_interfaces/msg/detail/mycobot_set_coords__traits.hpp
[39.762s] -- Up-to-date: /home/meta/Documents/robotics_workspace_new/install/mycobot_interfaces/include/mycobot_interfaces/mycobot_interfaces/msg/detail/mycobot_set_coords__type_support.hpp
[39.763s] -- Up-to-date: /home/meta/Documents/robotics_workspace_new/install/mycobot_interfaces/include/mycobot_interfaces/mycobot_interfaces/msg/detail/mycobot_set_angles__type_support.hpp
[39.763s] -- Up-to-date: /home/meta/Documents/robotics_workspace_new/install/mycobot_interfaces/include/mycobot_interfaces/mycobot_interfaces/msg/detail/mycobot_angles__struct.hpp
[39.764s] -- Up-to-date: /home/meta/Documents/robotics_workspace_new/install/mycobot_interfaces/include/mycobot_interfaces/mycobot_interfaces/msg/detail/mycobot_set_angles__traits.hpp
[39.764s] -- Up-to-date: /home/meta/Documents/robotics_workspace_new/install/mycobot_interfaces/include/mycobot_interfaces/mycobot_interfaces/msg/detail/mycobot_pump_status__traits.hpp
[39.767s] -- Up-to-date: /home/meta/Documents/robotics_workspace_new/install/mycobot_interfaces/include/mycobot_interfaces/mycobot_interfaces/msg/detail/mycobot_set_coords__builder.hpp
[39.768s] -- Up-to-date: /home/meta/Documents/robotics_workspace_new/install/mycobot_interfaces/include/mycobot_interfaces/mycobot_interfaces/msg/detail/mycobot_angles__builder.hpp
[39.768s] -- Up-to-date: /home/meta/Documents/robotics_workspace_new/install/mycobot_interfaces/include/mycobot_interfaces/mycobot_interfaces/msg/detail/mycobot_coords__builder.hpp
[39.768s] -- Up-to-date: /home/meta/Documents/robotics_workspace_new/install/mycobot_interfaces/include/mycobot_interfaces/mycobot_interfaces/msg/detail/mycobot_gripper_status__builder.hpp
[39.769s] -- Up-to-date: /home/meta/Documents/robotics_workspace_new/install/mycobot_interfaces/include/mycobot_interfaces/mycobot_interfaces/msg/detail/mycobot_coords__traits.hpp
[39.772s] -- Up-to-date: /home/meta/Documents/robotics_workspace_new/install/mycobot_interfaces/include/mycobot_interfaces/mycobot_interfaces/msg/detail/mycobot_angles__type_support.hpp
[39.772s] -- Up-to-date: /home/meta/Documents/robotics_workspace_new/install/mycobot_interfaces/include/mycobot_interfaces/mycobot_interfaces/msg/detail/mycobot_gripper_status__type_support.hpp
[39.773s] -- Up-to-date: /home/meta/Documents/robotics_workspace_new/install/mycobot_interfaces/include/mycobot_interfaces/mycobot_interfaces/msg/detail/mycobot_pump_status__type_support.hpp
[39.773s] -- Up-to-date: /home/meta/Documents/robotics_workspace_new/install/mycobot_interfaces/include/mycobot_interfaces/mycobot_interfaces/msg/detail/mycobot_set_angles__builder.hpp
[39.773s] -- Up-to-date: /home/meta/Documents/robotics_workspace_new/install/mycobot_interfaces/include/mycobot_interfaces/mycobot_interfaces/msg/mycobot_set_angles.hpp
[39.774s] -- Up-to-date: /home/meta/Documents/robotics_workspace_new/install/mycobot_interfaces/include/mycobot_interfaces/mycobot_interfaces/msg/mycobot_gripper_status.hpp
[39.774s] -- Up-to-date: /home/meta/Documents/robotics_workspace_new/install/mycobot_interfaces/include/mycobot_interfaces/mycobot_interfaces/msg/mycobot_pump_status.hpp
[39.774s] -- Up-to-date: /home/meta/Documents/robotics_workspace_new/install/mycobot_interfaces/include/mycobot_interfaces/mycobot_interfaces/msg/mycobot_set_coords.hpp
[39.775s] -- Up-to-date: /home/meta/Documents/robotics_workspace_new/install/mycobot_interfaces/include/mycobot_interfaces/mycobot_interfaces
[39.778s] -- Up-to-date: /home/meta/Documents/robotics_workspace_new/install/mycobot_interfaces/include/mycobot_interfaces/mycobot_interfaces/srv
[39.779s] -- Up-to-date: /home/meta/Documents/robotics_workspace_new/install/mycobot_interfaces/include/mycobot_interfaces/mycobot_interfaces/srv/detail
[39.779s] -- Up-to-date: /home/meta/Documents/robotics_workspace_new/install/mycobot_interfaces/include/mycobot_interfaces/mycobot_interfaces/srv/detail/get_angles__rosidl_typesupport_fastrtps_cpp.hpp
[39.780s] -- Up-to-date: /home/meta/Documents/robotics_workspace_new/install/mycobot_interfaces/include/mycobot_interfaces/mycobot_interfaces/srv/detail/get_coords__rosidl_typesupport_fastrtps_cpp.hpp
[39.780s] -- Up-to-date: /home/meta/Documents/robotics_workspace_new/install/mycobot_interfaces/include/mycobot_interfaces/mycobot_interfaces/srv/detail/set_coords__rosidl_typesupport_fastrtps_cpp.hpp
[39.780s] -- Up-to-date: /home/meta/Documents/robotics_workspace_new/install/mycobot_interfaces/include/mycobot_interfaces/mycobot_interfaces/srv/detail/pump_status__rosidl_typesupport_fastrtps_cpp.hpp
[39.781s] -- Up-to-date: /home/meta/Documents/robotics_workspace_new/install/mycobot_interfaces/include/mycobot_interfaces/mycobot_interfaces/srv/detail/set_angles__rosidl_typesupport_fastrtps_cpp.hpp
[39.783s] -- Up-to-date: /home/meta/Documents/robotics_workspace_new/install/mycobot_interfaces/include/mycobot_interfaces/mycobot_interfaces/srv/detail/gripper_status__rosidl_typesupport_fastrtps_cpp.hpp
[39.784s] -- Up-to-date: /home/meta/Documents/robotics_workspace_new/install/mycobot_interfaces/include/mycobot_interfaces/mycobot_interfaces/srv/detail/dds_fastrtps
[39.784s] -- Up-to-date: /home/meta/Documents/robotics_workspace_new/install/mycobot_interfaces/include/mycobot_interfaces/mycobot_interfaces/msg
[39.785s] -- Up-to-date: /home/meta/Documents/robotics_workspace_new/install/mycobot_interfaces/include/mycobot_interfaces/mycobot_interfaces/msg/rosidl_typesupport_fastrtps_cpp__visibility_control.h
[39.788s] -- Up-to-date: /home/meta/Documents/robotics_workspace_new/install/mycobot_interfaces/include/mycobot_interfaces/mycobot_interfaces/msg/detail
[39.789s] -- Up-to-date: /home/meta/Documents/robotics_workspace_new/install/mycobot_interfaces/include/mycobot_interfaces/mycobot_interfaces/msg/detail/mycobot_pump_status__rosidl_typesupport_fastrtps_cpp.hpp
[39.789s] -- Up-to-date: /home/meta/Documents/robotics_workspace_new/install/mycobot_interfaces/include/mycobot_interfaces/mycobot_interfaces/msg/detail/mycobot_angles__rosidl_typesupport_fastrtps_cpp.hpp
[39.789s] -- Up-to-date: /home/meta/Documents/robotics_workspace_new/install/mycobot_interfaces/include/mycobot_interfaces/mycobot_interfaces/msg/detail/mycobot_set_angles__rosidl_typesupport_fastrtps_cpp.hpp
[39.790s] -- Up-to-date: /home/meta/Documents/robotics_workspace_new/install/mycobot_interfaces/include/mycobot_interfaces/mycobot_interfaces/msg/detail/mycobot_set_coords__rosidl_typesupport_fastrtps_cpp.hpp
[39.790s] -- Up-to-date: /home/meta/Documents/robotics_workspace_new/install/mycobot_interfaces/include/mycobot_interfaces/mycobot_interfaces/msg/detail/mycobot_gripper_status__rosidl_typesupport_fastrtps_cpp.hpp
[39.790s] -- Up-to-date: /home/meta/Documents/robotics_workspace_new/install/mycobot_interfaces/include/mycobot_interfaces/mycobot_interfaces/msg/detail/dds_fastrtps
[39.790s] -- Up-to-date: /home/meta/Documents/robotics_workspace_new/install/mycobot_interfaces/include/mycobot_interfaces/mycobot_interfaces/msg/detail/mycobot_coords__rosidl_typesupport_fastrtps_cpp.hpp
[39.791s] -- Up-to-date: /home/meta/Documents/robotics_workspace_new/install/mycobot_interfaces/lib/libmycobot_interfaces__rosidl_typesupport_fastrtps_cpp.so
[39.791s] -- Up-to-date: /home/meta/Documents/robotics_workspace_new/install/mycobot_interfaces/include/mycobot_interfaces/mycobot_interfaces
[39.791s] -- Up-to-date: /home/meta/Documents/robotics_workspace_new/install/mycobot_interfaces/include/mycobot_interfaces/mycobot_interfaces/srv
[39.792s] -- Up-to-date: /home/meta/Documents/robotics_workspace_new/install/mycobot_interfaces/include/mycobot_interfaces/mycobot_interfaces/srv/detail
[39.792s] -- Up-to-date: /home/meta/Documents/robotics_workspace_new/install/mycobot_interfaces/include/mycobot_interfaces/mycobot_interfaces/srv/detail/get_angles__type_support.cpp
[39.793s] -- Up-to-date: /home/meta/Documents/robotics_workspace_new/install/mycobot_interfaces/include/mycobot_interfaces/mycobot_interfaces/srv/detail/set_coords__type_support.cpp
[39.794s] -- Up-to-date: /home/meta/Documents/robotics_workspace_new/install/mycobot_interfaces/include/mycobot_interfaces/mycobot_interfaces/srv/detail/pump_status__rosidl_typesupport_introspection_cpp.hpp
[39.794s] -- Up-to-date: /home/meta/Documents/robotics_workspace_new/install/mycobot_interfaces/include/mycobot_interfaces/mycobot_interfaces/srv/detail/gripper_status__type_support.cpp
[39.794s] -- Up-to-date: /home/meta/Documents/robotics_workspace_new/install/mycobot_interfaces/include/mycobot_interfaces/mycobot_interfaces/srv/detail/get_angles__rosidl_typesupport_introspection_cpp.hpp
[39.795s] -- Up-to-date: /home/meta/Documents/robotics_workspace_new/install/mycobot_interfaces/include/mycobot_interfaces/mycobot_interfaces/srv/detail/set_angles__rosidl_typesupport_introspection_cpp.hpp
[39.795s] -- Up-to-date: /home/meta/Documents/robotics_workspace_new/install/mycobot_interfaces/include/mycobot_interfaces/mycobot_interfaces/srv/detail/get_coords__type_support.cpp
[39.795s] -- Up-to-date: /home/meta/Documents/robotics_workspace_new/install/mycobot_interfaces/include/mycobot_interfaces/mycobot_interfaces/srv/detail/get_coords__rosidl_typesupport_introspection_cpp.hpp
[39.795s] -- Up-to-date: /home/meta/Documents/robotics_workspace_new/install/mycobot_interfaces/include/mycobot_interfaces/mycobot_interfaces/srv/detail/set_coords__rosidl_typesupport_introspection_cpp.hpp
[39.796s] -- Up-to-date: /home/meta/Documents/robotics_workspace_new/install/mycobot_interfaces/include/mycobot_interfaces/mycobot_interfaces/srv/detail/gripper_status__rosidl_typesupport_introspection_cpp.hpp
[39.797s] -- Up-to-date: /home/meta/Documents/robotics_workspace_new/install/mycobot_interfaces/include/mycobot_interfaces/mycobot_interfaces/srv/detail/pump_status__type_support.cpp
[39.797s] -- Up-to-date: /home/meta/Documents/robotics_workspace_new/install/mycobot_interfaces/include/mycobot_interfaces/mycobot_interfaces/srv/detail/set_angles__type_support.cpp
[39.798s] -- Up-to-date: /home/meta/Documents/robotics_workspace_new/install/mycobot_interfaces/include/mycobot_interfaces/mycobot_interfaces/msg
[39.798s] -- Up-to-date: /home/meta/Documents/robotics_workspace_new/install/mycobot_interfaces/include/mycobot_interfaces/mycobot_interfaces/msg/detail
[39.799s] -- Up-to-date: /home/meta/Documents/robotics_workspace_new/install/mycobot_interfaces/include/mycobot_interfaces/mycobot_interfaces/msg/detail/mycobot_gripper_status__type_support.cpp
[39.799s] -- Up-to-date: /home/meta/Documents/robotics_workspace_new/install/mycobot_interfaces/include/mycobot_interfaces/mycobot_interfaces/msg/detail/mycobot_pump_status__type_support.cpp
[39.800s] -- Up-to-date: /home/meta/Documents/robotics_workspace_new/install/mycobot_interfaces/include/mycobot_interfaces/mycobot_interfaces/msg/detail/mycobot_gripper_status__rosidl_typesupport_introspection_cpp.hpp
[39.800s] -- Up-to-date: /home/meta/Documents/robotics_workspace_new/install/mycobot_interfaces/include/mycobot_interfaces/mycobot_interfaces/msg/detail/mycobot_angles__type_support.cpp
[39.800s] -- Up-to-date: /home/meta/Documents/robotics_workspace_new/install/mycobot_interfaces/include/mycobot_interfaces/mycobot_interfaces/msg/detail/mycobot_set_coords__rosidl_typesupport_introspection_cpp.hpp
[39.803s] -- Up-to-date: /home/meta/Documents/robotics_workspace_new/install/mycobot_interfaces/include/mycobot_interfaces/mycobot_interfaces/msg/detail/mycobot_angles__rosidl_typesupport_introspection_cpp.hpp
[39.803s] -- Up-to-date: /home/meta/Documents/robotics_workspace_new/install/mycobot_interfaces/include/mycobot_interfaces/mycobot_interfaces/msg/detail/mycobot_set_angles__type_support.cpp
[39.804s] -- Up-to-date: /home/meta/Documents/robotics_workspace_new/install/mycobot_interfaces/include/mycobot_interfaces/mycobot_interfaces/msg/detail/mycobot_coords__type_support.cpp
[39.805s] -- Up-to-date: /home/meta/Documents/robotics_workspace_new/install/mycobot_interfaces/include/mycobot_interfaces/mycobot_interfaces/msg/detail/mycobot_set_angles__rosidl_typesupport_introspection_cpp.hpp
[39.805s] -- Up-to-date: /home/meta/Documents/robotics_workspace_new/install/mycobot_interfaces/include/mycobot_interfaces/mycobot_interfaces/msg/detail/mycobot_set_coords__type_support.cpp
[39.805s] -- Up-to-date: /home/meta/Documents/robotics_workspace_new/install/mycobot_interfaces/include/mycobot_interfaces/mycobot_interfaces/msg/detail/mycobot_coords__rosidl_typesupport_introspection_cpp.hpp
[39.806s] -- Up-to-date: /home/meta/Documents/robotics_workspace_new/install/mycobot_interfaces/include/mycobot_interfaces/mycobot_interfaces/msg/detail/mycobot_pump_status__rosidl_typesupport_introspection_cpp.hpp
[39.806s] -- Up-to-date: /home/meta/Documents/robotics_workspace_new/install/mycobot_interfaces/lib/libmycobot_interfaces__rosidl_typesupport_introspection_cpp.so
[39.807s] -- Up-to-date: /home/meta/Documents/robotics_workspace_new/install/mycobot_interfaces/lib/libmycobot_interfaces__rosidl_typesupport_cpp.so
[39.807s] -- Up-to-date: /home/meta/Documents/robotics_workspace_new/install/mycobot_interfaces/share/mycobot_interfaces/environment/pythonpath.sh
[39.807s] -- Up-to-date: /home/meta/Documents/robotics_workspace_new/install/mycobot_interfaces/share/mycobot_interfaces/environment/pythonpath.dsv
[39.808s] -- Up-to-date: /home/meta/Documents/robotics_workspace_new/install/mycobot_interfaces/lib/python3.12/site-packages/mycobot_interfaces-0.0.0-py3.12.egg-info
[39.808s] -- Installing: /home/meta/Documents/robotics_workspace_new/install/mycobot_interfaces/lib/python3.12/site-packages/mycobot_interfaces-0.0.0-py3.12.egg-info/dependency_links.txt
[39.809s] -- Installing: /home/meta/Documents/robotics_workspace_new/install/mycobot_interfaces/lib/python3.12/site-packages/mycobot_interfaces-0.0.0-py3.12.egg-info/SOURCES.txt
[39.809s] -- Installing: /home/meta/Documents/robotics_workspace_new/install/mycobot_interfaces/lib/python3.12/site-packages/mycobot_interfaces-0.0.0-py3.12.egg-info/PKG-INFO
[39.809s] -- Installing: /home/meta/Documents/robotics_workspace_new/install/mycobot_interfaces/lib/python3.12/site-packages/mycobot_interfaces-0.0.0-py3.12.egg-info/top_level.txt
[39.810s] -- Up-to-date: /home/meta/Documents/robotics_workspace_new/install/mycobot_interfaces/lib/python3.12/site-packages/mycobot_interfaces
[39.810s] -- Up-to-date: /home/meta/Documents/robotics_workspace_new/install/mycobot_interfaces/lib/python3.12/site-packages/mycobot_interfaces/_mycobot_interfaces_s.ep.rosidl_typesupport_introspection_c.c
[39.811s] -- Up-to-date: /home/meta/Documents/robotics_workspace_new/install/mycobot_interfaces/lib/python3.12/site-packages/mycobot_interfaces/mycobot_interfaces_s__rosidl_typesupport_fastrtps_c.so
[39.811s] -- Up-to-date: /home/meta/Documents/robotics_workspace_new/install/mycobot_interfaces/lib/python3.12/site-packages/mycobot_interfaces/srv
[39.811s] -- Up-to-date: /home/meta/Documents/robotics_workspace_new/install/mycobot_interfaces/lib/python3.12/site-packages/mycobot_interfaces/srv/_set_angles.py
[39.812s] -- Up-to-date: /home/meta/Documents/robotics_workspace_new/install/mycobot_interfaces/lib/python3.12/site-packages/mycobot_interfaces/srv/_get_coords.py
[39.813s] -- Up-to-date: /home/meta/Documents/robotics_workspace_new/install/mycobot_interfaces/lib/python3.12/site-packages/mycobot_interfaces/srv/_gripper_status_s.c
[39.814s] -- Up-to-date: /home/meta/Documents/robotics_workspace_new/install/mycobot_interfaces/lib/python3.12/site-packages/mycobot_interfaces/srv/_pump_status.py
[39.814s] -- Up-to-date: /home/meta/Documents/robotics_workspace_new/install/mycobot_interfaces/lib/python3.12/site-packages/mycobot_interfaces/srv/_get_angles_s.c
[39.815s] -- Up-to-date: /home/meta/Documents/robotics_workspace_new/install/mycobot_interfaces/lib/python3.12/site-packages/mycobot_interfaces/srv/_set_coords.py
[39.815s] -- Up-to-date: /home/meta/Documents/robotics_workspace_new/install/mycobot_interfaces/lib/python3.12/site-packages/mycobot_interfaces/srv/_set_angles_s.c
[39.815s] -- Up-to-date: /home/meta/Documents/robotics_workspace_new/install/mycobot_interfaces/lib/python3.12/site-packages/mycobot_interfaces/srv/__init__.py
[39.816s] -- Up-to-date: /home/meta/Documents/robotics_workspace_new/install/mycobot_interfaces/lib/python3.12/site-packages/mycobot_interfaces/srv/_get_angles.py
[39.816s] -- Up-to-date: /home/meta/Documents/robotics_workspace_new/install/mycobot_interfaces/lib/python3.12/site-packages/mycobot_interfaces/srv/_set_coords_s.c
[39.817s] -- Up-to-date: /home/meta/Documents/robotics_workspace_new/install/mycobot_interfaces/lib/python3.12/site-packages/mycobot_interfaces/srv/_pump_status_s.c
[39.817s] -- Up-to-date: /home/meta/Documents/robotics_workspace_new/install/mycobot_interfaces/lib/python3.12/site-packages/mycobot_interfaces/srv/_get_coords_s.c
[39.817s] -- Up-to-date: /home/meta/Documents/robotics_workspace_new/install/mycobot_interfaces/lib/python3.12/site-packages/mycobot_interfaces/srv/_gripper_status.py
[39.817s] -- Up-to-date: /home/meta/Documents/robotics_workspace_new/install/mycobot_interfaces/lib/python3.12/site-packages/mycobot_interfaces/msg
[39.818s] -- Up-to-date: /home/meta/Documents/robotics_workspace_new/install/mycobot_interfaces/lib/python3.12/site-packages/mycobot_interfaces/msg/_mycobot_coords.py
[39.818s] -- Up-to-date: /home/meta/Documents/robotics_workspace_new/install/mycobot_interfaces/lib/python3.12/site-packages/mycobot_interfaces/msg/_mycobot_set_angles_s.c
[39.818s] -- Up-to-date: /home/meta/Documents/robotics_workspace_new/install/mycobot_interfaces/lib/python3.12/site-packages/mycobot_interfaces/msg/_mycobot_angles_s.c
[39.818s] -- Up-to-date: /home/meta/Documents/robotics_workspace_new/install/mycobot_interfaces/lib/python3.12/site-packages/mycobot_interfaces/msg/_mycobot_set_coords_s.c
[39.819s] -- Up-to-date: /home/meta/Documents/robotics_workspace_new/install/mycobot_interfaces/lib/python3.12/site-packages/mycobot_interfaces/msg/_mycobot_gripper_status.py
[39.819s] -- Up-to-date: /home/meta/Documents/robotics_workspace_new/install/mycobot_interfaces/lib/python3.12/site-packages/mycobot_interfaces/msg/_mycobot_gripper_status_s.c
[39.820s] -- Up-to-date: /home/meta/Documents/robotics_workspace_new/install/mycobot_interfaces/lib/python3.12/site-packages/mycobot_interfaces/msg/_mycobot_coords_s.c
[39.820s] -- Up-to-date: /home/meta/Documents/robotics_workspace_new/install/mycobot_interfaces/lib/python3.12/site-packages/mycobot_interfaces/msg/_mycobot_set_angles.py
[39.821s] -- Up-to-date: /home/meta/Documents/robotics_workspace_new/install/mycobot_interfaces/lib/python3.12/site-packages/mycobot_interfaces/msg/_mycobot_pump_status_s.c
[39.822s] -- Up-to-date: /home/meta/Documents/robotics_workspace_new/install/mycobot_interfaces/lib/python3.12/site-packages/mycobot_interfaces/msg/_mycobot_set_coords.py
[39.823s] -- Up-to-date: /home/meta/Documents/robotics_workspace_new/install/mycobot_interfaces/lib/python3.12/site-packages/mycobot_interfaces/msg/_mycobot_pump_status.py
[39.824s] -- Up-to-date: /home/meta/Documents/robotics_workspace_new/install/mycobot_interfaces/lib/python3.12/site-packages/mycobot_interfaces/msg/__init__.py
[39.824s] -- Up-to-date: /home/meta/Documents/robotics_workspace_new/install/mycobot_interfaces/lib/python3.12/site-packages/mycobot_interfaces/msg/_mycobot_angles.py
[39.825s] -- Up-to-date: /home/meta/Documents/robotics_workspace_new/install/mycobot_interfaces/lib/python3.12/site-packages/mycobot_interfaces/mycobot_interfaces_s__rosidl_typesupport_c.so
[39.825s] -- Installing: /home/meta/Documents/robotics_workspace_new/install/mycobot_interfaces/lib/python3.12/site-packages/mycobot_interfaces/__init__.py
[39.826s] -- Up-to-date: /home/meta/Documents/robotics_workspace_new/install/mycobot_interfaces/lib/python3.12/site-packages/mycobot_interfaces/_mycobot_interfaces_s.ep.rosidl_typesupport_c.c
[39.826s] -- Up-to-date: /home/meta/Documents/robotics_workspace_new/install/mycobot_interfaces/lib/python3.12/site-packages/mycobot_interfaces/mycobot_interfaces_s__rosidl_typesupport_introspection_c.so
[39.826s] -- Up-to-date: /home/meta/Documents/robotics_workspace_new/install/mycobot_interfaces/lib/python3.12/site-packages/mycobot_interfaces/_mycobot_interfaces_s.ep.rosidl_typesupport_fastrtps_c.c
[40.213s] Listing '/home/meta/Documents/robotics_workspace_new/install/mycobot_interfaces/lib/python3.12/site-packages/mycobot_interfaces'...
[40.213s] Compiling '/home/meta/Documents/robotics_workspace_new/install/mycobot_interfaces/lib/python3.12/site-packages/mycobot_interfaces/__init__.py'...
[40.213s] Listing '/home/meta/Documents/robotics_workspace_new/install/mycobot_interfaces/lib/python3.12/site-packages/mycobot_interfaces/msg'...
[40.214s] Listing '/home/meta/Documents/robotics_workspace_new/install/mycobot_interfaces/lib/python3.12/site-packages/mycobot_interfaces/srv'...
[40.232s] -- Up-to-date: /home/meta/Documents/robotics_workspace_new/install/mycobot_interfaces/lib/python3.12/site-packages/mycobot_interfaces/mycobot_interfaces_s__rosidl_typesupport_fastrtps_c.so
[40.232s] -- Up-to-date: /home/meta/Documents/robotics_workspace_new/install/mycobot_interfaces/lib/python3.12/site-packages/mycobot_interfaces/mycobot_interfaces_s__rosidl_typesupport_introspection_c.so
[40.234s] -- Up-to-date: /home/meta/Documents/robotics_workspace_new/install/mycobot_interfaces/lib/python3.12/site-packages/mycobot_interfaces/mycobot_interfaces_s__rosidl_typesupport_c.so
[40.234s] -- Up-to-date: /home/meta/Documents/robotics_workspace_new/install/mycobot_interfaces/lib/libmycobot_interfaces__rosidl_generator_py.so
[40.236s] -- Up-to-date: /home/meta/Documents/robotics_workspace_new/install/mycobot_interfaces/share/mycobot_interfaces/msg/MycobotAngles.idl
[40.236s] -- Up-to-date: /home/meta/Documents/robotics_workspace_new/install/mycobot_interfaces/share/mycobot_interfaces/msg/MycobotCoords.idl
[40.237s] -- Up-to-date: /home/meta/Documents/robotics_workspace_new/install/mycobot_interfaces/share/mycobot_interfaces/msg/MycobotSetAngles.idl
[40.237s] -- Up-to-date: /home/meta/Documents/robotics_workspace_new/install/mycobot_interfaces/share/mycobot_interfaces/msg/MycobotSetCoords.idl
[40.241s] -- Up-to-date: /home/meta/Documents/robotics_workspace_new/install/mycobot_interfaces/share/mycobot_interfaces/msg/MycobotGripperStatus.idl
[40.242s] -- Up-to-date: /home/meta/Documents/robotics_workspace_new/install/mycobot_interfaces/share/mycobot_interfaces/msg/MycobotPumpStatus.idl
[40.242s] -- Up-to-date: /home/meta/Documents/robotics_workspace_new/install/mycobot_interfaces/share/mycobot_interfaces/srv/GetAngles.idl
[40.243s] -- Up-to-date: /home/meta/Documents/robotics_workspace_new/install/mycobot_interfaces/share/mycobot_interfaces/srv/SetAngles.idl
[40.243s] -- Up-to-date: /home/meta/Documents/robotics_workspace_new/install/mycobot_interfaces/share/mycobot_interfaces/srv/GetCoords.idl
[40.243s] -- Up-to-date: /home/meta/Documents/robotics_workspace_new/install/mycobot_interfaces/share/mycobot_interfaces/srv/SetCoords.idl
[40.243s] -- Up-to-date: /home/meta/Documents/robotics_workspace_new/install/mycobot_interfaces/share/mycobot_interfaces/srv/GripperStatus.idl
[40.245s] -- Up-to-date: /home/meta/Documents/robotics_workspace_new/install/mycobot_interfaces/share/mycobot_interfaces/srv/PumpStatus.idl
[40.245s] -- Up-to-date: /home/meta/Documents/robotics_workspace_new/install/mycobot_interfaces/share/mycobot_interfaces/msg/MycobotAngles.msg
[40.245s] -- Up-to-date: /home/meta/Documents/robotics_workspace_new/install/mycobot_interfaces/share/mycobot_interfaces/msg/MycobotCoords.msg
[40.246s] -- Up-to-date: /home/meta/Documents/robotics_workspace_new/install/mycobot_interfaces/share/mycobot_interfaces/msg/MycobotSetAngles.msg
[40.249s] -- Up-to-date: /home/meta/Documents/robotics_workspace_new/install/mycobot_interfaces/share/mycobot_interfaces/msg/MycobotSetCoords.msg
[40.249s] -- Up-to-date: /home/meta/Documents/robotics_workspace_new/install/mycobot_interfaces/share/mycobot_interfaces/msg/MycobotGripperStatus.msg
[40.249s] -- Up-to-date: /home/meta/Documents/robotics_workspace_new/install/mycobot_interfaces/share/mycobot_interfaces/msg/MycobotPumpStatus.msg
[40.250s] -- Up-to-date: /home/meta/Documents/robotics_workspace_new/install/mycobot_interfaces/share/mycobot_interfaces/srv/GetAngles.srv
[40.251s] -- Up-to-date: /home/meta/Documents/robotics_workspace_new/install/mycobot_interfaces/share/mycobot_interfaces/srv/SetAngles.srv
[40.253s] -- Up-to-date: /home/meta/Documents/robotics_workspace_new/install/mycobot_interfaces/share/mycobot_interfaces/srv/GetCoords.srv
[40.253s] -- Up-to-date: /home/meta/Documents/robotics_workspace_new/install/mycobot_interfaces/share/mycobot_interfaces/srv/SetCoords.srv
[40.254s] -- Up-to-date: /home/meta/Documents/robotics_workspace_new/install/mycobot_interfaces/share/mycobot_interfaces/srv/GripperStatus.srv
[40.257s] -- Up-to-date: /home/meta/Documents/robotics_workspace_new/install/mycobot_interfaces/share/mycobot_interfaces/srv/PumpStatus.srv
[40.260s] -- Up-to-date: /home/meta/Documents/robotics_workspace_new/install/mycobot_interfaces/share/ament_index/resource_index/package_run_dependencies/mycobot_interfaces
[40.261s] -- Installing: /home/meta/Documents/robotics_workspace_new/install/mycobot_interfaces/share/ament_index/resource_index/parent_prefix_path/mycobot_interfaces
[40.261s] -- Up-to-date: /home/meta/Documents/robotics_workspace_new/install/mycobot_interfaces/share/mycobot_interfaces/environment/ament_prefix_path.sh
[40.262s] -- Up-to-date: /home/meta/Documents/robotics_workspace_new/install/mycobot_interfaces/share/mycobot_interfaces/environment/ament_prefix_path.dsv
[40.262s] -- Up-to-date: /home/meta/Documents/robotics_workspace_new/install/mycobot_interfaces/share/mycobot_interfaces/environment/path.sh
[40.262s] -- Up-to-date: /home/meta/Documents/robotics_workspace_new/install/mycobot_interfaces/share/mycobot_interfaces/environment/path.dsv
[40.262s] -- Up-to-date: /home/meta/Documents/robotics_workspace_new/install/mycobot_interfaces/share/mycobot_interfaces/local_setup.bash
[40.263s] -- Up-to-date: /home/meta/Documents/robotics_workspace_new/install/mycobot_interfaces/share/mycobot_interfaces/local_setup.sh
[40.265s] -- Up-to-date: /home/meta/Documents/robotics_workspace_new/install/mycobot_interfaces/share/mycobot_interfaces/local_setup.zsh
[40.271s] -- Up-to-date: /home/meta/Documents/robotics_workspace_new/install/mycobot_interfaces/share/mycobot_interfaces/local_setup.dsv
[40.272s] -- Installing: /home/meta/Documents/robotics_workspace_new/install/mycobot_interfaces/share/mycobot_interfaces/package.dsv
[40.273s] -- Up-to-date: /home/meta/Documents/robotics_workspace_new/install/mycobot_interfaces/share/ament_index/resource_index/packages/mycobot_interfaces
[40.279s] -- Up-to-date: /home/meta/Documents/robotics_workspace_new/install/mycobot_interfaces/share/mycobot_interfaces/cmake/export_mycobot_interfaces__rosidl_generator_cExport.cmake
[40.279s] -- Up-to-date: /home/meta/Documents/robotics_workspace_new/install/mycobot_interfaces/share/mycobot_interfaces/cmake/export_mycobot_interfaces__rosidl_generator_cExport-noconfig.cmake
[40.279s] -- Up-to-date: /home/meta/Documents/robotics_workspace_new/install/mycobot_interfaces/share/mycobot_interfaces/cmake/export_mycobot_interfaces__rosidl_typesupport_fastrtps_cExport.cmake
[40.280s] -- Up-to-date: /home/meta/Documents/robotics_workspace_new/install/mycobot_interfaces/share/mycobot_interfaces/cmake/export_mycobot_interfaces__rosidl_typesupport_fastrtps_cExport-noconfig.cmake
[40.282s] -- Up-to-date: /home/meta/Documents/robotics_workspace_new/install/mycobot_interfaces/share/mycobot_interfaces/cmake/mycobot_interfaces__rosidl_typesupport_introspection_cExport.cmake
[40.282s] -- Up-to-date: /home/meta/Documents/robotics_workspace_new/install/mycobot_interfaces/share/mycobot_interfaces/cmake/mycobot_interfaces__rosidl_typesupport_introspection_cExport-noconfig.cmake
[40.283s] -- Up-to-date: /home/meta/Documents/robotics_workspace_new/install/mycobot_interfaces/share/mycobot_interfaces/cmake/mycobot_interfaces__rosidl_typesupport_cExport.cmake
[40.283s] -- Up-to-date: /home/meta/Documents/robotics_workspace_new/install/mycobot_interfaces/share/mycobot_interfaces/cmake/mycobot_interfaces__rosidl_typesupport_cExport-noconfig.cmake
[40.283s] -- Up-to-date: /home/meta/Documents/robotics_workspace_new/install/mycobot_interfaces/share/mycobot_interfaces/cmake/export_mycobot_interfaces__rosidl_generator_cppExport.cmake
[40.283s] -- Up-to-date: /home/meta/Documents/robotics_workspace_new/install/mycobot_interfaces/share/mycobot_interfaces/cmake/export_mycobot_interfaces__rosidl_typesupport_fastrtps_cppExport.cmake
[40.284s] -- Up-to-date: /home/meta/Documents/robotics_workspace_new/install/mycobot_interfaces/share/mycobot_interfaces/cmake/export_mycobot_interfaces__rosidl_typesupport_fastrtps_cppExport-noconfig.cmake
[40.287s] -- Up-to-date: /home/meta/Documents/robotics_workspace_new/install/mycobot_interfaces/share/mycobot_interfaces/cmake/mycobot_interfaces__rosidl_typesupport_introspection_cppExport.cmake
[40.295s] -- Up-to-date: /home/meta/Documents/robotics_workspace_new/install/mycobot_interfaces/share/mycobot_interfaces/cmake/mycobot_interfaces__rosidl_typesupport_introspection_cppExport-noconfig.cmake
[40.297s] -- Up-to-date: /home/meta/Documents/robotics_workspace_new/install/mycobot_interfaces/share/mycobot_interfaces/cmake/mycobot_interfaces__rosidl_typesupport_cppExport.cmake
[40.312s] -- Up-to-date: /home/meta/Documents/robotics_workspace_new/install/mycobot_interfaces/share/mycobot_interfaces/cmake/mycobot_interfaces__rosidl_typesupport_cppExport-noconfig.cmake
[40.315s] -- Up-to-date: /home/meta/Documents/robotics_workspace_new/install/mycobot_interfaces/share/mycobot_interfaces/cmake/export_mycobot_interfaces__rosidl_generator_pyExport.cmake
[40.316s] -- Up-to-date: /home/meta/Documents/robotics_workspace_new/install/mycobot_interfaces/share/mycobot_interfaces/cmake/export_mycobot_interfaces__rosidl_generator_pyExport-noconfig.cmake
[40.321s] -- Up-to-date: /home/meta/Documents/robotics_workspace_new/install/mycobot_interfaces/share/mycobot_interfaces/cmake/rosidl_cmake-extras.cmake
[40.322s] -- Up-to-date: /home/meta/Documents/robotics_workspace_new/install/mycobot_interfaces/share/mycobot_interfaces/cmake/ament_cmake_export_dependencies-extras.cmake
[40.322s] -- Up-to-date: /home/meta/Documents/robotics_workspace_new/install/mycobot_interfaces/share/mycobot_interfaces/cmake/ament_cmake_export_include_directories-extras.cmake
[40.322s] -- Up-to-date: /home/meta/Documents/robotics_workspace_new/install/mycobot_interfaces/share/mycobot_interfaces/cmake/ament_cmake_export_libraries-extras.cmake
[40.322s] -- Up-to-date: /home/meta/Documents/robotics_workspace_new/install/mycobot_interfaces/share/mycobot_interfaces/cmake/ament_cmake_export_targets-extras.cmake
[40.323s] -- Up-to-date: /home/meta/Documents/robotics_workspace_new/install/mycobot_interfaces/share/mycobot_interfaces/cmake/rosidl_cmake_export_typesupport_targets-extras.cmake
[40.323s] -- Up-to-date: /home/meta/Documents/robotics_workspace_new/install/mycobot_interfaces/share/mycobot_interfaces/cmake/rosidl_cmake_export_typesupport_libraries-extras.cmake
[40.323s] -- Up-to-date: /home/meta/Documents/robotics_workspace_new/install/mycobot_interfaces/share/mycobot_interfaces/cmake/mycobot_interfacesConfig.cmake
[40.323s] -- Up-to-date: /home/meta/Documents/robotics_workspace_new/install/mycobot_interfaces/share/mycobot_interfaces/cmake/mycobot_interfacesConfig-version.cmake
[40.324s] -- Up-to-date: /home/meta/Documents/robotics_workspace_new/install/mycobot_interfaces/share/mycobot_interfaces/package.xml
[40.345s] Invoked command in '/home/meta/Documents/robotics_workspace_new/build/mycobot_interfaces' returned '0': CMAKE_PREFIX_PATH=${CMAKE_PREFIX_PATH}:/home/meta/Documents/robotics_workspace_new/install/mycobot_280_pi_motus:/home/meta/Documents/robotics_workspace_new/install/ur5e_test_motus:/home/meta/Documents/robotics_workspace_new/install/ultraarm:/home/meta/Documents/robotics_workspace_new/install/mycobot_pi_motus:/home/meta/Documents/robotics_workspace_new/install/robokpy_controller:/home/meta/Documents/robotics_workspace_new/install/robokpy:/home/meta/Documents/robotics_workspace_new/install/pro450_moveit2_control:/home/meta/Documents/robotics_workspace_new/install/mypalletizer_communication:/home/meta/Documents/robotics_workspace_new/install/mypalletizer_260_pi:/home/meta/Documents/robotics_workspace_new/install/mypalletizer_260:/home/meta/Documents/robotics_workspace_new/install/mycobot_pro_450:/home/meta/Documents/robotics_workspace_new/install/myarm_m750:/home/meta/Documents/robotics_workspace_new/install/myarm_c650:/home/meta/Documents/robotics_workspace_new/install/mycobot_communication:/home/meta/Documents/robotics_workspace_new/install/mecharm_communication:/home/meta/Documents/robotics_workspace_new/install/mycobot_630:/home/meta/Documents/robotics_workspace_new/install/mycobot_600:/home/meta/Documents/robotics_workspace_new/install/mycobot_320pi:/home/meta/Documents/robotics_workspace_new/install/mycobot_320_riscv:/home/meta/Documents/robotics_workspace_new/install/mycobot_320:/home/meta/Documents/robotics_workspace_new/install/mycobot_280pi:/home/meta/Documents/robotics_workspace_new/install/mycobot_280jn:/home/meta/Documents/robotics_workspace_new/install/mycobot_280_x3pi:/home/meta/Documents/robotics_workspace_new/install/mycobot_280_riscv:/home/meta/Documents/robotics_workspace_new/install/mycobot_280_rdkx5:/home/meta/Documents/robotics_workspace_new/install/mycobot_280_moveit2_control:/home/meta/Documents/robotics_workspace_new/install/mycobot_280_arduino:/home/meta/Documents/robotics_workspace_new/install/mycobot_280:/home/meta/Documents/robotics_workspace_new/install/mybuddy:/home/meta/Documents/robotics_workspace_new/install/myarm_300:/home/meta/Documents/robotics_workspace_new/install/mecharm_pi:/home/meta/Documents/robotics_workspace_new/install/mecharm:/home/meta/Documents/robotics_workspace_new/install/mycobot_description:/home/meta/Documents/robotics_workspace_new/mycobot_pi/install/mycobot_pi_motus:/opt/ros/jazzy DEBUGINFOD_URLS=https://debuginfod.ubuntu.com /bin/cmake --install /home/meta/Documents/robotics_workspace_new/build/mycobot_interfaces
