[7.645s] Invoking command in '/home/meta/Documents/robotics_workspace_new/src/robokpy': DEBUGINFOD_URLS=https://debuginfod.ubuntu.com PYTHONPATH=/home/meta/Documents/robotics_workspace_new/build/robokpy/prefix_override:/usr/lib/python3/dist-packages/colcon_core/task/python/colcon_distutils_commands:/home/meta/Documents/robotics_workspace_new/install/robokpy/lib/python3.12/site-packages:${PYTHONPATH} /usr/bin/python3 -W ignore:setup.py install is deprecated setup.py egg_info --egg-base ../../build/robokpy build --build-base /home/meta/Documents/robotics_workspace_new/build/robokpy/build install --record /home/meta/Documents/robotics_workspace_new/build/robokpy/install.log --single-version-externally-managed install_data
[10.009s] running egg_info
[10.285s] writing ../../build/robokpy/robokpy.egg-info/PKG-INFO
[10.285s] writing dependency_links to ../../build/robokpy/robokpy.egg-info/dependency_links.txt
[10.288s] writing requirements to ../../build/robokpy/robokpy.egg-info/requires.txt
[10.300s] writing top-level names to ../../build/robokpy/robokpy.egg-info/top_level.txt
[10.702s] reading manifest file '../../build/robokpy/robokpy.egg-info/SOURCES.txt'
[10.709s] writing manifest file '../../build/robokpy/robokpy.egg-info/SOURCES.txt'
[10.710s] running build
[10.711s] running build_py
[10.711s] copying robokpy/pipeline.py -> /home/meta/Documents/robotics_workspace_new/build/robokpy/build/lib/robokpy
[10.718s] running install
[10.744s] running install_lib
[10.935s] copying /home/meta/Documents/robotics_workspace_new/build/robokpy/build/lib/robokpy/pipeline.py -> /home/meta/Documents/robotics_workspace_new/install/robokpy/lib/python3.12/site-packages/robokpy
[10.936s] byte-compiling /home/meta/Documents/robotics_workspace_new/install/robokpy/lib/python3.12/site-packages/robokpy/pipeline.py to pipeline.cpython-312.pyc
[10.947s] running install_data
[10.948s] running install_egg_info
[11.162s] removing '/home/meta/Documents/robotics_workspace_new/install/robokpy/lib/python3.12/site-packages/robokpy-0.0.0-py3.12.egg-info' (and everything under it)
[11.169s] Copying ../../build/robokpy/robokpy.egg-info to /home/meta/Documents/robotics_workspace_new/install/robokpy/lib/python3.12/site-packages/robokpy-0.0.0-py3.12.egg-info
[11.171s] running install_scripts
[12.287s] writing list of installed files to '/home/meta/Documents/robotics_workspace_new/build/robokpy/install.log'
[12.502s] Invoked command in '/home/meta/Documents/robotics_workspace_new/src/robokpy' returned '0': DEBUGINFOD_URLS=https://debuginfod.ubuntu.com PYTHONPATH=/home/meta/Documents/robotics_workspace_new/build/robokpy/prefix_override:/usr/lib/python3/dist-packages/colcon_core/task/python/colcon_distutils_commands:/home/meta/Documents/robotics_workspace_new/install/robokpy/lib/python3.12/site-packages:${PYTHONPATH} /usr/bin/python3 -W ignore:setup.py install is deprecated setup.py egg_info --egg-base ../../build/robokpy build --build-base /home/meta/Documents/robotics_workspace_new/build/robokpy/build install --record /home/meta/Documents/robotics_workspace_new/build/robokpy/install.log --single-version-externally-managed install_data
